Archive member included to satisfy reference by file (symbol)

c:/nxp/mcuxpressoide_11.5.0_7232/ide/plugins/com.nxp.mcuxpresso.tools.win32_11.5.0.202107051138/tools/bin/../lib/gcc/arm-none-eabi/10.3.1/../../../../arm-none-eabi/lib/thumb/v7e-m+fp/hard\libcr_nohost_nf.a(_cr__main.o)
                              ./startup/startup_mk64f12.o (__main)
c:/nxp/mcuxpressoide_11.5.0_7232/ide/plugins/com.nxp.mcuxpresso.tools.win32_11.5.0.202107051138/tools/bin/../lib/gcc/arm-none-eabi/10.3.1/../../../../arm-none-eabi/lib/thumb/v7e-m+fp/hard\libcr_c.a(memcpy.o)
                              ./utilities/fsl_debug_console.o (memcpy)
c:/nxp/mcuxpressoide_11.5.0_7232/ide/plugins/com.nxp.mcuxpresso.tools.win32_11.5.0.202107051138/tools/bin/../lib/gcc/arm-none-eabi/10.3.1/../../../../arm-none-eabi/lib/thumb/v7e-m+fp/hard\libcr_c.a(memset.o)
                              ./drivers/fsl_dspi.o (memset)
c:/nxp/mcuxpressoide_11.5.0_7232/ide/plugins/com.nxp.mcuxpresso.tools.win32_11.5.0.202107051138/tools/bin/../lib/gcc/arm-none-eabi/10.3.1/../../../../arm-none-eabi/lib/thumb/v7e-m+fp/hard\libcr_c.a(alloc.o)
                              ./drivers/fsl_common.o (malloc)
c:/nxp/mcuxpressoide_11.5.0_7232/ide/plugins/com.nxp.mcuxpresso.tools.win32_11.5.0.202107051138/tools/bin/../lib/gcc/arm-none-eabi/10.3.1/../../../../arm-none-eabi/lib/thumb/v7e-m+fp/hard\libcr_c.a(initio.o)
                              c:/nxp/mcuxpressoide_11.5.0_7232/ide/plugins/com.nxp.mcuxpresso.tools.win32_11.5.0.202107051138/tools/bin/../lib/gcc/arm-none-eabi/10.3.1/../../../../arm-none-eabi/lib/thumb/v7e-m+fp/hard\libcr_nohost_nf.a(_cr__main.o) (_initio)
c:/nxp/mcuxpressoide_11.5.0_7232/ide/plugins/com.nxp.mcuxpresso.tools.win32_11.5.0.202107051138/tools/bin/../lib/gcc/arm-none-eabi/10.3.1/../../../../arm-none-eabi/lib/thumb/v7e-m+fp/hard\libcr_c.a(setvbuf.o)
                              c:/nxp/mcuxpressoide_11.5.0_7232/ide/plugins/com.nxp.mcuxpresso.tools.win32_11.5.0.202107051138/tools/bin/../lib/gcc/arm-none-eabi/10.3.1/../../../../arm-none-eabi/lib/thumb/v7e-m+fp/hard\libcr_c.a(initio.o) (setvbuf)
c:/nxp/mcuxpressoide_11.5.0_7232/ide/plugins/com.nxp.mcuxpresso.tools.win32_11.5.0.202107051138/tools/bin/../lib/gcc/arm-none-eabi/10.3.1/../../../../arm-none-eabi/lib/thumb/v7e-m+fp/hard\libcr_c.a(strlen.o)
                              ./utilities/fsl_debug_console.o (strlen)
c:/nxp/mcuxpressoide_11.5.0_7232/ide/plugins/com.nxp.mcuxpresso.tools.win32_11.5.0.202107051138/tools/bin/../lib/gcc/arm-none-eabi/10.3.1/../../../../arm-none-eabi/lib/thumb/v7e-m+fp/hard\libcr_c.a(__init_alloc.o)
                              c:/nxp/mcuxpressoide_11.5.0_7232/ide/plugins/com.nxp.mcuxpresso.tools.win32_11.5.0.202107051138/tools/bin/../lib/gcc/arm-none-eabi/10.3.1/../../../../arm-none-eabi/lib/thumb/v7e-m+fp/hard\libcr_c.a(alloc.o) (__heaps)
c:/nxp/mcuxpressoide_11.5.0_7232/ide/plugins/com.nxp.mcuxpresso.tools.win32_11.5.0.202107051138/tools/bin/../lib/gcc/arm-none-eabi/10.3.1/../../../../arm-none-eabi/lib/thumb/v7e-m+fp/hard\libcr_c.a(_cr_sbrk.o)
                              c:/nxp/mcuxpressoide_11.5.0_7232/ide/plugins/com.nxp.mcuxpresso.tools.win32_11.5.0.202107051138/tools/bin/../lib/gcc/arm-none-eabi/10.3.1/../../../../arm-none-eabi/lib/thumb/v7e-m+fp/hard\libcr_c.a(alloc.o) (_sbrk)
c:/nxp/mcuxpressoide_11.5.0_7232/ide/plugins/com.nxp.mcuxpresso.tools.win32_11.5.0.202107051138/tools/bin/../lib/gcc/arm-none-eabi/10.3.1/../../../../arm-none-eabi/lib/thumb/v7e-m+fp/hard\libcr_c.a(_fdopen.o)
                              c:/nxp/mcuxpressoide_11.5.0_7232/ide/plugins/com.nxp.mcuxpresso.tools.win32_11.5.0.202107051138/tools/bin/../lib/gcc/arm-none-eabi/10.3.1/../../../../arm-none-eabi/lib/thumb/v7e-m+fp/hard\libcr_c.a(initio.o) (_fdopen)
c:/nxp/mcuxpressoide_11.5.0_7232/ide/plugins/com.nxp.mcuxpresso.tools.win32_11.5.0.202107051138/tools/bin/../lib/gcc/arm-none-eabi/10.3.1/../../../../arm-none-eabi/lib/thumb/v7e-m+fp/hard\libcr_c.a(errno.o)
                              c:/nxp/mcuxpressoide_11.5.0_7232/ide/plugins/com.nxp.mcuxpresso.tools.win32_11.5.0.202107051138/tools/bin/../lib/gcc/arm-none-eabi/10.3.1/../../../../arm-none-eabi/lib/thumb/v7e-m+fp/hard\libcr_c.a(_cr_sbrk.o) (errno)
c:/nxp/mcuxpressoide_11.5.0_7232/ide/plugins/com.nxp.mcuxpresso.tools.win32_11.5.0.202107051138/tools/bin/../lib/gcc/arm-none-eabi/10.3.1/../../../../arm-none-eabi/lib/thumb/v7e-m+fp/hard\libcr_c.a(fclose.o)
                              c:/nxp/mcuxpressoide_11.5.0_7232/ide/plugins/com.nxp.mcuxpresso.tools.win32_11.5.0.202107051138/tools/bin/../lib/gcc/arm-none-eabi/10.3.1/../../../../arm-none-eabi/lib/thumb/v7e-m+fp/hard\libcr_c.a(initio.o) (fclose)
c:/nxp/mcuxpressoide_11.5.0_7232/ide/plugins/com.nxp.mcuxpresso.tools.win32_11.5.0.202107051138/tools/bin/../lib/gcc/arm-none-eabi/10.3.1/../../../../arm-none-eabi/lib/thumb/v7e-m+fp/hard\libcr_c.a(fflush.o)
[...]
Memory Configuration

Name             Origin             Length             Attributes
PROGRAM_FLASH    0x00000000         0x00100000         xr
SRAM_UPPER       0x20000000         0x00030000         xrw
SRAM_LOWER       0x1fff0000         0x00010000         xrw
FLEX_RAM         0x14000000         0x00001000         xrw
*default*        0x00000000         0xffffffff

Linker script and memory map

LOAD ./utilities/fsl_assert.o
LOAD ./utilities/fsl_debug_console.o
LOAD ./startup/startup_mk64f12.o
LOAD ./source/dspi_polling_b2b_transfer_master.o
LOAD ./source/semihost_hardfault.o
LOAD ./drivers/fsl_clock.o
LOAD ./drivers/fsl_common.o
LOAD ./drivers/fsl_common_arm.o
LOAD ./drivers/fsl_dspi.o
LOAD ./drivers/fsl_ftfx_cache.o
LOAD ./drivers/fsl_ftfx_controller.o
LOAD ./drivers/fsl_ftfx_flash.o
LOAD ./drivers/fsl_ftfx_flexnvm.o
LOAD ./drivers/fsl_gpio.o
LOAD ./drivers/fsl_smc.o
LOAD ./drivers/fsl_uart.o
LOAD ./device/system_MK64F12.o
LOAD ./component/uart/fsl_adapter_uart.o
LOAD ./component/lists/fsl_component_generic_list.o
LOAD ./board/board.o
LOAD ./board/clock_config.o
LOAD ./board/pin_mux.o
START GROUP
LOAD c:/nxp/mcuxpressoide_11.5.0_7232/ide/plugins/com.nxp.mcuxpresso.tools.win32_11.5.0.202107051138/tools/bin/../lib/gcc/arm-none-eabi/10.3.1/../../../../arm-none-eabi/lib/thumb/v7e-m+fp/hard\libcr_nohost_nf.a
LOAD c:/nxp/mcuxpressoide_11.5.0_7232/ide/plugins/com.nxp.mcuxpresso.tools.win32_11.5.0.202107051138/tools/bin/../lib/gcc/arm-none-eabi/10.3.1/../../../../arm-none-eabi/lib/thumb/v7e-m+fp/hard\libcr_c.a
LOAD c:/nxp/mcuxpressoide_11.5.0_7232/ide/plugins/com.nxp.mcuxpresso.tools.win32_11.5.0.202107051138/tools/bin/../lib/gcc/arm-none-eabi/10.3.1/thumb/v7e-m+fp/hard\libcr_eabihelpers.a
LOAD c:/nxp/mcuxpressoide_11.5.0_7232/ide/plugins/com.nxp.mcuxpresso.tools.win32_11.5.0.202107051138/tools/bin/../lib/gcc/arm-none-eabi/10.3.1/thumb/v7e-m+fp/hard\libgcc.a
END GROUP
                0x00000000                __base_PROGRAM_FLASH = 0x0
                0x00000000                __base_Flash = 0x0
                0x00100000                __top_PROGRAM_FLASH = 0x100000
                0x00100000                __top_Flash = 0x100000
                0x20000000                __base_SRAM_UPPER = 0x20000000
                0x20000000                __base_RAM = 0x20000000
                0x20030000                __top_SRAM_UPPER = 0x20030000
                0x20030000                __top_RAM = 0x20030000
                0x1fff0000                __base_SRAM_LOWER = 0x1fff0000
                0x1fff0000                __base_RAM2 = 0x1fff0000
                0x20000000                __top_SRAM_LOWER = 0x20000000
                0x20000000                __top_RAM2 = 0x20000000
                0x14000000                __base_FLEX_RAM = 0x14000000
                0x14000000                __base_RAM3 = 0x14000000
                0x14001000                __top_FLEX_RAM = 0x14001000
                0x14001000                __top_RAM3 = 0x14001000

.text           0x00000000     0x47b8
 FILL mask 0xff
                0x00000000                __vectors_start__ = ABSOLUTE (.)
 *(SORT_BY_ALIGNMENT(.isr_vector))
 .isr_vector    0x00000000      0x198 ./startup/startup_mk64f12.o
                0x00000000                g_pfnVectors
                0x00000000                __Vectors
                0x00000198                . = ALIGN (0x4)
                0x00000198                __section_table_start = .
                0x00000198                __data_section_table = .
                0x00000198        0x4 LONG 0x47b8 LOADADDR (.data)
                0x0000019c        0x4 LONG 0x20000000 ADDR (.data)
                0x000001a0        0x4 LONG 0x1dd0 SIZEOF (.data)
                0x000001a4        0x4 LONG 0x47b8 LOADADDR (.data_RAM2)
                0x000001a8        0x4 LONG 0x1fff0000 ADDR (.data_RAM2)
                0x000001ac        0x4 LONG 0x0 SIZEOF (.data_RAM2)
                0x000001b0        0x4 LONG 0x47b8 LOADADDR (.data_RAM3)
                0x000001b4        0x4 LONG 0x14000000 ADDR (.data_RAM3)
                0x000001b8        0x4 LONG 0x0 SIZEOF (.data_RAM3)
                0x000001bc                __data_section_table_end = .
                0x000001bc                __bss_section_table = .
                0x000001bc        0x4 LONG 0x20001dd0 ADDR (.bss)
                0x000001c0        0x4 LONG 0x208 SIZEOF (.bss)
                0x000001c4        0x4 LONG 0x1fff0000 ADDR (.bss_RAM2)
                0x000001c8        0x4 LONG 0x0 SIZEOF (.bss_RAM2)
                0x000001cc        0x4 LONG 0x14000000 ADDR (.bss_RAM3)
                0x000001d0        0x4 LONG 0x0 SIZEOF (.bss_RAM3)
                0x000001d4                __bss_section_table_end = .
                0x000001d4                __section_table_end = .
 *(SORT_BY_ALIGNMENT(.after_vectors*))
 .after_vectors.reset
                0x000001d4       0x4c ./startup/startup_mk64f12.o
                0x000001d4                ResetISR
 .after_vectors.init_data
                0x00000220       0x1e ./startup/startup_mk64f12.o
                0x00000220                data_init
 .after_vectors.init_bss
                0x0000023e       0x12 ./startup/startup_mk64f12.o
                0x0000023e                bss_init
 .after_vectors
                0x00000250       0x14 ./startup/startup_mk64f12.o
                0x00000250                NMI_Handler
                0x00000254                MemManage_Handler
                0x00000256                BusFault_Handler
                0x00000258                UsageFault_Handler
                0x0000025a                SVC_Handler
                0x0000025c                DebugMon_Handler
                0x0000025e                PendSV_Handler
                0x00000262                DMA_Error_DriverIRQHandler
                0x00000262                FTM1_DriverIRQHandler
                0x00000262                FTM2_DriverIRQHandler
                0x00000262                PIT2_DriverIRQHandler
                0x00000262                SDHC_DriverIRQHandler
                0x00000262                I2S0_Tx_DriverIRQHandler
                0x00000262                RTC_Seconds_DriverIRQHandler
                0x00000262                DMA6_DriverIRQHandler
                0x00000262                LLWU_DriverIRQHandler
                0x00000262                MCM_DriverIRQHandler
                0x00000262                MCG_DriverIRQHandler
                0x00000262                ENET_1588_Timer_DriverIRQHandler
                0x00000262                I2C2_DriverIRQHandler
                0x00000262                DAC1_DriverIRQHandler
                0x00000262                LPTMR0_DriverIRQHandler
                0x00000262                CMP1_DriverIRQHandler
                0x00000262                FTM0_DriverIRQHandler
                0x00000262                IntDefaultHandler
                0x00000262                USB0_DriverIRQHandler
                0x00000262                UART5_ERR_DriverIRQHandler
                0x00000262                PORTC_DriverIRQHandler
                0x00000262                DMA11_DriverIRQHandler
                0x00000262                DAC0_DriverIRQHandler
                0x00000262                DMA10_DriverIRQHandler
                0x00000262                CMP2_DriverIRQHandler
                0x00000262                UART2_ERR_DriverIRQHandler
                0x00000262                LVD_LVW_DriverIRQHandler
                0x00000262                PIT0_DriverIRQHandler
                0x00000262                RNG_DriverIRQHandler
                0x00000262                DMA12_DriverIRQHandler
                0x00000262                DMA4_DriverIRQHandler
                0x00000262                USBDCD_DriverIRQHandler
                0x00000262                UART3_ERR_DriverIRQHandler
                0x00000262                DMA3_DriverIRQHandler
                0x00000262                DMA8_DriverIRQHandler
                0x00000262                DMA9_DriverIRQHandler
                0x00000262                UART0_ERR_DriverIRQHandler
                0x00000262                CMT_DriverIRQHandler
                0x00000262                Reserved71_DriverIRQHandler
                0x00000262                ADC1_DriverIRQHandler
                0x00000262                PORTA_DriverIRQHandler
                0x00000262                DMA14_DriverIRQHandler
                0x00000262                PIT3_DriverIRQHandler
                0x00000262                PIT1_DriverIRQHandler
                0x00000262                WDOG_EWM_DriverIRQHandler
                0x00000262                PDB0_DriverIRQHandler
                0x00000262                RTC_DriverIRQHandler
                0x00000262                I2S0_Rx_DriverIRQHandler
                0x00000262                Read_Collision_DriverIRQHandler
                0x00000262                SWI_DriverIRQHandler
                0x00000262                UART4_ERR_DriverIRQHandler
                0x00000262                PORTB_DriverIRQHandler
                0x00000262                UART0_LON_DriverIRQHandler
                0x00000262                DMA0_DriverIRQHandler
                0x00000262                DMA1_DriverIRQHandler
                0x00000262                I2C1_DriverIRQHandler
                0x00000262                ENET_Receive_DriverIRQHandler
                0x00000262                DMA13_DriverIRQHandler
                0x00000262                ENET_Error_DriverIRQHandler
                0x00000262                DMA15_DriverIRQHandler
                0x00000262                ADC0_DriverIRQHandler
                0x00000262                CMP0_DriverIRQHandler
                0x00000262                CAN0_DriverIRQHandler
                0x00000262                FTM3_DriverIRQHandler
                0x00000262                DMA5_DriverIRQHandler
                0x00000262                UART1_ERR_DriverIRQHandler
                0x00000262                DMA2_DriverIRQHandler
                0x00000262                ENET_Transmit_DriverIRQHandler
                0x00000262                PORTD_DriverIRQHandler
                0x00000262                PORTE_DriverIRQHandler
                0x00000262                FTFE_DriverIRQHandler
                0x00000262                I2C0_DriverIRQHandler
                0x00000262                DMA7_DriverIRQHandler
                0x00000400                . = 0x400
 *fill*         0x00000264      0x19c ff
                0x00000400                PROVIDE (__FLASH_CONFIG_START__ = .)
 *(SORT_BY_ALIGNMENT(.FlashConfig))
 .FlashConfig   0x00000400       0x10 ./startup/startup_mk64f12.o
                0x00000400                Flash_Config
                0x00000410                PROVIDE (__FLASH_CONFIG_END__ = .)
                0x00000001                ASSERT (! ((__FLASH_CONFIG_START__ == __FLASH_CONFIG_END__)), Linker Flash Config Support Enabled, but no .FlashConfig section provided within application)
 *(SORT_BY_ALIGNMENT(.text*))
 .text.__assertion_failed
                0x00000410       0x18 ./utilities/fsl_assert.o
                0x00000410                __assertion_failed
 .text.DbgConsole_Init
                0x00000428       0x74 ./utilities/fsl_debug_console.o
                0x00000428                DbgConsole_Init
 .text.DbgConsole_Vprintf
                0x0000049c       0x3c ./utilities/fsl_debug_console.o
                0x0000049c                DbgConsole_Vprintf
 .text.DbgConsole_Putchar
                0x000004d8       0x30 ./utilities/fsl_debug_console.o
                0x000004d8                DbgConsole_Putchar
 .text.DbgConsole_Getchar
                0x00000508       0x3c ./utilities/fsl_debug_console.o
                0x00000508                DbgConsole_Getchar
 .text.DbgConsole_PrintfFormattedData
                0x00000544      0x3e0 ./utilities/fsl_debug_console.o
 .text.__NVIC_SetPriority
                0x00000924       0x54 ./source/dspi_polling_b2b_transfer_master.o
 .text.SysTick_Config
                0x00000978       0x44 ./source/dspi_polling_b2b_transfer_master.o
 .text.SysTick_Handler
                0x000009bc       0x24 ./source/dspi_polling_b2b_transfer_master.o
                0x000009bc                SysTick_Handler
 .text.main     0x000009e0      0x1c8 ./source/dspi_polling_b2b_transfer_master.o
                0x000009e0                main
 .text.EINK_GPIO_PINS
                0x00000ba8       0x74 ./source/dspi_polling_b2b_transfer_master.o
                0x00000ba8                EINK_GPIO_PINS
 .text.EINK_SendCommand
                0x00000c1c       0x58 ./source/dspi_polling_b2b_transfer_master.o
 .text.EINK_SendData
                0x00000c74       0x58 ./source/dspi_polling_b2b_transfer_master.o
 .text.EINK_ReadBusy
                0x00000ccc       0x2c ./source/dspi_polling_b2b_transfer_master.o
                0x00000ccc                EINK_ReadBusy
 .text.EINK_Reset
                0x00000cf8       0x3c ./source/dspi_polling_b2b_transfer_master.o
 .text.EINK_Init
                0x00000d34       0x7c ./source/dspi_polling_b2b_transfer_master.o
                0x00000d34                EINK_Init
 .text.Delay_Config
                0x00000db0       0x2c ./source/dspi_polling_b2b_transfer_master.o
                0x00000db0                Delay_Config
 .text.delay_ms
                0x00000ddc       0x2c ./source/dspi_polling_b2b_transfer_master.o
                0x00000ddc                delay_ms
 .text.EINK_test
                0x00000e08       0x40 ./source/dspi_polling_b2b_transfer_master.o
                0x00000e08                EINK_test
 .text.CLOCK_SetEr32kClock
                0x00000e48       0x30 ./drivers/fsl_clock.o
 .text.CLOCK_SetPllFllSelClock
                0x00000e78       0x38 ./drivers/fsl_clock.o
 .text.CLOCK_GetMcgExtClkFreq
                0x00000eb0       0x7c ./drivers/fsl_clock.o
 .text.CLOCK_GetFllExtRefClkFreq
                0x00000f2c       0xb0 ./drivers/fsl_clock.o
 .text.CLOCK_GetInternalRefClkSelectFreq
                0x00000fdc       0x4c ./drivers/fsl_clock.o
 .text.CLOCK_GetFllRefClkFreq
                0x00001028       0x34 ./drivers/fsl_clock.o
 .text.CLOCK_GetOscRangeFromFreq
                0x0000105c       0x3c ./drivers/fsl_clock.o
 .text.CLOCK_GetOsc0ErClkFreq
                0x00001098       0x44 ./drivers/fsl_clock.o
                0x00001098                CLOCK_GetOsc0ErClkFreq
 .text.CLOCK_GetEr32kClkFreq
                0x000010dc       0x74 ./drivers/fsl_clock.o
                0x000010dc                CLOCK_GetEr32kClkFreq
 .text.CLOCK_GetPllFllSelClkFreq
                0x00001150       0x54 ./drivers/fsl_clock.o
                0x00001150                CLOCK_GetPllFllSelClkFreq
 .text.CLOCK_GetCoreSysClkFreq
                0x000011a4       0x28 ./drivers/fsl_clock.o
                0x000011a4                CLOCK_GetCoreSysClkFreq
 .text.CLOCK_GetFreq
                0x000011cc      0x140 ./drivers/fsl_clock.o
                0x000011cc                CLOCK_GetFreq
 .text.CLOCK_SetSimConfig
                0x0000130c       0x34 ./drivers/fsl_clock.o
                0x0000130c                CLOCK_SetSimConfig
 .text.CLOCK_GetOutClkFreq
                0x00001340       0x64 ./drivers/fsl_clock.o
                0x00001340                CLOCK_GetOutClkFreq
 .text.CLOCK_GetFllFreq
                0x000013a4       0x84 ./drivers/fsl_clock.o
                0x000013a4                CLOCK_GetFllFreq
 .text.CLOCK_GetInternalRefClkFreq
                0x00001428       0x30 ./drivers/fsl_clock.o
                0x00001428                CLOCK_GetInternalRefClkFreq
 .text.CLOCK_GetPll0Freq
                0x00001458       0x78 ./drivers/fsl_clock.o
                0x00001458                CLOCK_GetPll0Freq
 .text.CLOCK_SetExternalRefClkConfig
                0x000014d0       0x6c ./drivers/fsl_clock.o
                0x000014d0                CLOCK_SetExternalRefClkConfig
 .text.CLOCK_SetInternalRefClkConfig
                0x0000153c      0x104 ./drivers/fsl_clock.o
                0x0000153c                CLOCK_SetInternalRefClkConfig
 .text.CLOCK_EnablePll0
                0x00001640       0x88 ./drivers/fsl_clock.o
                0x00001640                CLOCK_EnablePll0
 .text.CLOCK_InitOsc0
                0x000016c8       0x8c ./drivers/fsl_clock.o
                0x000016c8                CLOCK_InitOsc0
 .text.CLOCK_SetPbeMode
                0x00001754       0xa8 ./drivers/fsl_clock.o
                0x00001754                CLOCK_SetPbeMode
 .text.CLOCK_BootToPeeMode
                0x000017fc       0x64 ./drivers/fsl_clock.o
                0x000017fc                CLOCK_BootToPeeMode
 .text.DSPI_GetInstance
                0x00001860       0x4c ./drivers/fsl_dspi.o
                0x00001860                DSPI_GetInstance
 .text.DSPI_GetDummyDataInstance
                0x000018ac       0x24 ./drivers/fsl_dspi.o
                0x000018ac                DSPI_GetDummyDataInstance
 .text.DSPI_SetDummyData
                0x000018d0       0x2c ./drivers/fsl_dspi.o
                0x000018d0                DSPI_SetDummyData
 .text.DSPI_MasterInit
                0x000018fc      0x16c ./drivers/fsl_dspi.o
                0x000018fc                DSPI_MasterInit
 .text.DSPI_MasterSetBaudRate
                0x00001a68      0x12c ./drivers/fsl_dspi.o
                0x00001a68                DSPI_MasterSetBaudRate
 .text.DSPI_MasterSetDelayScaler
                0x00001b94       0xe8 ./drivers/fsl_dspi.o
                0x00001b94                DSPI_MasterSetDelayScaler
 .text.DSPI_MasterSetDelayTimes
                0x00001c7c      0x130 ./drivers/fsl_dspi.o
                0x00001c7c                DSPI_MasterSetDelayTimes
 .text.DSPI_MasterTransferBlocking
                0x00001dac      0x488 ./drivers/fsl_dspi.o
                0x00001dac                DSPI_MasterTransferBlocking
 .text.DSPI_CommonIRQHandler
                0x00002234       0x44 ./drivers/fsl_dspi.o
 .text.SPI0_DriverIRQHandler
                0x00002278       0x30 ./drivers/fsl_dspi.o
                0x00002278                SPI0_DriverIRQHandler
 .text.SPI1_DriverIRQHandler
                0x000022a8       0x30 ./drivers/fsl_dspi.o
                0x000022a8                SPI1_DriverIRQHandler
 .text.SPI2_DriverIRQHandler
                0x000022d8       0x30 ./drivers/fsl_dspi.o
                0x000022d8                SPI2_DriverIRQHandler
 .text.GPIO_PinInit
                0x00002308       0x64 ./drivers/fsl_gpio.o
                0x00002308                GPIO_PinInit
 .text.UART_GetInstance
                0x0000236c       0x54 ./drivers/fsl_uart.o
                0x0000236c                UART_GetInstance
 .text.UART_Init
                0x000023c0      0x2f4 ./drivers/fsl_uart.o
                0x000023c0                UART_Init
 .text.UART_GetDefaultConfig
                0x000026b4       0x68 ./drivers/fsl_uart.o
                0x000026b4                UART_GetDefaultConfig
 .text.UART_ReadBlocking
                0x0000271c       0xfc ./drivers/fsl_uart.o
                0x0000271c                UART_ReadBlocking
 .text.UART0_DriverIRQHandler
                0x00002818       0x28 ./drivers/fsl_uart.o
                0x00002818                UART0_DriverIRQHandler
 .text.UART1_DriverIRQHandler
                0x00002840       0x28 ./drivers/fsl_uart.o
                0x00002840                UART1_DriverIRQHandler
 .text.UART2_DriverIRQHandler
                0x00002868       0x28 ./drivers/fsl_uart.o
                0x00002868                UART2_DriverIRQHandler
 .text.UART3_DriverIRQHandler
                0x00002890       0x28 ./drivers/fsl_uart.o
                0x00002890                UART3_DriverIRQHandler
 .text.UART4_DriverIRQHandler
                0x000028b8       0x28 ./drivers/fsl_uart.o
                0x000028b8                UART4_DriverIRQHandler
 .text.UART5_DriverIRQHandler
                0x000028e0       0x28 ./drivers/fsl_uart.o
                0x000028e0                UART5_DriverIRQHandler
 .text.SystemInit
                0x00002908       0x3c ./device/system_MK64F12.o
                0x00002908                SystemInit
 .text.HAL_UartInit
                0x00002944      0x128 ./component/uart/fsl_adapter_uart.o
                0x00002944                HAL_UartInit
 .text.HAL_UartReceiveBlocking
                0x00002a6c       0x6c ./component/uart/fsl_adapter_uart.o
                0x00002a6c                HAL_UartReceiveBlocking
 .text.HAL_UartSendBlocking
                0x00002ad8       0x64 ./component/uart/fsl_adapter_uart.o
                0x00002ad8                HAL_UartSendBlocking
 .text.CLOCK_SetSimSafeDivs
                0x00002b3c       0x20 ./board/clock_config.o
 .text.CLOCK_SetXtal0Freq
                0x00002b5c       0x20 ./board/clock_config.o
 .text.CLOCK_CONFIG_SetFllExtRefDiv
                0x00002b7c       0x3c ./board/clock_config.o
 .text.BOARD_BootClockRUN
                0x00002bb8       0x60 ./board/clock_config.o
                0x00002bb8                BOARD_BootClockRUN
 .text.BOARD_InitPins
                0x00002c18      0x144 ./board/pin_mux.o
                0x00002c18                BOARD_InitPins
 .text._initio  0x00002d5c       0x78 c:/nxp/mcuxpressoide_11.5.0_7232/ide/plugins/com.nxp.mcuxpresso.tools.win32_11.5.0.202107051138/tools/bin/../lib/gcc/arm-none-eabi/10.3.1/../../../../arm-none-eabi/lib/thumb/v7e-m+fp/hard\libcr_c.a(initio.o)
                0x00002d5c                _initio
 .text.fflush   0x00002dd4       0x3c c:/nxp/mcuxpressoide_11.5.0_7232/ide/plugins/com.nxp.mcuxpresso.tools.win32_11.5.0.202107051138/tools/bin/../lib/gcc/arm-none-eabi/10.3.1/../../../../arm-none-eabi/lib/thumb/v7e-m+fp/hard\libcr_c.a(fflush.o)
                0x00002dd4                fflush
 .text.fseek    0x00002e10       0xfc c:/nxp/mcuxpressoide_11.5.0_7232/ide/plugins/com.nxp.mcuxpresso.tools.win32_11.5.0.202107051138/tools/bin/../lib/gcc/arm-none-eabi/10.3.1/../../../../arm-none-eabi/lib/thumb/v7e-m+fp/hard\libcr_c.a(fseek.o)
                0x00002e10                fseek
 .text.ftell    0x00002f0c       0x44 c:/nxp/mcuxpressoide_11.5.0_7232/ide/plugins/com.nxp.mcuxpresso.tools.win32_11.5.0.202107051138/tools/bin/../lib/gcc/arm-none-eabi/10.3.1/../../../../arm-none-eabi/lib/thumb/v7e-m+fp/hard\libcr_c.a(ftell.o)
                0x00002f0c                ftell
 .text._Cwritebuf
                0x00002f50       0x6c c:/nxp/mcuxpressoide_11.5.0_7232/ide/plugins/com.nxp.mcuxpresso.tools.win32_11.5.0.202107051138/tools/bin/../lib/gcc/arm-none-eabi/10.3.1/../../../../arm-none-eabi/lib/thumb/v7e-m+fp/hard\libcr_c.a(_writebuf.o)
                0x00002f50                _Cwritebuf
 .text.DbgConsole_Printf
                0x00002fbc       0x2c ./utilities/fsl_debug_console.o
                0x00002fbc                DbgConsole_Printf
 .text.DbgConsole_PrintfPaddingCharacter
                0x00002fe8       0x40 ./utilities/fsl_debug_console.o
 .text.DbgConsole_ConvertRadixNumToString
                0x00003028       0xc2 ./utilities/fsl_debug_console.o
 .text.DMA0_IRQHandler
                0x000030ea        0x8 ./startup/startup_mk64f12.o
                0x000030ea                DMA0_IRQHandler
 .text.DMA1_IRQHandler
                0x000030f2        0x8 ./startup/startup_mk64f12.o
                0x000030f2                DMA1_IRQHandler
 .text.DMA2_IRQHandler
                0x000030fa        0x8 ./startup/startup_mk64f12.o
                0x000030fa                DMA2_IRQHandler
 .text.DMA3_IRQHandler
                0x00003102        0x8 ./startup/startup_mk64f12.o
                0x00003102                DMA3_IRQHandler
 .text.DMA4_IRQHandler
                0x0000310a        0x8 ./startup/startup_mk64f12.o
                0x0000310a                DMA4_IRQHandler
 .text.DMA5_IRQHandler
                0x00003112        0x8 ./startup/startup_mk64f12.o
                0x00003112                DMA5_IRQHandler
 .text.DMA6_IRQHandler
                0x0000311a        0x8 ./startup/startup_mk64f12.o
                0x0000311a                DMA6_IRQHandler
 .text.DMA7_IRQHandler
                0x00003122        0x8 ./startup/startup_mk64f12.o
                0x00003122                DMA7_IRQHandler
 .text.DMA8_IRQHandler
                0x0000312a        0x8 ./startup/startup_mk64f12.o
                0x0000312a                DMA8_IRQHandler
 .text.DMA9_IRQHandler
                0x00003132        0x8 ./startup/startup_mk64f12.o
                0x00003132                DMA9_IRQHandler
 .text.DMA10_IRQHandler
                0x0000313a        0x8 ./startup/startup_mk64f12.o
                0x0000313a                DMA10_IRQHandler
 .text.DMA11_IRQHandler
                0x00003142        0x8 ./startup/startup_mk64f12.o
                0x00003142                DMA11_IRQHandler
 .text.DMA12_IRQHandler
                0x0000314a        0x8 ./startup/startup_mk64f12.o
                0x0000314a                DMA12_IRQHandler
 .text.DMA13_IRQHandler
                0x00003152        0x8 ./startup/startup_mk64f12.o
                0x00003152                DMA13_IRQHandler
 .text.DMA14_IRQHandler
                0x0000315a        0x8 ./startup/startup_mk64f12.o
                0x0000315a                DMA14_IRQHandler
 .text.DMA15_IRQHandler
                0x00003162        0x8 ./startup/startup_mk64f12.o
                0x00003162                DMA15_IRQHandler
 .text.DMA_Error_IRQHandler
                0x0000316a        0x8 ./startup/startup_mk64f12.o
                0x0000316a                DMA_Error_IRQHandler
 .text.MCM_IRQHandler
                0x00003172        0x8 ./startup/startup_mk64f12.o
                0x00003172                MCM_IRQHandler
 .text.FTFE_IRQHandler
                0x0000317a        0x8 ./startup/startup_mk64f12.o
                0x0000317a                FTFE_IRQHandler
 .text.Read_Collision_IRQHandler
                0x00003182        0x8 ./startup/startup_mk64f12.o
                0x00003182                Read_Collision_IRQHandler
 .text.LVD_LVW_IRQHandler
                0x0000318a        0x8 ./startup/startup_mk64f12.o
                0x0000318a                LVD_LVW_IRQHandler
 .text.LLWU_IRQHandler
                0x00003192        0x8 ./startup/startup_mk64f12.o
                0x00003192                LLWU_IRQHandler
 .text.WDOG_EWM_IRQHandler
                0x0000319a        0x8 ./startup/startup_mk64f12.o
                0x0000319a                WDOG_EWM_IRQHandler
 .text.RNG_IRQHandler
                0x000031a2        0x8 ./startup/startup_mk64f12.o
                0x000031a2                RNG_IRQHandler
 .text.I2C0_IRQHandler
                0x000031aa        0x8 ./startup/startup_mk64f12.o
                0x000031aa                I2C0_IRQHandler
 .text.I2C1_IRQHandler
                0x000031b2        0x8 ./startup/startup_mk64f12.o
                0x000031b2                I2C1_IRQHandler
 .text.SPI0_IRQHandler
                0x000031ba        0x8 ./startup/startup_mk64f12.o
                0x000031ba                SPI0_IRQHandler
 .text.SPI1_IRQHandler
                0x000031c2        0x8 ./startup/startup_mk64f12.o
                0x000031c2                SPI1_IRQHandler
 .text.I2S0_Tx_IRQHandler
                0x000031ca        0x8 ./startup/startup_mk64f12.o
                0x000031ca                I2S0_Tx_IRQHandler
 .text.I2S0_Rx_IRQHandler
                0x000031d2        0x8 ./startup/startup_mk64f12.o
                0x000031d2                I2S0_Rx_IRQHandler
 .text.UART0_LON_IRQHandler
                0x000031da        0x8 ./startup/startup_mk64f12.o
                0x000031da                UART0_LON_IRQHandler
 .text.UART0_RX_TX_IRQHandler
                0x000031e2        0x8 ./startup/startup_mk64f12.o
                0x000031e2                UART0_RX_TX_IRQHandler
 .text.UART0_ERR_IRQHandler
                0x000031ea        0x8 ./startup/startup_mk64f12.o
                0x000031ea                UART0_ERR_IRQHandler
 .text.UART1_RX_TX_IRQHandler
                0x000031f2        0x8 ./startup/startup_mk64f12.o
                0x000031f2                UART1_RX_TX_IRQHandler
 .text.UART1_ERR_IRQHandler
                0x000031fa        0x8 ./startup/startup_mk64f12.o
                0x000031fa                UART1_ERR_IRQHandler
 .text.UART2_RX_TX_IRQHandler
                0x00003202        0x8 ./startup/startup_mk64f12.o
                0x00003202                UART2_RX_TX_IRQHandler
 .text.UART2_ERR_IRQHandler
                0x0000320a        0x8 ./startup/startup_mk64f12.o
                0x0000320a                UART2_ERR_IRQHandler
 .text.UART3_RX_TX_IRQHandler
                0x00003212        0x8 ./startup/startup_mk64f12.o
                0x00003212                UART3_RX_TX_IRQHandler
 .text.UART3_ERR_IRQHandler
                0x0000321a        0x8 ./startup/startup_mk64f12.o
                0x0000321a                UART3_ERR_IRQHandler
 .text.ADC0_IRQHandler
                0x00003222        0x8 ./startup/startup_mk64f12.o
                0x00003222                ADC0_IRQHandler
 .text.CMP0_IRQHandler
                0x0000322a        0x8 ./startup/startup_mk64f12.o
                0x0000322a                CMP0_IRQHandler
 .text.CMP1_IRQHandler
                0x00003232        0x8 ./startup/startup_mk64f12.o
                0x00003232                CMP1_IRQHandler
 .text.FTM0_IRQHandler
                0x0000323a        0x8 ./startup/startup_mk64f12.o
                0x0000323a                FTM0_IRQHandler
 .text.FTM1_IRQHandler
                0x00003242        0x8 ./startup/startup_mk64f12.o
                0x00003242                FTM1_IRQHandler
 .text.FTM2_IRQHandler
                0x0000324a        0x8 ./startup/startup_mk64f12.o
                0x0000324a                FTM2_IRQHandler
 .text.CMT_IRQHandler
                0x00003252        0x8 ./startup/startup_mk64f12.o
                0x00003252                CMT_IRQHandler
 .text.RTC_IRQHandler
                0x0000325a        0x8 ./startup/startup_mk64f12.o
                0x0000325a                RTC_IRQHandler
 .text.RTC_Seconds_IRQHandler
                0x00003262        0x8 ./startup/startup_mk64f12.o
                0x00003262                RTC_Seconds_IRQHandler
 .text.PIT0_IRQHandler
                0x0000326a        0x8 ./startup/startup_mk64f12.o
                0x0000326a                PIT0_IRQHandler
 .text.PIT1_IRQHandler
                0x00003272        0x8 ./startup/startup_mk64f12.o
                0x00003272                PIT1_IRQHandler
 .text.PIT2_IRQHandler
                0x0000327a        0x8 ./startup/startup_mk64f12.o
                0x0000327a                PIT2_IRQHandler
 .text.PIT3_IRQHandler
                0x00003282        0x8 ./startup/startup_mk64f12.o
                0x00003282                PIT3_IRQHandler
 .text.PDB0_IRQHandler
                0x0000328a        0x8 ./startup/startup_mk64f12.o
                0x0000328a                PDB0_IRQHandler
 .text.USB0_IRQHandler
                0x00003292        0x8 ./startup/startup_mk64f12.o
                0x00003292                USB0_IRQHandler
 .text.USBDCD_IRQHandler
                0x0000329a        0x8 ./startup/startup_mk64f12.o
                0x0000329a                USBDCD_IRQHandler
 .text.Reserved71_IRQHandler
                0x000032a2        0x8 ./startup/startup_mk64f12.o
                0x000032a2                Reserved71_IRQHandler
 .text.DAC0_IRQHandler
                0x000032aa        0x8 ./startup/startup_mk64f12.o
                0x000032aa                DAC0_IRQHandler
 .text.MCG_IRQHandler
                0x000032b2        0x8 ./startup/startup_mk64f12.o
                0x000032b2                MCG_IRQHandler
 .text.LPTMR0_IRQHandler
                0x000032ba        0x8 ./startup/startup_mk64f12.o
                0x000032ba                LPTMR0_IRQHandler
 .text.PORTA_IRQHandler
                0x000032c2        0x8 ./startup/startup_mk64f12.o
                0x000032c2                PORTA_IRQHandler
 .text.PORTB_IRQHandler
                0x000032ca        0x8 ./startup/startup_mk64f12.o
                0x000032ca                PORTB_IRQHandler
 .text.PORTC_IRQHandler
                0x000032d2        0x8 ./startup/startup_mk64f12.o
                0x000032d2                PORTC_IRQHandler
 .text.PORTD_IRQHandler
                0x000032da        0x8 ./startup/startup_mk64f12.o
                0x000032da                PORTD_IRQHandler
 .text.PORTE_IRQHandler
                0x000032e2        0x8 ./startup/startup_mk64f12.o
                0x000032e2                PORTE_IRQHandler
 .text.SWI_IRQHandler
                0x000032ea        0x8 ./startup/startup_mk64f12.o
                0x000032ea                SWI_IRQHandler
 .text.SPI2_IRQHandler
                0x000032f2        0x8 ./startup/startup_mk64f12.o
                0x000032f2                SPI2_IRQHandler
 .text.UART4_RX_TX_IRQHandler
                0x000032fa        0x8 ./startup/startup_mk64f12.o
                0x000032fa                UART4_RX_TX_IRQHandler
 .text.UART4_ERR_IRQHandler
                0x00003302        0x8 ./startup/startup_mk64f12.o
                0x00003302                UART4_ERR_IRQHandler
 .text.UART5_RX_TX_IRQHandler
                0x0000330a        0x8 ./startup/startup_mk64f12.o
                0x0000330a                UART5_RX_TX_IRQHandler
 .text.UART5_ERR_IRQHandler
                0x00003312        0x8 ./startup/startup_mk64f12.o
                0x00003312                UART5_ERR_IRQHandler
 .text.CMP2_IRQHandler
                0x0000331a        0x8 ./startup/startup_mk64f12.o
                0x0000331a                CMP2_IRQHandler
 .text.FTM3_IRQHandler
                0x00003322        0x8 ./startup/startup_mk64f12.o
                0x00003322                FTM3_IRQHandler
 .text.DAC1_IRQHandler
                0x0000332a        0x8 ./startup/startup_mk64f12.o
                0x0000332a                DAC1_IRQHandler
 .text.ADC1_IRQHandler
                0x00003332        0x8 ./startup/startup_mk64f12.o
                0x00003332                ADC1_IRQHandler
 .text.I2C2_IRQHandler
                0x0000333a        0x8 ./startup/startup_mk64f12.o
                0x0000333a                I2C2_IRQHandler
 .text.CAN0_ORed_Message_buffer_IRQHandler
                0x00003342        0x8 ./startup/startup_mk64f12.o
                0x00003342                CAN0_ORed_Message_buffer_IRQHandler
 .text.CAN0_Bus_Off_IRQHandler
                0x0000334a        0x8 ./startup/startup_mk64f12.o
                0x0000334a                CAN0_Bus_Off_IRQHandler
 .text.CAN0_Error_IRQHandler
                0x00003352        0x8 ./startup/startup_mk64f12.o
                0x00003352                CAN0_Error_IRQHandler
 .text.CAN0_Tx_Warning_IRQHandler
                0x0000335a        0x8 ./startup/startup_mk64f12.o
                0x0000335a                CAN0_Tx_Warning_IRQHandler
 .text.CAN0_Rx_Warning_IRQHandler
                0x00003362        0x8 ./startup/startup_mk64f12.o
                0x00003362                CAN0_Rx_Warning_IRQHandler
 .text.CAN0_Wake_Up_IRQHandler
                0x0000336a        0x8 ./startup/startup_mk64f12.o
                0x0000336a                CAN0_Wake_Up_IRQHandler
 .text.SDHC_IRQHandler
                0x00003372        0x8 ./startup/startup_mk64f12.o
                0x00003372                SDHC_IRQHandler
 .text.ENET_1588_Timer_IRQHandler
                0x0000337a        0x8 ./startup/startup_mk64f12.o
                0x0000337a                ENET_1588_Timer_IRQHandler
 .text.ENET_Transmit_IRQHandler
                0x00003382        0x8 ./startup/startup_mk64f12.o
                0x00003382                ENET_Transmit_IRQHandler
 .text.ENET_Receive_IRQHandler
                0x0000338a        0x8 ./startup/startup_mk64f12.o
                0x0000338a                ENET_Receive_IRQHandler
 .text.ENET_Error_IRQHandler
                0x00003392        0x8 ./startup/startup_mk64f12.o
                0x00003392                ENET_Error_IRQHandler
 .text.GPIO_PinWrite
                0x0000339a       0x36 ./source/dspi_polling_b2b_transfer_master.o
 .text.GPIO_PinRead
                0x000033d0       0x24 ./source/dspi_polling_b2b_transfer_master.o
 .text.EINK_SetWindows
                0x000033f4       0x7e ./source/dspi_polling_b2b_transfer_master.o
 .text.EINK_SetCursor
                0x00003472       0x46 ./source/dspi_polling_b2b_transfer_master.o
 .text.EINK_LUT
                0x000034b8       0x3a ./source/dspi_polling_b2b_transfer_master.o
 .text.EINK_LUT_by_host
                0x000034f2       0x76 ./source/dspi_polling_b2b_transfer_master.o
 .text.EINK_Clear
                0x00003568       0x32 ./source/dspi_polling_b2b_transfer_master.o
                0x00003568                EINK_Clear
 .text.EINK_Display
                0x0000359a       0x40 ./source/dspi_polling_b2b_transfer_master.o
                0x0000359a                EINK_Display
 .text.EINK_TurnOnDisplay
                0x000035da       0x1e ./source/dspi_polling_b2b_transfer_master.o
 .text.HardFault_Handler
                0x000035f8       0x2c ./source/semihost_hardfault.o
                0x000035f8                HardFault_Handler
 .text.OSC_SetExtRefClkConfig
                0x00003624       0x34 ./drivers/fsl_clock.o
 .text.OSC_SetCapLoad
                0x00003658       0x34 ./drivers/fsl_clock.o
 .text.CLOCK_GetPll0RefFreq
                0x0000368c        0xe ./drivers/fsl_clock.o
 .text.CLOCK_GetFixedFreqClkFreq
                0x0000369a       0x34 ./drivers/fsl_clock.o
                0x0000369a                CLOCK_GetFixedFreqClkFreq
 .text.CLOCK_EnableClock
                0x000036ce       0x34 ./drivers/fsl_dspi.o
 .text.DSPI_Enable
                0x00003702       0x38 ./drivers/fsl_dspi.o
 .text.DSPI_GetStatusFlags
                0x0000373a       0x18 ./drivers/fsl_dspi.o
 .text.DSPI_ClearStatusFlags
                0x00003752       0x1c ./drivers/fsl_dspi.o
 .text.DSPI_DisableInterrupts
                0x0000376e       0x24 ./drivers/fsl_dspi.o
 .text.DSPI_SetMasterSlaveMode
                0x00003792       0x2a ./drivers/fsl_dspi.o
 .text.DSPI_IsMaster
                0x000037bc       0x26 ./drivers/fsl_dspi.o
 .text.DSPI_StartTransfer
                0x000037e2       0x20 ./drivers/fsl_dspi.o
 .text.DSPI_StopTransfer
                0x00003802       0x20 ./drivers/fsl_dspi.o
 .text.DSPI_FlushFifo
                0x00003822       0x48 ./drivers/fsl_dspi.o
 .text.DSPI_MasterGetFormattedCommand
                0x0000386a       0x4a ./drivers/fsl_dspi.o
 .text.DSPI_ReadData
                0x000038b4       0x18 ./drivers/fsl_dspi.o
 .text.DSPI_SetOnePcsPolarity
                0x000038cc       0x4e ./drivers/fsl_dspi.o
 .text.GPIO_PinWrite
                0x0000391a       0x36 ./drivers/fsl_gpio.o
 .text.CLOCK_EnableClock
                0x00003950       0x34 ./drivers/fsl_uart.o
 .text.UART_GetStatusFlags
                0x00003984       0x48 ./drivers/fsl_uart.o
                0x00003984                UART_GetStatusFlags
 .text.UART_ClearStatusFlags
                0x000039cc       0x80 ./drivers/fsl_uart.o
                0x000039cc                UART_ClearStatusFlags
 .text.UART_WriteBlocking
                0x00003a4c       0x50 ./drivers/fsl_uart.o
                0x00003a4c                UART_WriteBlocking
 .text.UART0_RX_TX_DriverIRQHandler
                0x00003a9c       0x12 ./drivers/fsl_uart.o
                0x00003a9c                UART0_RX_TX_DriverIRQHandler
 .text.UART1_RX_TX_DriverIRQHandler
                0x00003aae       0x12 ./drivers/fsl_uart.o
                0x00003aae                UART1_RX_TX_DriverIRQHandler
 .text.UART2_RX_TX_DriverIRQHandler
                0x00003ac0       0x12 ./drivers/fsl_uart.o
                0x00003ac0                UART2_RX_TX_DriverIRQHandler
 .text.UART3_RX_TX_DriverIRQHandler
                0x00003ad2       0x12 ./drivers/fsl_uart.o
                0x00003ad2                UART3_RX_TX_DriverIRQHandler
 .text.UART4_RX_TX_DriverIRQHandler
                0x00003ae4       0x12 ./drivers/fsl_uart.o
                0x00003ae4                UART4_RX_TX_DriverIRQHandler
 .text.UART5_RX_TX_DriverIRQHandler
                0x00003af6       0x12 ./drivers/fsl_uart.o
                0x00003af6                UART5_RX_TX_DriverIRQHandler
 .text.SystemInitHook
                0x00003b08        0xe ./device/system_MK64F12.o
                0x00003b08                SystemInitHook
 .text.HAL_UartGetStatus
                0x00003b16       0x22 ./component/uart/fsl_adapter_uart.o
 .text.BOARD_InitDebugConsole
                0x00003b38       0x22 ./board/board.o
                0x00003b38                BOARD_InitDebugConsole
 .text.BOARD_InitBootClocks
                0x00003b5a        0xc ./board/clock_config.o
                0x00003b5a                BOARD_InitBootClocks
 .text.CLOCK_EnableClock
                0x00003b66       0x34 ./board/pin_mux.o
 .text.PORT_SetPinMux
                0x00003b9a       0x3a ./board/pin_mux.o
 .text.BOARD_InitBootPins
                0x00003bd4        0xc ./board/pin_mux.o
                0x00003bd4                BOARD_InitBootPins
 .text.__main   0x00003be0        0xe c:/nxp/mcuxpressoide_11.5.0_7232/ide/plugins/com.nxp.mcuxpresso.tools.win32_11.5.0.202107051138/tools/bin/../lib/gcc/arm-none-eabi/10.3.1/../../../../arm-none-eabi/lib/thumb/v7e-m+fp/hard\libcr_nohost_nf.a(_cr__main.o)
                0x00003be0                __main
 .text.memcpy   0x00003bee        0x4 c:/nxp/mcuxpressoide_11.5.0_7232/ide/plugins/com.nxp.mcuxpresso.tools.win32_11.5.0.202107051138/tools/bin/../lib/gcc/arm-none-eabi/10.3.1/../../../../arm-none-eabi/lib/thumb/v7e-m+fp/hard\libcr_c.a(memcpy.o)
                0x00003bee                memcpy
 .text.memset   0x00003bf2        0x4 c:/nxp/mcuxpressoide_11.5.0_7232/ide/plugins/com.nxp.mcuxpresso.tools.win32_11.5.0.202107051138/tools/bin/../lib/gcc/arm-none-eabi/10.3.1/../../../../arm-none-eabi/lib/thumb/v7e-m+fp/hard\libcr_c.a(memset.o)
                0x00003bf2                memset
 .text.free     0x00003bf6       0x30 c:/nxp/mcuxpressoide_11.5.0_7232/ide/plugins/com.nxp.mcuxpresso.tools.win32_11.5.0.202107051138/tools/bin/../lib/gcc/arm-none-eabi/10.3.1/../../../../arm-none-eabi/lib/thumb/v7e-m+fp/hard\libcr_c.a(alloc.o)
                0x00003bf6                free
 .text.setvbuf  0x00003c26       0x3e c:/nxp/mcuxpressoide_11.5.0_7232/ide/plugins/com.nxp.mcuxpresso.tools.win32_11.5.0.202107051138/tools/bin/../lib/gcc/arm-none-eabi/10.3.1/../../../../arm-none-eabi/lib/thumb/v7e-m+fp/hard\libcr_c.a(setvbuf.o)
                0x00003c26                setvbuf
 .text.strlen   0x00003c64       0x48 c:/nxp/mcuxpressoide_11.5.0_7232/ide/plugins/com.nxp.mcuxpresso.tools.win32_11.5.0.202107051138/tools/bin/../lib/gcc/arm-none-eabi/10.3.1/../../../../arm-none-eabi/lib/thumb/v7e-m+fp/hard\libcr_c.a(strlen.o)
                0x00003c64                strlen
 .text._fdopen  0x00003cac       0x68 c:/nxp/mcuxpressoide_11.5.0_7232/ide/plugins/com.nxp.mcuxpresso.tools.win32_11.5.0.202107051138/tools/bin/../lib/gcc/arm-none-eabi/10.3.1/../../../../arm-none-eabi/lib/thumb/v7e-m+fp/hard\libcr_c.a(_fdopen.o)
                0x00003cac                _fdopen
 .text.fclose   0x00003d14       0x58 c:/nxp/mcuxpressoide_11.5.0_7232/ide/plugins/com.nxp.mcuxpresso.tools.win32_11.5.0.202107051138/tools/bin/../lib/gcc/arm-none-eabi/10.3.1/../../../../arm-none-eabi/lib/thumb/v7e-m+fp/hard\libcr_c.a(fclose.o)
                0x00003d14                fclose
 .text.remove   0x00003d6c       0x14 c:/nxp/mcuxpressoide_11.5.0_7232/ide/plugins/com.nxp.mcuxpresso.tools.win32_11.5.0.202107051138/tools/bin/../lib/gcc/arm-none-eabi/10.3.1/../../../../arm-none-eabi/lib/thumb/v7e-m+fp/hard\libcr_c.a(remove.o)
                0x00003d6c                remove
 .text._do_fflush
                0x00003d80       0x40 c:/nxp/mcuxpressoide_11.5.0_7232/ide/plugins/com.nxp.mcuxpresso.tools.win32_11.5.0.202107051138/tools/bin/../lib/gcc/arm-none-eabi/10.3.1/../../../../arm-none-eabi/lib/thumb/v7e-m+fp/hard\libcr_c.a(_do_fflush.o)
                0x00003d80                _do_fflush
 .text._fflush  0x00003dc0       0x52 c:/nxp/mcuxpressoide_11.5.0_7232/ide/plugins/com.nxp.mcuxpresso.tools.win32_11.5.0.202107051138/tools/bin/../lib/gcc/arm-none-eabi/10.3.1/../../../../arm-none-eabi/lib/thumb/v7e-m+fp/hard\libcr_c.a(_fflush.o)
                0x00003dc0                _fflush
 .text._deferredlazyseek
                0x00003e12       0x40 c:/nxp/mcuxpressoide_11.5.0_7232/ide/plugins/com.nxp.mcuxpresso.tools.win32_11.5.0.202107051138/tools/bin/../lib/gcc/arm-none-eabi/10.3.1/../../../../arm-none-eabi/lib/thumb/v7e-m+fp/hard\libcr_c.a(_deferredlazyseek.o)
                0x00003e12                _deferredlazyseek
 .text.__aeabi_memcpy
                0x00003e52       0x34 c:/nxp/mcuxpressoide_11.5.0_7232/ide/plugins/com.nxp.mcuxpresso.tools.win32_11.5.0.202107051138/tools/bin/../lib/gcc/arm-none-eabi/10.3.1/thumb/v7e-m+fp/hard\libcr_eabihelpers.a(memcpy.o)
                0x00003e52                __aeabi_memcpy
                0x00003e5c                __aeabi_memcpy8
                0x00003e5c                __aeabi_memcpy4
 .text.__aeabi_memset_lowlevel
                0x00003e86       0x32 c:/nxp/mcuxpressoide_11.5.0_7232/ide/plugins/com.nxp.mcuxpresso.tools.win32_11.5.0.202107051138/tools/bin/../lib/gcc/arm-none-eabi/10.3.1/thumb/v7e-m+fp/hard\libcr_eabihelpers.a(memcpy.o)
                0x00003e86                __aeabi_lowlevel_memset
 .text.__sys_close
                0x00003eb8        0x6 c:/nxp/mcuxpressoide_11.5.0_7232/ide/plugins/com.nxp.mcuxpresso.tools.win32_11.5.0.202107051138/tools/bin/../lib/gcc/arm-none-eabi/10.3.1/../../../../arm-none-eabi/lib/thumb/v7e-m+fp/hard\libcr_nohost_nf.a(__sys_close.o)
                0x00003eb8                __sys_close
 .text.__sys_flen
                0x00003ebe        0x6 c:/nxp/mcuxpressoide_11.5.0_7232/ide/plugins/com.nxp.mcuxpresso.tools.win32_11.5.0.202107051138/tools/bin/../lib/gcc/arm-none-eabi/10.3.1/../../../../arm-none-eabi/lib/thumb/v7e-m+fp/hard\libcr_nohost_nf.a(__sys_flen.o)
                0x00003ebe                __sys_flen
 .text.__sys_istty
                0x00003ec4        0x6 c:/nxp/mcuxpressoide_11.5.0_7232/ide/plugins/com.nxp.mcuxpresso.tools.win32_11.5.0.202107051138/tools/bin/../lib/gcc/arm-none-eabi/10.3.1/../../../../arm-none-eabi/lib/thumb/v7e-m+fp/hard\libcr_nohost_nf.a(__sys_istty.o)
                0x00003ec4                __sys_istty
 .text.__sys_remove
                0x00003eca        0x6 c:/nxp/mcuxpressoide_11.5.0_7232/ide/plugins/com.nxp.mcuxpresso.tools.win32_11.5.0.202107051138/tools/bin/../lib/gcc/arm-none-eabi/10.3.1/../../../../arm-none-eabi/lib/thumb/v7e-m+fp/hard\libcr_nohost_nf.a(__sys_remove.o)
                0x00003eca                __sys_remove
 .text.__sys_seek
                0x00003ed0        0x6 c:/nxp/mcuxpressoide_11.5.0_7232/ide/plugins/com.nxp.mcuxpresso.tools.win32_11.5.0.202107051138/tools/bin/../lib/gcc/arm-none-eabi/10.3.1/../../../../arm-none-eabi/lib/thumb/v7e-m+fp/hard\libcr_nohost_nf.a(__sys_seek.o)
                0x00003ed0                __sys_seek
 .text.__sys_tmpnam
                0x00003ed6        0x6 c:/nxp/mcuxpressoide_11.5.0_7232/ide/plugins/com.nxp.mcuxpresso.tools.win32_11.5.0.202107051138/tools/bin/../lib/gcc/arm-none-eabi/10.3.1/../../../../arm-none-eabi/lib/thumb/v7e-m+fp/hard\libcr_nohost_nf.a(__sys_tmpnam.o)
                0x00003ed6                __sys_tmpnam
 .text.__sys_write
                0x00003edc        0x4 c:/nxp/mcuxpressoide_11.5.0_7232/ide/plugins/com.nxp.mcuxpresso.tools.win32_11.5.0.202107051138/tools/bin/../lib/gcc/arm-none-eabi/10.3.1/../../../../arm-none-eabi/lib/thumb/v7e-m+fp/hard\libcr_nohost_nf.a(__sys_write.o)
                0x00003edc                __sys_write
 *(SORT_BY_ALIGNMENT(.rodata) SORT_BY_ALIGNMENT(.rodata.*) SORT_BY_ALIGNMENT(.constdata) SORT_BY_ALIGNMENT(.constdata.*))
 .rodata.__assertion_failed.str1.4
                0x00003ee0       0x14 ./utilities/fsl_assert.o
 .rodata.main.str1.4
                0x00003ef4      0x1e8 ./source/dspi_polling_b2b_transfer_master.o
                                0x1ec (size before relaxing)
 .rodata.EINK_GPIO_PINS.str1.4
                0x000040dc       0x1b ./source/dspi_polling_b2b_transfer_master.o
 *fill*         0x000040f7        0x1 ff
 .rodata.EINK_test.str1.4
                0x000040f8       0x27 ./source/dspi_polling_b2b_transfer_master.o
 *fill*         0x0000411f        0x1 ff
 .rodata.CLOCK_GetMcgExtClkFreq.str1.4
                0x00004120       0x49 ./drivers/fsl_clock.o
 *fill*         0x00004169        0x3 ff
 .rodata.CLOCK_GetOsc0ErClkFreq.str1.4
                0x0000416c       0x1e ./drivers/fsl_clock.o
 *fill*         0x0000418a        0x2 ff
 .rodata.CLOCK_GetEr32kClkFreq.str1.4
                0x0000418c       0x1f ./drivers/fsl_clock.o
 *fill*         0x000041ab        0x1 ff
 .rodata.CLOCK_GetPll0Freq.str1.4
                0x000041ac       0x1d ./drivers/fsl_clock.o
 *fill*         0x000041c9        0x3 ff
 .rodata.CLOCK_EnablePll0.str1.4
                0x000041cc       0x1a ./drivers/fsl_clock.o
 *fill*         0x000041e6        0x2 ff
 .rodata.CLOCK_SetPbeMode.str1.4
                0x000041e8       0x1a ./drivers/fsl_clock.o
 *fill*         0x00004202        0x2 ff
 .rodata.CLOCK_BootToPeeMode.str1.4
                0x00004204       0x1a ./drivers/fsl_clock.o
 *fill*         0x0000421e        0x2 ff
 .rodata.fllFactorTable.1
                0x00004220       0x10 ./drivers/fsl_clock.o
 .rodata.s_baudratePrescaler
                0x00004230       0x10 ./drivers/fsl_dspi.o
 .rodata.s_baudrateScaler
                0x00004240       0x40 ./drivers/fsl_dspi.o
 .rodata.s_delayPrescaler
                0x00004280       0x10 ./drivers/fsl_dspi.o
 .rodata.s_delayScaler
                0x00004290       0x40 ./drivers/fsl_dspi.o
 .rodata.s_dspiBases
                0x000042d0        0xc ./drivers/fsl_dspi.o
 .rodata.s_dspiClock
                0x000042dc        0xc ./drivers/fsl_dspi.o
 .rodata.DSPI_GetInstance.str1.4
                0x000042e8       0x34 ./drivers/fsl_dspi.o
 .rodata.DSPI_MasterInit.str1.4
                0x0000431c       0x3f ./drivers/fsl_dspi.o
 *fill*         0x0000435b        0x1 ff
 .rodata.DSPI_MasterSetDelayScaler.str1.4
                0x0000435c       0x17 ./drivers/fsl_dspi.o
 *fill*         0x00004373        0x1 ff
 .rodata.DSPI_MasterTransferBlocking.str1.4
                0x00004374       0x22 ./drivers/fsl_dspi.o
 *fill*         0x00004396        0x2 ff
 .rodata.SPI0_DriverIRQHandler.str1.4
                0x00004398       0x2a ./drivers/fsl_dspi.o
 *fill*         0x000043c2        0x2 ff
 .rodata.SPI1_DriverIRQHandler.str1.4
                0x000043c4       0x2a ./drivers/fsl_dspi.o
 *fill*         0x000043ee        0x2 ff
 .rodata.SPI2_DriverIRQHandler.str1.4
                0x000043f0       0x2a ./drivers/fsl_dspi.o
 *fill*         0x0000441a        0x2 ff
 .rodata.GPIO_PinInit.str1.4
                0x0000441c       0x20 ./drivers/fsl_gpio.o
 .rodata.s_uartBases
                0x0000443c       0x18 ./drivers/fsl_uart.o
 .rodata.s_uartClock
                0x00004454       0x18 ./drivers/fsl_uart.o
 .rodata.UART_GetInstance.str1.4
                0x0000446c       0x2b ./drivers/fsl_uart.o
 *fill*         0x00004497        0x1 ff
 .rodata.UART_Init.str1.4
                0x00004498       0xfb ./drivers/fsl_uart.o
 *fill*         0x00004593        0x1 ff
 .rodata.UART_GetDefaultConfig.str1.4
                0x00004594       0x20 ./drivers/fsl_uart.o
 .rodata.UART_ReadBlocking.str1.4
                0x000045b4       0x1e ./drivers/fsl_uart.o
 *fill*         0x000045d2        0x2 ff
 .rodata.s_UartAdapterBase
                0x000045d4       0x18 ./component/uart/fsl_adapter_uart.o
 .rodata.HAL_UartInit.str1.4
                0x000045ec       0xdd ./component/uart/fsl_adapter_uart.o
 *fill*         0x000046c9        0x3 ff
 .rodata.HAL_UartReceiveBlocking.str1.4
                0x000046cc       0x60 ./component/uart/fsl_adapter_uart.o
 .rodata.HAL_UartSendBlocking.str1.4
                0x0000472c       0x60 ./component/uart/fsl_adapter_uart.o
 .rodata.mcgConfig_BOARD_BootClockRUN
                0x0000478c        0xb ./board/clock_config.o
                0x0000478c                mcgConfig_BOARD_BootClockRUN
 *fill*         0x00004797        0x1 ff
 .rodata.simConfig_BOARD_BootClockRUN
                0x00004798        0x8 ./board/clock_config.o
                0x00004798                simConfig_BOARD_BootClockRUN
 .rodata.oscConfig_BOARD_BootClockRUN
                0x000047a0        0x8 ./board/clock_config.o
                0x000047a0                oscConfig_BOARD_BootClockRUN
 .rodata        0x000047a8        0x2 ./board/pin_mux.o
 *fill*         0x000047aa        0x2 ff
 .rodata.__num_Ciob_streams
                0x000047ac        0x4 c:/nxp/mcuxpressoide_11.5.0_7232/ide/plugins/com.nxp.mcuxpresso.tools.win32_11.5.0.202107051138/tools/bin/../lib/gcc/arm-none-eabi/10.3.1/../../../../arm-none-eabi/lib/thumb/v7e-m+fp/hard\libcr_nohost_nf.a(__ciob.o)
                0x000047ac                __num_Ciob_streams
 .rodata._initio.str1.1
                0x000047b0        0x4 c:/nxp/mcuxpressoide_11.5.0_7232/ide/plugins/com.nxp.mcuxpresso.tools.win32_11.5.0.202107051138/tools/bin/../lib/gcc/arm-none-eabi/10.3.1/../../../../arm-none-eabi/lib/thumb/v7e-m+fp/hard\libcr_c.a(initio.o)
                0x000047b8                . = ALIGN (0x8)
 *fill*         0x000047b4        0x4 ff

.glue_7         0x000047b8        0x0
 .glue_7        0x000047b8        0x0 linker stubs

.glue_7t        0x000047b8        0x0
 .glue_7t       0x000047b8        0x0 linker stubs

.vfp11_veneer   0x000047b8        0x0
 .vfp11_veneer  0x000047b8        0x0 linker stubs

.v4_bx          0x000047b8        0x0
 .v4_bx         0x000047b8        0x0 linker stubs

.iplt           0x000047b8        0x0
 .iplt          0x000047b8        0x0 ./utilities/fsl_assert.o

.rel.dyn        0x000047b8        0x0
 .rel.iplt      0x000047b8        0x0 ./utilities/fsl_assert.o

.ARM.extab
 *(SORT_BY_ALIGNMENT(.ARM.extab*) SORT_BY_ALIGNMENT(.gnu.linkonce.armextab.*))

.ARM.exidx      0x000047b8        0x0
                0x000047b8                __exidx_start = .
 *(SORT_BY_ALIGNMENT(.ARM.exidx*) SORT_BY_ALIGNMENT(.gnu.linkonce.armexidx.*))
                0x000047b8                __exidx_end = .
                0x000047b8                _etext = .

.m_usb_data
 *(SORT_BY_ALIGNMENT(m_usb_bdt))

.data_RAM2      0x1fff0000        0x0 load address 0x000047b8
 FILL mask 0xff
                [!provide]                PROVIDE (__start_data_RAM2 = .)
                [!provide]                PROVIDE (__start_data_SRAM_LOWER = .)
 *(SORT_BY_ALIGNMENT(.ramfunc.$RAM2))
 *(SORT_BY_ALIGNMENT(.ramfunc.$SRAM_LOWER))
 *(SORT_BY_ALIGNMENT(.data.$RAM2))
 *(SORT_BY_ALIGNMENT(.data.$SRAM_LOWER))
 *(SORT_BY_ALIGNMENT(.data.$RAM2.*))
 *(SORT_BY_ALIGNMENT(.data.$SRAM_LOWER.*))
                0x1fff0000                . = ALIGN (0x8)
                [!provide]                PROVIDE (__end_data_RAM2 = .)
                [!provide]                PROVIDE (__end_data_SRAM_LOWER = .)

.data_RAM3      0x14000000        0x0 load address 0x000047b8
 FILL mask 0xff
                [!provide]                PROVIDE (__start_data_RAM3 = .)
                [!provide]                PROVIDE (__start_data_FLEX_RAM = .)
 *(SORT_BY_ALIGNMENT(.ramfunc.$RAM3))
 *(SORT_BY_ALIGNMENT(.ramfunc.$FLEX_RAM))
 *(SORT_BY_ALIGNMENT(.data.$RAM3))
 *(SORT_BY_ALIGNMENT(.data.$FLEX_RAM))
 *(SORT_BY_ALIGNMENT(.data.$RAM3.*))
 *(SORT_BY_ALIGNMENT(.data.$FLEX_RAM.*))
                0x14000000                . = ALIGN (0x8)
                [!provide]                PROVIDE (__end_data_RAM3 = .)
                [!provide]                PROVIDE (__end_data_FLEX_RAM = .)

.uninit_RESERVED
                0x20000000        0x0
                0x20000000                _start_uninit_RESERVED = .
 *(SORT_BY_ALIGNMENT(.bss.$RESERVED*))
                0x20000000                . = ALIGN (0x8)
                0x20000000                _end_uninit_RESERVED = .

.data           0x20000000     0x1dd0 load address 0x000047b8
 FILL mask 0xff
                0x20000000                _data = .
                [!provide]                PROVIDE (__start_data_RAM = .)
                [!provide]                PROVIDE (__start_data_SRAM_UPPER = .)
 *(SORT_BY_ALIGNMENT(vtable))
 *(SORT_BY_ALIGNMENT(.ramfunc*))
 *(SORT_BY_ALIGNMENT(CodeQuickAccess))
 *(SORT_BY_ALIGNMENT(DataQuickAccess))
 *(SORT_BY_ALIGNMENT(RamFunction))
 *(SORT_BY_ALIGNMENT(.data*))
 .data.masterTxData
                0x20000000      0x100 ./source/dspi_polling_b2b_transfer_master.o
                0x20000000                masterTxData
 .data.gImage_test_qrcode
                0x20000100     0x1c20 ./source/dspi_polling_b2b_transfer_master.o
                0x20000100                gImage_test_qrcode
 .data.WS_20_30
                0x20001d20       0x9f ./source/dspi_polling_b2b_transfer_master.o
                0x20001d20                WS_20_30
 *fill*         0x20001dbf        0x1 ff
 .data.g_systickCounter
                0x20001dc0        0x4 ./source/dspi_polling_b2b_transfer_master.o
                0x20001dc0                g_systickCounter
 .data.s_slowIrcFreq
                0x20001dc4        0x4 ./drivers/fsl_clock.o
 .data.s_fastIrcFreq
                0x20001dc8        0x4 ./drivers/fsl_clock.o
 .data.SystemCoreClock
                0x20001dcc        0x4 ./device/system_MK64F12.o
                0x20001dcc                SystemCoreClock
                0x20001dd0                . = ALIGN (0x8)
                0x20001dd0                _edata = .
                [!provide]                PROVIDE (__end_data_RAM = .)
                [!provide]                PROVIDE (__end_data_SRAM_UPPER = .)

.igot.plt       0x20001dd0        0x0 load address 0x00006588
 .igot.plt      0x20001dd0        0x0 ./utilities/fsl_assert.o

.bss_RAM2       0x1fff0000        0x0
                [!provide]                PROVIDE (__start_bss_RAM2 = .)
                [!provide]                PROVIDE (__start_bss_SRAM_LOWER = .)
 *(SORT_BY_ALIGNMENT(.bss.$RAM2))
 *(SORT_BY_ALIGNMENT(.bss.$SRAM_LOWER))
 *(SORT_BY_ALIGNMENT(.bss.$RAM2.*))
 *(SORT_BY_ALIGNMENT(.bss.$SRAM_LOWER.*))
                0x1fff0000                . = ALIGN ((. != 0x0)?0x8:0x1)
                [!provide]                PROVIDE (__end_bss_RAM2 = .)
                [!provide]                PROVIDE (__end_bss_SRAM_LOWER = .)

.bss_RAM3       0x14000000        0x0
                [!provide]                PROVIDE (__start_bss_RAM3 = .)
                [!provide]                PROVIDE (__start_bss_FLEX_RAM = .)
 *(SORT_BY_ALIGNMENT(.bss.$RAM3))
 *(SORT_BY_ALIGNMENT(.bss.$FLEX_RAM))
 *(SORT_BY_ALIGNMENT(.bss.$RAM3.*))
 *(SORT_BY_ALIGNMENT(.bss.$FLEX_RAM.*))
                0x14000000                . = ALIGN ((. != 0x0)?0x8:0x1)
                [!provide]                PROVIDE (__end_bss_RAM3 = .)
                [!provide]                PROVIDE (__end_bss_FLEX_RAM = .)

.bss            0x20001dd0      0x208
                0x20001dd0                _bss = .
                [!provide]                PROVIDE (__start_bss_RAM = .)
                [!provide]                PROVIDE (__start_bss_SRAM_UPPER = .)
 *(SORT_BY_ALIGNMENT(.bss*))
 .bss.s_debugConsole
                0x20001dd0       0x14 ./utilities/fsl_debug_console.o
 .bss.masterRxData
                0x20001de4      0x100 ./source/dspi_polling_b2b_transfer_master.o
                0x20001de4                masterRxData
 .bss.g_xtal0Freq
                0x20001ee4        0x4 ./drivers/fsl_clock.o
                0x20001ee4                g_xtal0Freq
 .bss.g_xtal32Freq
                0x20001ee8        0x4 ./drivers/fsl_clock.o
                0x20001ee8                g_xtal32Freq
 .bss.g_dspiHandle
                0x20001eec        0xc ./drivers/fsl_dspi.o
 .bss.s_dspiMasterIsr
                0x20001ef8        0x4 ./drivers/fsl_dspi.o
 .bss.s_dspiSlaveIsr
                0x20001efc        0x4 ./drivers/fsl_dspi.o
 .bss.g_dspiDummyData
                0x20001f00        0x3 ./drivers/fsl_dspi.o
                0x20001f00                g_dspiDummyData
 *fill*         0x20001f03        0x1 
 .bss.s_uartHandle
                0x20001f04       0x18 ./drivers/fsl_uart.o
                0x20001f04                s_uartHandle
 .bss.s_uartIsr
                0x20001f1c        0x4 ./drivers/fsl_uart.o
                0x20001f1c                s_uartIsr
 .bss.errno     0x20001f20        0x4 c:/nxp/mcuxpressoide_11.5.0_7232/ide/plugins/com.nxp.mcuxpresso.tools.win32_11.5.0.202107051138/tools/bin/../lib/gcc/arm-none-eabi/10.3.1/../../../../arm-none-eabi/lib/thumb/v7e-m+fp/hard\libcr_c.a(errno.o)
                0x20001f20                errno
 .bss.__Ciob    0x20001f24       0xb4 c:/nxp/mcuxpressoide_11.5.0_7232/ide/plugins/com.nxp.mcuxpresso.tools.win32_11.5.0.202107051138/tools/bin/../lib/gcc/arm-none-eabi/10.3.1/../../../../arm-none-eabi/lib/thumb/v7e-m+fp/hard\libcr_nohost_nf.a(__ciob.o)
                0x20001f24                __Ciob
 *(SORT_BY_ALIGNMENT(COMMON))
                0x20001fd8                . = ALIGN (0x8)
                0x20001fd8                _ebss = .
                [!provide]                PROVIDE (__end_bss_RAM = .)
                [!provide]                PROVIDE (__end_bss_SRAM_UPPER = .)
                [!provide]                PROVIDE (end = .)

.noinit_RAM2    0x1fff0000        0x0
                [!provide]                PROVIDE (__start_noinit_RAM2 = .)
                [!provide]                PROVIDE (__start_noinit_SRAM_LOWER = .)
 *(SORT_BY_ALIGNMENT(.noinit.$RAM2))
 *(SORT_BY_ALIGNMENT(.noinit.$SRAM_LOWER))
 *(SORT_BY_ALIGNMENT(.noinit.$RAM2.*))
 *(SORT_BY_ALIGNMENT(.noinit.$SRAM_LOWER.*))
                0x1fff0000                . = ALIGN (0x8)
                [!provide]                PROVIDE (__end_noinit_RAM2 = .)
                [!provide]                PROVIDE (__end_noinit_SRAM_LOWER = .)

.noinit_RAM3    0x14000000        0x0
                [!provide]                PROVIDE (__start_noinit_RAM3 = .)
                [!provide]                PROVIDE (__start_noinit_FLEX_RAM = .)
 *(SORT_BY_ALIGNMENT(.noinit.$RAM3))
 *(SORT_BY_ALIGNMENT(.noinit.$FLEX_RAM))
 *(SORT_BY_ALIGNMENT(.noinit.$RAM3.*))
 *(SORT_BY_ALIGNMENT(.noinit.$FLEX_RAM.*))
                0x14000000                . = ALIGN (0x8)
                [!provide]                PROVIDE (__end_noinit_RAM3 = .)
                [!provide]                PROVIDE (__end_noinit_FLEX_RAM = .)

.noinit         0x20001fd8        0x0
                0x20001fd8                _noinit = .
                [!provide]                PROVIDE (__start_noinit_RAM = .)
                [!provide]                PROVIDE (__start_noinit_SRAM_UPPER = .)
 *(SORT_BY_ALIGNMENT(.noinit*))
                0x20001fd8                . = ALIGN (0x8)
                0x20001fd8                _end_noinit = .
                [!provide]                PROVIDE (__end_noinit_RAM = .)
                [!provide]                PROVIDE (__end_noinit_SRAM_UPPER = .)
                0x00001000                _HeapSize = 0x1000

.heap           0x20001fd8     0x1000
                0x20001fd8                _pvHeapStart = .
                0x20002fd8                . = (. + _HeapSize)
 *fill*         0x20001fd8     0x1000 
                0x20002fd8                . = ALIGN (0x8)
                0x20002fd8                _pvHeapLimit = .
                0x00001000                _StackSize = 0x1000

.heap2stackfill
                0x20002fd8     0x1000
                0x20003fd8                . = (. + _StackSize)
 *fill*         0x20002fd8     0x1000 

.stack          0x2002f000        0x0
                0x2002f000                _vStackBase = .
                0x2002f000                . = ALIGN (0x8)
                0x20030000                _vStackTop = (. + _StackSize)
                0x00000000                _image_start = LOADADDR (.text)
                0x00006588                _image_end = (LOADADDR (.data) + SIZEOF (.data))
                0x00006588                _image_size = (_image_end - _image_start)
OUTPUT(frdmk64f_dspi_polling_b2b_transfer_master.axf elf32-littlearm)
LOAD linker stubs

.debug_info     0x00000000     0xbcd8
 .debug_info    0x00000000       0xa3 ./utilities/fsl_assert.o
 .debug_info    0x000000a3      0xca3 ./utilities/fsl_debug_console.o
 .debug_info    0x00000d46      0x93a ./startup/startup_mk64f12.o
 .debug_info    0x00001680     0x13b8 ./source/dspi_polling_b2b_transfer_master.o
 .debug_info    0x00002a38       0x3c ./source/semihost_hardfault.o
 .debug_info    0x00002a74     0x21c3 ./drivers/fsl_clock.o
 .debug_info    0x00004c37     0x25d7 ./drivers/fsl_dspi.o
 .debug_info    0x0000720e      0x69c ./drivers/fsl_gpio.o
 .debug_info    0x000078aa     0x1f90 ./drivers/fsl_uart.o
 .debug_info    0x0000983a      0x649 ./device/system_MK64F12.o
 .debug_info    0x00009e83      0xa7e ./component/uart/fsl_adapter_uart.o
 .debug_info    0x0000a901       0xbd ./board/board.o
 .debug_info    0x0000a9be      0xbd9 ./board/clock_config.o
 .debug_info    0x0000b597      0x741 ./board/pin_mux.o

.debug_abbrev   0x00000000     0x1bc9
 .debug_abbrev  0x00000000       0x66 ./utilities/fsl_assert.o
 .debug_abbrev  0x00000066      0x24b ./utilities/fsl_debug_console.o
 .debug_abbrev  0x000002b1      0x185 ./startup/startup_mk64f12.o
 .debug_abbrev  0x00000436      0x352 ./source/dspi_polling_b2b_transfer_master.o
 .debug_abbrev  0x00000788       0x31 ./source/semihost_hardfault.o
 .debug_abbrev  0x000007b9      0x359 ./drivers/fsl_clock.o
 .debug_abbrev  0x00000b12      0x381 ./drivers/fsl_dspi.o
 .debug_abbrev  0x00000e93      0x186 ./drivers/fsl_gpio.o
 .debug_abbrev  0x00001019      0x42e ./drivers/fsl_uart.o
 .debug_abbrev  0x00001447      0x148 ./device/system_MK64F12.o
 .debug_abbrev  0x0000158f      0x1c9 ./component/uart/fsl_adapter_uart.o
 .debug_abbrev  0x00001758       0x85 ./board/board.o
 .debug_abbrev  0x000017dd      0x214 ./board/clock_config.o
 .debug_abbrev  0x000019f1      0x1d8 ./board/pin_mux.o

.debug_aranges  0x00000000      0xbb0
 .debug_aranges
                0x00000000       0x20 ./utilities/fsl_assert.o
 .debug_aranges
                0x00000020       0x78 ./utilities/fsl_debug_console.o
 .debug_aranges
                0x00000098      0x330 ./startup/startup_mk64f12.o
 .debug_aranges
                0x000003c8       0xd0 ./source/dspi_polling_b2b_transfer_master.o
 .debug_aranges
                0x00000498       0x20 ./source/semihost_hardfault.o
 .debug_aranges
                0x000004b8      0x1f8 ./drivers/fsl_clock.o
 .debug_aranges
                0x000006b0      0x1d8 ./drivers/fsl_dspi.o
 .debug_aranges
                0x00000888       0x40 ./drivers/fsl_gpio.o
 .debug_aranges
                0x000008c8      0x1b8 ./drivers/fsl_uart.o
 .debug_aranges
                0x00000a80       0x30 ./device/system_MK64F12.o
 .debug_aranges
                0x00000ab0       0x50 ./component/uart/fsl_adapter_uart.o
 .debug_aranges
                0x00000b00       0x20 ./board/board.o
 .debug_aranges
                0x00000b20       0x58 ./board/clock_config.o
 .debug_aranges
                0x00000b78       0x38 ./board/pin_mux.o

.debug_ranges   0x00000000      0xad0
 .debug_ranges  0x00000000       0x10 ./utilities/fsl_assert.o
 .debug_ranges  0x00000010       0x68 ./utilities/fsl_debug_console.o
 .debug_ranges  0x00000078      0x320 ./startup/startup_mk64f12.o
 .debug_ranges  0x00000398       0xc0 ./source/dspi_polling_b2b_transfer_master.o
 .debug_ranges  0x00000458       0x10 ./source/semihost_hardfault.o
 .debug_ranges  0x00000468      0x1e8 ./drivers/fsl_clock.o
 .debug_ranges  0x00000650      0x1c8 ./drivers/fsl_dspi.o
 .debug_ranges  0x00000818       0x30 ./drivers/fsl_gpio.o
 .debug_ranges  0x00000848      0x1a8 ./drivers/fsl_uart.o
 .debug_ranges  0x000009f0       0x20 ./device/system_MK64F12.o
 .debug_ranges  0x00000a10       0x40 ./component/uart/fsl_adapter_uart.o
 .debug_ranges  0x00000a50       0x10 ./board/board.o
 .debug_ranges  0x00000a60       0x48 ./board/clock_config.o
 .debug_ranges  0x00000aa8       0x28 ./board/pin_mux.o

.debug_macro    0x00000000    0x13924
 .debug_macro   0x00000000      0x123 ./utilities/fsl_assert.o
 .debug_macro   0x00000123      0xaae ./utilities/fsl_assert.o
 .debug_macro   0x00000bd1       0x10 ./utilities/fsl_assert.o
 .debug_macro   0x00000be1       0x1c ./utilities/fsl_assert.o
 .debug_macro   0x00000bfd       0x22 ./utilities/fsl_assert.o
 .debug_macro   0x00000c1f      0x12e ./utilities/fsl_assert.o
 .debug_macro   0x00000d4d      0x5b3 ./utilities/fsl_assert.o
 .debug_macro   0x00001300       0x22 ./utilities/fsl_assert.o
 .debug_macro   0x00001322       0x10 ./utilities/fsl_assert.o
 .debug_macro   0x00001332       0x58 ./utilities/fsl_assert.o
 .debug_macro   0x0000138a       0x1c ./utilities/fsl_assert.o
 .debug_macro   0x000013a6       0x22 ./utilities/fsl_assert.o
 .debug_macro   0x000013c8       0xfb ./utilities/fsl_assert.o
 .debug_macro   0x000014c3      0xeeb ./utilities/fsl_assert.o
 .debug_macro   0x000023ae       0x40 ./utilities/fsl_assert.o
 .debug_macro   0x000023ee     0xec5f ./utilities/fsl_assert.o
 .debug_macro   0x0001104d     0x12e8 ./utilities/fsl_assert.o
 .debug_macro   0x00012335       0x7a ./utilities/fsl_assert.o
 .debug_macro   0x000123af       0xa8 ./utilities/fsl_assert.o
 .debug_macro   0x00012457      0x174 ./utilities/fsl_assert.o
 .debug_macro   0x000125cb       0x1c ./utilities/fsl_assert.o
 .debug_macro   0x000125e7       0x1c ./utilities/fsl_assert.o
 .debug_macro   0x00012603       0x34 ./utilities/fsl_assert.o
 .debug_macro   0x00012637      0x149 ./utilities/fsl_debug_console.o
 .debug_macro   0x00012780       0x16 ./utilities/fsl_debug_console.o
 .debug_macro   0x00012796       0x10 ./utilities/fsl_debug_console.o
 .debug_macro   0x000127a6       0x28 ./utilities/fsl_debug_console.o
 .debug_macro   0x000127ce       0xc4 ./utilities/fsl_debug_console.o
 .debug_macro   0x00012892       0x16 ./utilities/fsl_debug_console.o
 .debug_macro   0x000128a8       0x16 ./utilities/fsl_debug_console.o
 .debug_macro   0x000128be       0x46 ./utilities/fsl_debug_console.o
 .debug_macro   0x00012904       0x29 ./startup/startup_mk64f12.o
 .debug_macro   0x0001292d      0x1c3 ./source/dspi_polling_b2b_transfer_master.o
 .debug_macro   0x00012af0       0x40 ./source/dspi_polling_b2b_transfer_master.o
 .debug_macro   0x00012b30       0xa6 ./source/dspi_polling_b2b_transfer_master.o
 .debug_macro   0x00012bd6       0x1c ./source/dspi_polling_b2b_transfer_master.o
 .debug_macro   0x00012bf2       0x16 ./source/dspi_polling_b2b_transfer_master.o
 .debug_macro   0x00012c08       0x16 ./source/dspi_polling_b2b_transfer_master.o
 .debug_macro   0x00012c1e      0x1ab ./source/dspi_polling_b2b_transfer_master.o
 .debug_macro   0x00012dc9       0x11 ./source/semihost_hardfault.o
 .debug_macro   0x00012dda      0x1d8 ./drivers/fsl_clock.o
 .debug_macro   0x00012fb2      0x121 ./drivers/fsl_dspi.o
 .debug_macro   0x000130d3       0x3a ./drivers/fsl_dspi.o
 .debug_macro   0x0001310d      0x121 ./drivers/fsl_gpio.o
 .debug_macro   0x0001322e       0x10 ./drivers/fsl_gpio.o
 .debug_macro   0x0001323e      0x127 ./drivers/fsl_uart.o
 .debug_macro   0x00013365       0x10 ./drivers/fsl_uart.o
 .debug_macro   0x00013375       0x98 ./device/system_MK64F12.o
 .debug_macro   0x0001340d      0x11e ./component/uart/fsl_adapter_uart.o
 .debug_macro   0x0001352b       0x16 ./component/uart/fsl_adapter_uart.o
 .debug_macro   0x00013541      0x153 ./board/board.o
 .debug_macro   0x00013694       0x16 ./board/board.o
 .debug_macro   0x000136aa      0x153 ./board/clock_config.o
 .debug_macro   0x000137fd      0x127 ./board/pin_mux.o

.debug_line     0x00000000     0x8725
 .debug_line    0x00000000      0x46f ./utilities/fsl_assert.o
 .debug_line    0x0000046f      0xd61 ./utilities/fsl_debug_console.o
 .debug_line    0x000011d0      0x911 ./startup/startup_mk64f12.o
 .debug_line    0x00001ae1      0xa52 ./source/dspi_polling_b2b_transfer_master.o
 .debug_line    0x00002533       0x59 ./source/semihost_hardfault.o
 .debug_line    0x0000258c     0x1570 ./drivers/fsl_clock.o
 .debug_line    0x00003afc     0x1879 ./drivers/fsl_dspi.o
 .debug_line    0x00005375      0x49a ./drivers/fsl_gpio.o
 .debug_line    0x0000580f     0x154a ./drivers/fsl_uart.o
 .debug_line    0x00006d59      0x433 ./device/system_MK64F12.o
 .debug_line    0x0000718c      0x608 ./component/uart/fsl_adapter_uart.o
 .debug_line    0x00007794      0x537 ./board/board.o
 .debug_line    0x00007ccb      0x54d ./board/clock_config.o
 .debug_line    0x00008218      0x50d ./board/pin_mux.o

.debug_str      0x00000000    0x81e22
 .debug_str     0x00000000    0x79e74 ./utilities/fsl_assert.o
                              0x79eff (size before relaxing)
 .debug_str     0x00079e74     0x162c ./utilities/fsl_debug_console.o
                              0x7b59a (size before relaxing)
 .debug_str     0x0007b4a0      0x7e0 ./startup/startup_mk64f12.o
                               0x366a (size before relaxing)
 .debug_str     0x0007bc80     0x2129 ./source/dspi_polling_b2b_transfer_master.o
                              0x7c9ec (size before relaxing)
 .debug_str     0x0007dda9       0x1f ./source/semihost_hardfault.o
                               0x2e0f (size before relaxing)
 .debug_str     0x0007ddc8     0x1cad ./drivers/fsl_clock.o
                              0x7c566 (size before relaxing)
 .debug_str     0x0007fa75      0xcea ./drivers/fsl_dspi.o
                              0x7c3d6 (size before relaxing)
 .debug_str     0x0008075f      0x16c ./drivers/fsl_gpio.o
                              0x7a837 (size before relaxing)
 .debug_str     0x000808cb      0xe1c ./drivers/fsl_uart.o
                              0x7bea0 (size before relaxing)
 .debug_str     0x000816e7       0xc3 ./device/system_MK64F12.o
                              0x7844f (size before relaxing)
 .debug_str     0x000817aa       0xe9 ./component/uart/fsl_adapter_uart.o
                              0x7ae21 (size before relaxing)
 .debug_str     0x00081893       0x37 ./board/board.o
                              0x7abf5 (size before relaxing)
 .debug_str     0x000818ca      0x3b7 ./board/clock_config.o
                              0x7aebe (size before relaxing)
 .debug_str     0x00081c81      0x1a1 ./board/pin_mux.o
                              0x7a671 (size before relaxing)

.comment        0x00000000       0x49
 .comment       0x00000000       0x49 ./utilities/fsl_assert.o
                                 0x4a (size before relaxing)
 .comment       0x00000049       0x4a ./utilities/fsl_debug_console.o
 .comment       0x00000049       0x4a ./startup/startup_mk64f12.o
 .comment       0x00000049       0x4a ./source/dspi_polling_b2b_transfer_master.o
 .comment       0x00000049       0x4a ./source/semihost_hardfault.o
 .comment       0x00000049       0x4a ./drivers/fsl_clock.o
 .comment       0x00000049       0x4a ./drivers/fsl_dspi.o
 .comment       0x00000049       0x4a ./drivers/fsl_gpio.o
 .comment       0x00000049       0x4a ./drivers/fsl_uart.o
 .comment       0x00000049       0x4a ./device/system_MK64F12.o
 .comment       0x00000049       0x4a ./component/uart/fsl_adapter_uart.o
 .comment       0x00000049       0x4a ./board/board.o
 .comment       0x00000049       0x4a ./board/clock_config.o
 .comment       0x00000049       0x4a ./board/pin_mux.o
 .comment       0x00000049       0x4a c:/nxp/mcuxpressoide_11.5.0_7232/ide/plugins/com.nxp.mcuxpresso.tools.win32_11.5.0.202107051138/tools/bin/../lib/gcc/arm-none-eabi/10.3.1/../../../../arm-none-eabi/lib/thumb/v7e-m+fp/hard\libcr_nohost_nf.a(_cr__main.o)
 .comment       0x00000049       0x4a c:/nxp/mcuxpressoide_11.5.0_7232/ide/plugins/com.nxp.mcuxpresso.tools.win32_11.5.0.202107051138/tools/bin/../lib/gcc/arm-none-eabi/10.3.1/../../../../arm-none-eabi/lib/thumb/v7e-m+fp/hard\libcr_c.a(memcpy.o)
 .comment       0x00000049       0x4a c:/nxp/mcuxpressoide_11.5.0_7232/ide/plugins/com.nxp.mcuxpresso.tools.win32_11.5.0.202107051138/tools/bin/../lib/gcc/arm-none-eabi/10.3.1/../../../../arm-none-eabi/lib/thumb/v7e-m+fp/hard\libcr_c.a(memset.o)
 .comment       0x00000049       0x4a c:/nxp/mcuxpressoide_11.5.0_7232/ide/plugins/com.nxp.mcuxpresso.tools.win32_11.5.0.202107051138/tools/bin/../lib/gcc/arm-none-eabi/10.3.1/../../../../arm-none-eabi/lib/thumb/v7e-m+fp/hard\libcr_c.a(alloc.o)
 .comment       0x00000049       0x4a c:/nxp/mcuxpressoide_11.5.0_7232/ide/plugins/com.nxp.mcuxpresso.tools.win32_11.5.0.202107051138/tools/bin/../lib/gcc/arm-none-eabi/10.3.1/../../../../arm-none-eabi/lib/thumb/v7e-m+fp/hard\libcr_c.a(initio.o)
 .comment       0x00000049       0x4a c:/nxp/mcuxpressoide_11.5.0_7232/ide/plugins/com.nxp.mcuxpresso.tools.win32_11.5.0.202107051138/tools/bin/../lib/gcc/arm-none-eabi/10.3.1/../../../../arm-none-eabi/lib/thumb/v7e-m+fp/hard\libcr_c.a(setvbuf.o)
 .comment       0x00000049       0x4a c:/nxp/mcuxpressoide_11.5.0_7232/ide/plugins/com.nxp.mcuxpresso.tools.win32_11.5.0.202107051138/tools/bin/../lib/gcc/arm-none-eabi/10.3.1/../../../../arm-none-eabi/lib/thumb/v7e-m+fp/hard\libcr_c.a(strlen.o)
 .comment       0x00000049       0x4a c:/nxp/mcuxpressoide_11.5.0_7232/ide/plugins/com.nxp.mcuxpresso.tools.win32_11.5.0.202107051138/tools/bin/../lib/gcc/arm-none-eabi/10.3.1/../../../../arm-none-eabi/lib/thumb/v7e-m+fp/hard\libcr_c.a(_fdopen.o)
 .comment       0x00000049       0x4a c:/nxp/mcuxpressoide_11.5.0_7232/ide/plugins/com.nxp.mcuxpresso.tools.win32_11.5.0.202107051138/tools/bin/../lib/gcc/arm-none-eabi/10.3.1/../../../../arm-none-eabi/lib/thumb/v7e-m+fp/hard\libcr_c.a(errno.o)
 .comment       0x00000049       0x4a c:/nxp/mcuxpressoide_11.5.0_7232/ide/plugins/com.nxp.mcuxpresso.tools.win32_11.5.0.202107051138/tools/bin/../lib/gcc/arm-none-eabi/10.3.1/../../../../arm-none-eabi/lib/thumb/v7e-m+fp/hard\libcr_c.a(fclose.o)
 .comment       0x00000049       0x4a c:/nxp/mcuxpressoide_11.5.0_7232/ide/plugins/com.nxp.mcuxpresso.tools.win32_11.5.0.202107051138/tools/bin/../lib/gcc/arm-none-eabi/10.3.1/../../../../arm-none-eabi/lib/thumb/v7e-m+fp/hard\libcr_c.a(fflush.o)
 .comment       0x00000049       0x4a c:/nxp/mcuxpressoide_11.5.0_7232/ide/plugins/com.nxp.mcuxpresso.tools.win32_11.5.0.202107051138/tools/bin/../lib/gcc/arm-none-eabi/10.3.1/../../../../arm-none-eabi/lib/thumb/v7e-m+fp/hard\libcr_c.a(fseek.o)
 .comment       0x00000049       0x4a c:/nxp/mcuxpressoide_11.5.0_7232/ide/plugins/com.nxp.mcuxpresso.tools.win32_11.5.0.202107051138/tools/bin/../lib/gcc/arm-none-eabi/10.3.1/../../../../arm-none-eabi/lib/thumb/v7e-m+fp/hard\libcr_c.a(ftell.o)
 .comment       0x00000049       0x4a c:/nxp/mcuxpressoide_11.5.0_7232/ide/plugins/com.nxp.mcuxpresso.tools.win32_11.5.0.202107051138/tools/bin/../lib/gcc/arm-none-eabi/10.3.1/../../../../arm-none-eabi/lib/thumb/v7e-m+fp/hard\libcr_c.a(remove.o)
 .comment       0x00000049       0x4a c:/nxp/mcuxpressoide_11.5.0_7232/ide/plugins/com.nxp.mcuxpresso.tools.win32_11.5.0.202107051138/tools/bin/../lib/gcc/arm-none-eabi/10.3.1/../../../../arm-none-eabi/lib/thumb/v7e-m+fp/hard\libcr_c.a(_do_fflush.o)
 .comment       0x00000049       0x4a c:/nxp/mcuxpressoide_11.5.0_7232/ide/plugins/com.nxp.mcuxpresso.tools.win32_11.5.0.202107051138/tools/bin/../lib/gcc/arm-none-eabi/10.3.1/../../../../arm-none-eabi/lib/thumb/v7e-m+fp/hard\libcr_c.a(_fflush.o)
 .comment       0x00000049       0x4a c:/nxp/mcuxpressoide_11.5.0_7232/ide/plugins/com.nxp.mcuxpresso.tools.win32_11.5.0.202107051138/tools/bin/../lib/gcc/arm-none-eabi/10.3.1/../../../../arm-none-eabi/lib/thumb/v7e-m+fp/hard\libcr_c.a(_writebuf.o)
 .comment       0x00000049       0x4a c:/nxp/mcuxpressoide_11.5.0_7232/ide/plugins/com.nxp.mcuxpresso.tools.win32_11.5.0.202107051138/tools/bin/../lib/gcc/arm-none-eabi/10.3.1/../../../../arm-none-eabi/lib/thumb/v7e-m+fp/hard\libcr_c.a(_deferredlazyseek.o)
 .comment       0x00000049       0x4a c:/nxp/mcuxpressoide_11.5.0_7232/ide/plugins/com.nxp.mcuxpresso.tools.win32_11.5.0.202107051138/tools/bin/../lib/gcc/arm-none-eabi/10.3.1/../../../../arm-none-eabi/lib/thumb/v7e-m+fp/hard\libcr_nohost_nf.a(__ciob.o)
 .comment       0x00000049       0x4a c:/nxp/mcuxpressoide_11.5.0_7232/ide/plugins/com.nxp.mcuxpresso.tools.win32_11.5.0.202107051138/tools/bin/../lib/gcc/arm-none-eabi/10.3.1/../../../../arm-none-eabi/lib/thumb/v7e-m+fp/hard\libcr_nohost_nf.a(__sys_close.o)
 .comment       0x00000049       0x4a c:/nxp/mcuxpressoide_11.5.0_7232/ide/plugins/com.nxp.mcuxpresso.tools.win32_11.5.0.202107051138/tools/bin/../lib/gcc/arm-none-eabi/10.3.1/../../../../arm-none-eabi/lib/thumb/v7e-m+fp/hard\libcr_nohost_nf.a(__sys_flen.o)
 .comment       0x00000049       0x4a c:/nxp/mcuxpressoide_11.5.0_7232/ide/plugins/com.nxp.mcuxpresso.tools.win32_11.5.0.202107051138/tools/bin/../lib/gcc/arm-none-eabi/10.3.1/../../../../arm-none-eabi/lib/thumb/v7e-m+fp/hard\libcr_nohost_nf.a(__sys_istty.o)
 .comment       0x00000049       0x4a c:/nxp/mcuxpressoide_11.5.0_7232/ide/plugins/com.nxp.mcuxpresso.tools.win32_11.5.0.202107051138/tools/bin/../lib/gcc/arm-none-eabi/10.3.1/../../../../arm-none-eabi/lib/thumb/v7e-m+fp/hard\libcr_nohost_nf.a(__sys_remove.o)
 .comment       0x00000049       0x4a c:/nxp/mcuxpressoide_11.5.0_7232/ide/plugins/com.nxp.mcuxpresso.tools.win32_11.5.0.202107051138/tools/bin/../lib/gcc/arm-none-eabi/10.3.1/../../../../arm-none-eabi/lib/thumb/v7e-m+fp/hard\libcr_nohost_nf.a(__sys_seek.o)
 .comment       0x00000049       0x4a c:/nxp/mcuxpressoide_11.5.0_7232/ide/plugins/com.nxp.mcuxpresso.tools.win32_11.5.0.202107051138/tools/bin/../lib/gcc/arm-none-eabi/10.3.1/../../../../arm-none-eabi/lib/thumb/v7e-m+fp/hard\libcr_nohost_nf.a(__sys_tmpnam.o)
 .comment       0x00000049       0x4a c:/nxp/mcuxpressoide_11.5.0_7232/ide/plugins/com.nxp.mcuxpresso.tools.win32_11.5.0.202107051138/tools/bin/../lib/gcc/arm-none-eabi/10.3.1/../../../../arm-none-eabi/lib/thumb/v7e-m+fp/hard\libcr_nohost_nf.a(__sys_write.o)

.ARM.attributes
                0x00000000       0x32
 .ARM.attributes
                0x00000000       0x34 ./utilities/fsl_assert.o
 .ARM.attributes
                0x00000034       0x34 ./utilities/fsl_debug_console.o
 .ARM.attributes
                0x00000068       0x34 ./startup/startup_mk64f12.o
 .ARM.attributes
                0x0000009c       0x34 ./source/dspi_polling_b2b_transfer_master.o
 .ARM.attributes
                0x000000d0       0x34 ./source/semihost_hardfault.o
 .ARM.attributes
                0x00000104       0x34 ./drivers/fsl_clock.o
 .ARM.attributes
                0x00000138       0x34 ./drivers/fsl_dspi.o
 .ARM.attributes
                0x0000016c       0x34 ./drivers/fsl_gpio.o
 .ARM.attributes
                0x000001a0       0x34 ./drivers/fsl_uart.o
 .ARM.attributes
                0x000001d4       0x34 ./device/system_MK64F12.o
 .ARM.attributes
                0x00000208       0x34 ./component/uart/fsl_adapter_uart.o
 .ARM.attributes
                0x0000023c       0x34 ./board/board.o
 .ARM.attributes
                0x00000270       0x34 ./board/clock_config.o
 .ARM.attributes
                0x000002a4       0x34 ./board/pin_mux.o
 .ARM.attributes
                0x000002d8       0x34 c:/nxp/mcuxpressoide_11.5.0_7232/ide/plugins/com.nxp.mcuxpresso.tools.win32_11.5.0.202107051138/tools/bin/../lib/gcc/arm-none-eabi/10.3.1/../../../../arm-none-eabi/lib/thumb/v7e-m+fp/hard\libcr_nohost_nf.a(_cr__main.o)
 .ARM.attributes
                0x0000030c       0x34 c:/nxp/mcuxpressoide_11.5.0_7232/ide/plugins/com.nxp.mcuxpresso.tools.win32_11.5.0.202107051138/tools/bin/../lib/gcc/arm-none-eabi/10.3.1/../../../../arm-none-eabi/lib/thumb/v7e-m+fp/hard\libcr_c.a(memcpy.o)
 .ARM.attributes
                0x00000340       0x34 c:/nxp/mcuxpressoide_11.5.0_7232/ide/plugins/com.nxp.mcuxpresso.tools.win32_11.5.0.202107051138/tools/bin/../lib/gcc/arm-none-eabi/10.3.1/../../../../arm-none-eabi/lib/thumb/v7e-m+fp/hard\libcr_c.a(memset.o)
 .ARM.attributes
                0x00000374       0x34 c:/nxp/mcuxpressoide_11.5.0_7232/ide/plugins/com.nxp.mcuxpresso.tools.win32_11.5.0.202107051138/tools/bin/../lib/gcc/arm-none-eabi/10.3.1/../../../../arm-none-eabi/lib/thumb/v7e-m+fp/hard\libcr_c.a(alloc.o)
 .ARM.attributes
                0x000003a8       0x34 c:/nxp/mcuxpressoide_11.5.0_7232/ide/plugins/com.nxp.mcuxpresso.tools.win32_11.5.0.202107051138/tools/bin/../lib/gcc/arm-none-eabi/10.3.1/../../../../arm-none-eabi/lib/thumb/v7e-m+fp/hard\libcr_c.a(initio.o)
 .ARM.attributes
                0x000003dc       0x34 c:/nxp/mcuxpressoide_11.5.0_7232/ide/plugins/com.nxp.mcuxpresso.tools.win32_11.5.0.202107051138/tools/bin/../lib/gcc/arm-none-eabi/10.3.1/../../../../arm-none-eabi/lib/thumb/v7e-m+fp/hard\libcr_c.a(setvbuf.o)
 .ARM.attributes
                0x00000410       0x34 c:/nxp/mcuxpressoide_11.5.0_7232/ide/plugins/com.nxp.mcuxpresso.tools.win32_11.5.0.202107051138/tools/bin/../lib/gcc/arm-none-eabi/10.3.1/../../../../arm-none-eabi/lib/thumb/v7e-m+fp/hard\libcr_c.a(strlen.o)
 .ARM.attributes
                0x00000444       0x34 c:/nxp/mcuxpressoide_11.5.0_7232/ide/plugins/com.nxp.mcuxpresso.tools.win32_11.5.0.202107051138/tools/bin/../lib/gcc/arm-none-eabi/10.3.1/../../../../arm-none-eabi/lib/thumb/v7e-m+fp/hard\libcr_c.a(_fdopen.o)
 .ARM.attributes
                0x00000478       0x39 c:/nxp/mcuxpressoide_11.5.0_7232/ide/plugins/com.nxp.mcuxpresso.tools.win32_11.5.0.202107051138/tools/bin/../lib/gcc/arm-none-eabi/10.3.1/../../../../arm-none-eabi/lib/thumb/v7e-m+fp/hard\libcr_c.a(errno.o)
 .ARM.attributes
                0x000004b1       0x34 c:/nxp/mcuxpressoide_11.5.0_7232/ide/plugins/com.nxp.mcuxpresso.tools.win32_11.5.0.202107051138/tools/bin/../lib/gcc/arm-none-eabi/10.3.1/../../../../arm-none-eabi/lib/thumb/v7e-m+fp/hard\libcr_c.a(fclose.o)
 .ARM.attributes
                0x000004e5       0x34 c:/nxp/mcuxpressoide_11.5.0_7232/ide/plugins/com.nxp.mcuxpresso.tools.win32_11.5.0.202107051138/tools/bin/../lib/gcc/arm-none-eabi/10.3.1/../../../../arm-none-eabi/lib/thumb/v7e-m+fp/hard\libcr_c.a(fflush.o)
 .ARM.attributes
                0x00000519       0x34 c:/nxp/mcuxpressoide_11.5.0_7232/ide/plugins/com.nxp.mcuxpresso.tools.win32_11.5.0.202107051138/tools/bin/../lib/gcc/arm-none-eabi/10.3.1/../../../../arm-none-eabi/lib/thumb/v7e-m+fp/hard\libcr_c.a(fseek.o)
 .ARM.attributes
                0x0000054d       0x34 c:/nxp/mcuxpressoide_11.5.0_7232/ide/plugins/com.nxp.mcuxpresso.tools.win32_11.5.0.202107051138/tools/bin/../lib/gcc/arm-none-eabi/10.3.1/../../../../arm-none-eabi/lib/thumb/v7e-m+fp/hard\libcr_c.a(ftell.o)
 .ARM.attributes
                0x00000581       0x34 c:/nxp/mcuxpressoide_11.5.0_7232/ide/plugins/com.nxp.mcuxpresso.tools.win32_11.5.0.202107051138/tools/bin/../lib/gcc/arm-none-eabi/10.3.1/../../../../arm-none-eabi/lib/thumb/v7e-m+fp/hard\libcr_c.a(remove.o)
 .ARM.attributes
                0x000005b5       0x34 c:/nxp/mcuxpressoide_11.5.0_7232/ide/plugins/com.nxp.mcuxpresso.tools.win32_11.5.0.202107051138/tools/bin/../lib/gcc/arm-none-eabi/10.3.1/../../../../arm-none-eabi/lib/thumb/v7e-m+fp/hard\libcr_c.a(_do_fflush.o)
 .ARM.attributes
                0x000005e9       0x34 c:/nxp/mcuxpressoide_11.5.0_7232/ide/plugins/com.nxp.mcuxpresso.tools.win32_11.5.0.202107051138/tools/bin/../lib/gcc/arm-none-eabi/10.3.1/../../../../arm-none-eabi/lib/thumb/v7e-m+fp/hard\libcr_c.a(_fflush.o)
 .ARM.attributes
                0x0000061d       0x34 c:/nxp/mcuxpressoide_11.5.0_7232/ide/plugins/com.nxp.mcuxpresso.tools.win32_11.5.0.202107051138/tools/bin/../lib/gcc/arm-none-eabi/10.3.1/../../../../arm-none-eabi/lib/thumb/v7e-m+fp/hard\libcr_c.a(_writebuf.o)
 .ARM.attributes
                0x00000651       0x34 c:/nxp/mcuxpressoide_11.5.0_7232/ide/plugins/com.nxp.mcuxpresso.tools.win32_11.5.0.202107051138/tools/bin/../lib/gcc/arm-none-eabi/10.3.1/../../../../arm-none-eabi/lib/thumb/v7e-m+fp/hard\libcr_c.a(_deferredlazyseek.o)
 .ARM.attributes
                0x00000685       0x20 c:/nxp/mcuxpressoide_11.5.0_7232/ide/plugins/com.nxp.mcuxpresso.tools.win32_11.5.0.202107051138/tools/bin/../lib/gcc/arm-none-eabi/10.3.1/thumb/v7e-m+fp/hard\libcr_eabihelpers.a(memcpy.o)
 .ARM.attributes
                0x000006a5       0x39 c:/nxp/mcuxpressoide_11.5.0_7232/ide/plugins/com.nxp.mcuxpresso.tools.win32_11.5.0.202107051138/tools/bin/../lib/gcc/arm-none-eabi/10.3.1/../../../../arm-none-eabi/lib/thumb/v7e-m+fp/hard\libcr_nohost_nf.a(__ciob.o)
 .ARM.attributes
                0x000006de       0x34 c:/nxp/mcuxpressoide_11.5.0_7232/ide/plugins/com.nxp.mcuxpresso.tools.win32_11.5.0.202107051138/tools/bin/../lib/gcc/arm-none-eabi/10.3.1/../../../../arm-none-eabi/lib/thumb/v7e-m+fp/hard\libcr_nohost_nf.a(__sys_close.o)
 .ARM.attributes
                0x00000712       0x34 c:/nxp/mcuxpressoide_11.5.0_7232/ide/plugins/com.nxp.mcuxpresso.tools.win32_11.5.0.202107051138/tools/bin/../lib/gcc/arm-none-eabi/10.3.1/../../../../arm-none-eabi/lib/thumb/v7e-m+fp/hard\libcr_nohost_nf.a(__sys_flen.o)
 .ARM.attributes
                0x00000746       0x34 c:/nxp/mcuxpressoide_11.5.0_7232/ide/plugins/com.nxp.mcuxpresso.tools.win32_11.5.0.202107051138/tools/bin/../lib/gcc/arm-none-eabi/10.3.1/../../../../arm-none-eabi/lib/thumb/v7e-m+fp/hard\libcr_nohost_nf.a(__sys_istty.o)
 .ARM.attributes
                0x0000077a       0x34 c:/nxp/mcuxpressoide_11.5.0_7232/ide/plugins/com.nxp.mcuxpresso.tools.win32_11.5.0.202107051138/tools/bin/../lib/gcc/arm-none-eabi/10.3.1/../../../../arm-none-eabi/lib/thumb/v7e-m+fp/hard\libcr_nohost_nf.a(__sys_remove.o)
 .ARM.attributes
                0x000007ae       0x34 c:/nxp/mcuxpressoide_11.5.0_7232/ide/plugins/com.nxp.mcuxpresso.tools.win32_11.5.0.202107051138/tools/bin/../lib/gcc/arm-none-eabi/10.3.1/../../../../arm-none-eabi/lib/thumb/v7e-m+fp/hard\libcr_nohost_nf.a(__sys_seek.o)
 .ARM.attributes
                0x000007e2       0x34 c:/nxp/mcuxpressoide_11.5.0_7232/ide/plugins/com.nxp.mcuxpresso.tools.win32_11.5.0.202107051138/tools/bin/../lib/gcc/arm-none-eabi/10.3.1/../../../../arm-none-eabi/lib/thumb/v7e-m+fp/hard\libcr_nohost_nf.a(__sys_tmpnam.o)
 .ARM.attributes
                0x00000816       0x34 c:/nxp/mcuxpressoide_11.5.0_7232/ide/plugins/com.nxp.mcuxpresso.tools.win32_11.5.0.202107051138/tools/bin/../lib/gcc/arm-none-eabi/10.3.1/../../../../arm-none-eabi/lib/thumb/v7e-m+fp/hard\libcr_nohost_nf.a(__sys_write.o)

.debug_frame    0x00000000     0x2ab0
 .debug_frame   0x00000000       0x30 ./utilities/fsl_assert.o
 .debug_frame   0x00000030      0x1f8 ./utilities/fsl_debug_console.o
 .debug_frame   0x00000228      0x8fc ./startup/startup_mk64f12.o
 .debug_frame   0x00000b24      0x318 ./source/dspi_polling_b2b_transfer_master.o
 .debug_frame   0x00000e3c       0x20 ./source/semihost_hardfault.o
 .debug_frame   0x00000e5c      0x890 ./drivers/fsl_clock.o
 .debug_frame   0x000016ec      0x834 ./drivers/fsl_dspi.o
 .debug_frame   0x00001f20       0xc8 ./drivers/fsl_gpio.o
 .debug_frame   0x00001fe8      0x74c ./drivers/fsl_uart.o
 .debug_frame   0x00002734       0x74 ./device/system_MK64F12.o
 .debug_frame   0x000027a8      0x110 ./component/uart/fsl_adapter_uart.o
 .debug_frame   0x000028b8       0x34 ./board/board.o
 .debug_frame   0x000028ec      0x124 ./board/clock_config.o
 .debug_frame   0x00002a10       0xa0 ./board/pin_mux.o

Cross Reference Table

Symbol                                            File
ADC0_DriverIRQHandler                             ./startup/startup_mk64f12.o
ADC0_IRQHandler                                   ./startup/startup_mk64f12.o
ADC1_DriverIRQHandler                             ./startup/startup_mk64f12.o
ADC1_IRQHandler                                   ./startup/startup_mk64f12.o
BOARD_BootClockRUN                                ./board/clock_config.o
BOARD_BootClockVLPR                               ./board/clock_config.o
BOARD_InitBootClocks                              ./board/clock_config.o
                                                  ./source/dspi_polling_b2b_transfer_master.o
BOARD_InitBootPins                                ./board/pin_mux.o
                                                  ./source/dspi_polling_b2b_transfer_master.o
BOARD_InitDebugConsole                            ./board/board.o
                                                  ./source/dspi_polling_b2b_transfer_master.o
BOARD_InitPins                                    ./board/pin_mux.o
BusFault_Handler                                  ./startup/startup_mk64f12.o
CAN0_Bus_Off_IRQHandler                           ./startup/startup_mk64f12.o
CAN0_DriverIRQHandler                             ./startup/startup_mk64f12.o
CAN0_Error_IRQHandler                             ./startup/startup_mk64f12.o
CAN0_ORed_Message_buffer_IRQHandler               ./startup/startup_mk64f12.o
CAN0_Rx_Warning_IRQHandler                        ./startup/startup_mk64f12.o
CAN0_Tx_Warning_IRQHandler                        ./startup/startup_mk64f12.o
CAN0_Wake_Up_IRQHandler                           ./startup/startup_mk64f12.o
CLOCK_BootToBlpeMode                              ./drivers/fsl_clock.o
CLOCK_BootToBlpiMode                              ./drivers/fsl_clock.o
                                                  ./board/clock_config.o
CLOCK_BootToFeeMode                               ./drivers/fsl_clock.o
CLOCK_BootToFeiMode                               ./drivers/fsl_clock.o
CLOCK_BootToPeeMode                               ./drivers/fsl_clock.o
                                                  ./board/clock_config.o
CLOCK_CalcPllDiv                                  ./drivers/fsl_clock.o
CLOCK_ClearStatusFlags                            ./drivers/fsl_clock.o
CLOCK_DeinitOsc0                                  ./drivers/fsl_clock.o
CLOCK_EnablePll0                                  ./drivers/fsl_clock.o
CLOCK_EnableUsbfs0Clock                           ./drivers/fsl_clock.o
CLOCK_ExternalModeToFbeModeQuick                  ./drivers/fsl_clock.o
CLOCK_GetBusClkFreq                               ./drivers/fsl_clock.o
CLOCK_GetCoreSysClkFreq                           ./drivers/fsl_clock.o
                                                  ./board/board.o
CLOCK_GetEr32kClkFreq                             ./drivers/fsl_clock.o