Archive member included to satisfy reference by file (symbol)

c:/nxp/mcuxpressoide_11.5.0_7232/ide/plugins/com.nxp.mcuxpresso.tools.win32_11.5.0.202107051138/tools/bin/../lib/gcc/arm-none-eabi/10.3.1/../../../../arm-none-eabi/lib/thumb/v7e-m+fp/hard\libcr_nohost_nf.a(_cr__main.o)
                              ./startup/startup_mk64f12.o (__main)
c:/nxp/mcuxpressoide_11.5.0_7232/ide/plugins/com.nxp.mcuxpresso.tools.win32_11.5.0.202107051138/tools/bin/../lib/gcc/arm-none-eabi/10.3.1/../../../../arm-none-eabi/lib/thumb/v7e-m+fp/hard\libcr_c.a(memcpy.o)
                              ./utilities/fsl_debug_console.o (memcpy)
c:/nxp/mcuxpressoide_11.5.0_7232/ide/plugins/com.nxp.mcuxpresso.tools.win32_11.5.0.202107051138/tools/bin/../lib/gcc/arm-none-eabi/10.3.1/../../../../arm-none-eabi/lib/thumb/v7e-m+fp/hard\libcr_c.a(memset.o)
                              ./drivers/fsl_dspi.o (memset)
c:/nxp/mcuxpressoide_11.5.0_7232/ide/plugins/com.nxp.mcuxpresso.tools.win32_11.5.0.202107051138/tools/bin/../lib/gcc/arm-none-eabi/10.3.1/../../../../arm-none-eabi/lib/thumb/v7e-m+fp/hard\libcr_c.a(alloc.o)
                              ./drivers/fsl_common.o (malloc)
c:/nxp/mcuxpressoide_11.5.0_7232/ide/plugins/com.nxp.mcuxpresso.tools.win32_11.5.0.202107051138/tools/bin/../lib/gcc/arm-none-eabi/10.3.1/../../../../arm-none-eabi/lib/thumb/v7e-m+fp/hard\libcr_c.a(initio.o)
                              c:/nxp/mcuxpressoide_11.5.0_7232/ide/plugins/com.nxp.mcuxpresso.tools.win32_11.5.0.202107051138/tools/bin/../lib/gcc/arm-none-eabi/10.3.1/../../../../arm-none-eabi/lib/thumb/v7e-m+fp/hard\libcr_nohost_nf.a(_cr__main.o) (_initio)
c:/nxp/mcuxpressoide_11.5.0_7232/ide/plugins/com.nxp.mcuxpresso.tools.win32_11.5.0.202107051138/tools/bin/../lib/gcc/arm-none-eabi/10.3.1/../../../../arm-none-eabi/lib/thumb/v7e-m+fp/hard\libcr_c.a(setvbuf.o)
                              c:/nxp/mcuxpressoide_11.5.0_7232/ide/plugins/com.nxp.mcuxpresso.tools.win32_11.5.0.202107051138/tools/bin/../lib/gcc/arm-none-eabi/10.3.1/../../../../arm-none-eabi/lib/thumb/v7e-m+fp/hard\libcr_c.a(initio.o) (setvbuf)
c:/nxp/mcuxpressoide_11.5.0_7232/ide/plugins/com.nxp.mcuxpresso.tools.win32_11.5.0.202107051138/tools/bin/../lib/gcc/arm-none-eabi/10.3.1/../../../../arm-none-eabi/lib/thumb/v7e-m+fp/hard\libcr_c.a(strlen.o)
                              ./utilities/fsl_debug_console.o (strlen)
c:/nxp/mcuxpressoide_11.5.0_7232/ide/plugins/com.nxp.mcuxpresso.tools.win32_11.5.0.202107051138/tools/bin/../lib/gcc/arm-none-eabi/10.3.1/../../../../arm-none-eabi/lib/thumb/v7e-m+fp/hard\libcr_c.a(__init_alloc.o)
                              c:/nxp/mcuxpressoide_11.5.0_7232/ide/plugins/com.nxp.mcuxpresso.tools.win32_11.5.0.202107051138/tools/bin/../lib/gcc/arm-none-eabi/10.3.1/../../../../arm-none-eabi/lib/thumb/v7e-m+fp/hard\libcr_c.a(alloc.o) (__heaps)
c:/nxp/mcuxpressoide_11.5.0_7232/ide/plugins/com.nxp.mcuxpresso.tools.win32_11.5.0.202107051138/tools/bin/../lib/gcc/arm-none-eabi/10.3.1/../../../../arm-none-eabi/lib/thumb/v7e-m+fp/hard\libcr_c.a(_cr_sbrk.o)
                              c:/nxp/mcuxpressoide_11.5.0_7232/ide/plugins/com.nxp.mcuxpresso.tools.win32_11.5.0.202107051138/tools/bin/../lib/gcc/arm-none-eabi/10.3.1/../../../../arm-none-eabi/lib/thumb/v7e-m+fp/hard\libcr_c.a(alloc.o) (_sbrk)
c:/nxp/mcuxpressoide_11.5.0_7232/ide/plugins/com.nxp.mcuxpresso.tools.win32_11.5.0.202107051138/tools/bin/../lib/gcc/arm-none-eabi/10.3.1/../../../../arm-none-eabi/lib/thumb/v7e-m+fp/hard\libcr_c.a(_fdopen.o)
                              c:/nxp/mcuxpressoide_11.5.0_7232/ide/plugins/com.nxp.mcuxpresso.tools.win32_11.5.0.202107051138/tools/bin/../lib/gcc/arm-none-eabi/10.3.1/../../../../arm-none-eabi/lib/thumb/v7e-m+fp/hard\libcr_c.a(initio.o) (_fdopen)
c:/nxp/mcuxpressoide_11.5.0_7232/ide/plugins/com.nxp.mcuxpresso.tools.win32_11.5.0.202107051138/tools/bin/../lib/gcc/arm-none-eabi/10.3.1/../../../../arm-none-eabi/lib/thumb/v7e-m+fp/hard\libcr_c.a(errno.o)
                              c:/nxp/mcuxpressoide_11.5.0_7232/ide/plugins/com.nxp.mcuxpresso.tools.win32_11.5.0.202107051138/tools/bin/../lib/gcc/arm-none-eabi/10.3.1/../../../../arm-none-eabi/lib/thumb/v7e-m+fp/hard\libcr_c.a(_cr_sbrk.o) (errno)
c:/nxp/mcuxpressoide_11.5.0_7232/ide/plugins/com.nxp.mcuxpresso.tools.win32_11.5.0.202107051138/tools/bin/../lib/gcc/arm-none-eabi/10.3.1/../../../../arm-none-eabi/lib/thumb/v7e-m+fp/hard\libcr_c.a(fclose.o)
                              c:/nxp/mcuxpressoide_11.5.0_7232/ide/plugins/com.nxp.mcuxpresso.tools.win32_11.5.0.202107051138/tools/bin/../lib/gcc/arm-none-eabi/10.3.1/../../../../arm-none-eabi/lib/thumb/v7e-m+fp/hard\libcr_c.a(initio.o) (fclose)
c:/nxp/mcuxpressoide_11.5.0_7232/ide/plugins/com.nxp.mcuxpresso.tools.win32_11.5.0.202107051138/tools/bin/../lib/gcc/arm-none-eabi/10.3.1/../../../../arm-none-eabi/lib/thumb/v7e-m+fp/hard\libcr_c.a(fflush.o)
[...]
Memory Configuration

Name             Origin             Length             Attributes
PROGRAM_FLASH    0x00000000         0x00100000         xr
SRAM_UPPER       0x20000000         0x00030000         xrw
SRAM_LOWER       0x1fff0000         0x00010000         xrw
FLEX_RAM         0x14000000         0x00001000         xrw
*default*        0x00000000         0xffffffff

Linker script and memory map

LOAD ./utilities/fsl_assert.o
LOAD ./utilities/fsl_debug_console.o
LOAD ./startup/startup_mk64f12.o
LOAD ./source/dspi_polling_b2b_transfer_master.o
LOAD ./source/semihost_hardfault.o
LOAD ./drivers/fsl_clock.o
LOAD ./drivers/fsl_common.o
LOAD ./drivers/fsl_common_arm.o
LOAD ./drivers/fsl_dspi.o
LOAD ./drivers/fsl_ftfx_cache.o
LOAD ./drivers/fsl_ftfx_controller.o
LOAD ./drivers/fsl_ftfx_flash.o
LOAD ./drivers/fsl_ftfx_flexnvm.o
LOAD ./drivers/fsl_gpio.o
LOAD ./drivers/fsl_smc.o
LOAD ./drivers/fsl_uart.o
LOAD ./device/system_MK64F12.o
LOAD ./component/uart/fsl_adapter_uart.o
LOAD ./component/lists/fsl_component_generic_list.o
LOAD ./board/board.o
LOAD ./board/clock_config.o
LOAD ./board/pin_mux.o
START GROUP
LOAD c:/nxp/mcuxpressoide_11.5.0_7232/ide/plugins/com.nxp.mcuxpresso.tools.win32_11.5.0.202107051138/tools/bin/../lib/gcc/arm-none-eabi/10.3.1/../../../../arm-none-eabi/lib/thumb/v7e-m+fp/hard\libcr_nohost_nf.a
LOAD c:/nxp/mcuxpressoide_11.5.0_7232/ide/plugins/com.nxp.mcuxpresso.tools.win32_11.5.0.202107051138/tools/bin/../lib/gcc/arm-none-eabi/10.3.1/../../../../arm-none-eabi/lib/thumb/v7e-m+fp/hard\libcr_c.a
LOAD c:/nxp/mcuxpressoide_11.5.0_7232/ide/plugins/com.nxp.mcuxpresso.tools.win32_11.5.0.202107051138/tools/bin/../lib/gcc/arm-none-eabi/10.3.1/thumb/v7e-m+fp/hard\libcr_eabihelpers.a
LOAD c:/nxp/mcuxpressoide_11.5.0_7232/ide/plugins/com.nxp.mcuxpresso.tools.win32_11.5.0.202107051138/tools/bin/../lib/gcc/arm-none-eabi/10.3.1/thumb/v7e-m+fp/hard\libgcc.a
END GROUP
                0x00000000                __base_PROGRAM_FLASH = 0x0
                0x00000000                __base_Flash = 0x0
                0x00100000                __top_PROGRAM_FLASH = 0x100000
                0x00100000                __top_Flash = 0x100000
                0x20000000                __base_SRAM_UPPER = 0x20000000
                0x20000000                __base_RAM = 0x20000000
                0x20030000                __top_SRAM_UPPER = 0x20030000
                0x20030000                __top_RAM = 0x20030000
                0x1fff0000                __base_SRAM_LOWER = 0x1fff0000
                0x1fff0000                __base_RAM2 = 0x1fff0000
                0x20000000                __top_SRAM_LOWER = 0x20000000
                0x20000000                __top_RAM2 = 0x20000000
                0x14000000                __base_FLEX_RAM = 0x14000000
                0x14000000                __base_RAM3 = 0x14000000
                0x14001000                __top_FLEX_RAM = 0x14001000
                0x14001000                __top_RAM3 = 0x14001000

.text           0x00000000     0x47e8
 FILL mask 0xff
                0x00000000                __vectors_start__ = ABSOLUTE (.)
 *(SORT_BY_ALIGNMENT(.isr_vector))
 .isr_vector    0x00000000      0x198 ./startup/startup_mk64f12.o
                0x00000000                g_pfnVectors
                0x00000000                __Vectors
                0x00000198                . = ALIGN (0x4)
                0x00000198                __section_table_start = .
                0x00000198                __data_section_table = .
                0x00000198        0x4 LONG 0x47e8 LOADADDR (.data)
                0x0000019c        0x4 LONG 0x20000000 ADDR (.data)
                0x000001a0        0x4 LONG 0x1080 SIZEOF (.data)
                0x000001a4        0x4 LONG 0x47e8 LOADADDR (.data_RAM2)
                0x000001a8        0x4 LONG 0x1fff0000 ADDR (.data_RAM2)
                0x000001ac        0x4 LONG 0x0 SIZEOF (.data_RAM2)
                0x000001b0        0x4 LONG 0x47e8 LOADADDR (.data_RAM3)
                0x000001b4        0x4 LONG 0x14000000 ADDR (.data_RAM3)
                0x000001b8        0x4 LONG 0x0 SIZEOF (.data_RAM3)
                0x000001bc                __data_section_table_end = .
                0x000001bc                __bss_section_table = .
                0x000001bc        0x4 LONG 0x20001080 ADDR (.bss)
                0x000001c0        0x4 LONG 0x208 SIZEOF (.bss)
                0x000001c4        0x4 LONG 0x1fff0000 ADDR (.bss_RAM2)
                0x000001c8        0x4 LONG 0x0 SIZEOF (.bss_RAM2)
                0x000001cc        0x4 LONG 0x14000000 ADDR (.bss_RAM3)
                0x000001d0        0x4 LONG 0x0 SIZEOF (.bss_RAM3)
                0x000001d4                __bss_section_table_end = .
                0x000001d4                __section_table_end = .
 *(SORT_BY_ALIGNMENT(.after_vectors*))
 .after_vectors.reset
                0x000001d4       0x4c ./startup/startup_mk64f12.o
                0x000001d4                ResetISR
 .after_vectors.init_data
                0x00000220       0x1e ./startup/startup_mk64f12.o
                0x00000220                data_init
 .after_vectors.init_bss
                0x0000023e       0x12 ./startup/startup_mk64f12.o
                0x0000023e                bss_init
 .after_vectors
                0x00000250       0x14 ./startup/startup_mk64f12.o
                0x00000250                NMI_Handler
                0x00000254                MemManage_Handler
                0x00000256                BusFault_Handler
                0x00000258                UsageFault_Handler
                0x0000025a                SVC_Handler
                0x0000025c                DebugMon_Handler
                0x0000025e                PendSV_Handler
                0x00000262                DMA_Error_DriverIRQHandler
                0x00000262                FTM1_DriverIRQHandler
                0x00000262                FTM2_DriverIRQHandler
                0x00000262                PIT2_DriverIRQHandler
                0x00000262                SDHC_DriverIRQHandler
                0x00000262                I2S0_Tx_DriverIRQHandler
                0x00000262                RTC_Seconds_DriverIRQHandler
                0x00000262                DMA6_DriverIRQHandler
                0x00000262                LLWU_DriverIRQHandler
                0x00000262                MCM_DriverIRQHandler
                0x00000262                MCG_DriverIRQHandler
                0x00000262                ENET_1588_Timer_DriverIRQHandler
                0x00000262                I2C2_DriverIRQHandler
                0x00000262                DAC1_DriverIRQHandler
                0x00000262                LPTMR0_DriverIRQHandler
                0x00000262                CMP1_DriverIRQHandler
                0x00000262                FTM0_DriverIRQHandler
                0x00000262                IntDefaultHandler
                0x00000262                USB0_DriverIRQHandler
                0x00000262                UART5_ERR_DriverIRQHandler
                0x00000262                PORTC_DriverIRQHandler
                0x00000262                DMA11_DriverIRQHandler
                0x00000262                DAC0_DriverIRQHandler
                0x00000262                DMA10_DriverIRQHandler
                0x00000262                CMP2_DriverIRQHandler
                0x00000262                UART2_ERR_DriverIRQHandler
                0x00000262                LVD_LVW_DriverIRQHandler
                0x00000262                PIT0_DriverIRQHandler
                0x00000262                RNG_DriverIRQHandler
                0x00000262                DMA12_DriverIRQHandler
                0x00000262                DMA4_DriverIRQHandler
                0x00000262                USBDCD_DriverIRQHandler
                0x00000262                UART3_ERR_DriverIRQHandler
                0x00000262                DMA3_DriverIRQHandler
                0x00000262                DMA8_DriverIRQHandler
                0x00000262                DMA9_DriverIRQHandler
                0x00000262                UART0_ERR_DriverIRQHandler
                0x00000262                CMT_DriverIRQHandler
                0x00000262                Reserved71_DriverIRQHandler
                0x00000262                ADC1_DriverIRQHandler
                0x00000262                PORTA_DriverIRQHandler
                0x00000262                DMA14_DriverIRQHandler
                0x00000262                PIT3_DriverIRQHandler
                0x00000262                PIT1_DriverIRQHandler
                0x00000262                WDOG_EWM_DriverIRQHandler
                0x00000262                PDB0_DriverIRQHandler
                0x00000262                RTC_DriverIRQHandler
                0x00000262                I2S0_Rx_DriverIRQHandler
                0x00000262                Read_Collision_DriverIRQHandler
                0x00000262                SWI_DriverIRQHandler
                0x00000262                UART4_ERR_DriverIRQHandler
                0x00000262                PORTB_DriverIRQHandler
                0x00000262                UART0_LON_DriverIRQHandler
                0x00000262                DMA0_DriverIRQHandler
                0x00000262                DMA1_DriverIRQHandler
                0x00000262                I2C1_DriverIRQHandler
                0x00000262                ENET_Receive_DriverIRQHandler
                0x00000262                DMA13_DriverIRQHandler
                0x00000262                ENET_Error_DriverIRQHandler
                0x00000262                DMA15_DriverIRQHandler
                0x00000262                ADC0_DriverIRQHandler
                0x00000262                CMP0_DriverIRQHandler
                0x00000262                CAN0_DriverIRQHandler
                0x00000262                FTM3_DriverIRQHandler
                0x00000262                DMA5_DriverIRQHandler
                0x00000262                UART1_ERR_DriverIRQHandler
                0x00000262                DMA2_DriverIRQHandler
                0x00000262                ENET_Transmit_DriverIRQHandler
                0x00000262                PORTD_DriverIRQHandler
                0x00000262                PORTE_DriverIRQHandler
                0x00000262                FTFE_DriverIRQHandler
                0x00000262                I2C0_DriverIRQHandler
                0x00000262                DMA7_DriverIRQHandler
                0x00000400                . = 0x400
 *fill*         0x00000264      0x19c ff
                0x00000400                PROVIDE (__FLASH_CONFIG_START__ = .)
 *(SORT_BY_ALIGNMENT(.FlashConfig))
 .FlashConfig   0x00000400       0x10 ./startup/startup_mk64f12.o
                0x00000400                Flash_Config
                0x00000410                PROVIDE (__FLASH_CONFIG_END__ = .)
                0x00000001                ASSERT (! ((__FLASH_CONFIG_START__ == __FLASH_CONFIG_END__)), Linker Flash Config Support Enabled, but no .FlashConfig section provided within application)
 *(SORT_BY_ALIGNMENT(.text*))
 .text.__assertion_failed
                0x00000410       0x18 ./utilities/fsl_assert.o
                0x00000410                __assertion_failed
 .text.DbgConsole_Init
                0x00000428       0x74 ./utilities/fsl_debug_console.o
                0x00000428                DbgConsole_Init
 .text.DbgConsole_Vprintf
                0x0000049c       0x3c ./utilities/fsl_debug_console.o
                0x0000049c                DbgConsole_Vprintf
 .text.DbgConsole_Putchar
                0x000004d8       0x30 ./utilities/fsl_debug_console.o
                0x000004d8                DbgConsole_Putchar
 .text.DbgConsole_Getchar
                0x00000508       0x3c ./utilities/fsl_debug_console.o
                0x00000508                DbgConsole_Getchar
 .text.DbgConsole_PrintfFormattedData
                0x00000544      0x3e0 ./utilities/fsl_debug_console.o
 .text.__NVIC_SetPriority
                0x00000924       0x54 ./source/dspi_polling_b2b_transfer_master.o
 .text.SysTick_Config
                0x00000978       0x44 ./source/dspi_polling_b2b_transfer_master.o
 .text.SysTick_Handler
                0x000009bc       0x24 ./source/dspi_polling_b2b_transfer_master.o
                0x000009bc                SysTick_Handler
 .text.main     0x000009e0      0x1c8 ./source/dspi_polling_b2b_transfer_master.o
                0x000009e0                main
 .text.EINK_GPIO_PINS
                0x00000ba8       0x74 ./source/dspi_polling_b2b_transfer_master.o
                0x00000ba8                EINK_GPIO_PINS
 .text.EINK_SendCommand
                0x00000c1c       0x58 ./source/dspi_polling_b2b_transfer_master.o
 .text.EINK_SendData
                0x00000c74       0x58 ./source/dspi_polling_b2b_transfer_master.o
 .text.EINK_ReadBusy
                0x00000ccc       0x2c ./source/dspi_polling_b2b_transfer_master.o
                0x00000ccc                EINK_ReadBusy
 .text.EINK_Reset
                0x00000cf8       0x3c ./source/dspi_polling_b2b_transfer_master.o
 .text.EINK_Init
                0x00000d34       0x7c ./source/dspi_polling_b2b_transfer_master.o
                0x00000d34                EINK_Init
 .text.Delay_Config
                0x00000db0       0x2c ./source/dspi_polling_b2b_transfer_master.o
                0x00000db0                Delay_Config
 .text.delay_ms
                0x00000ddc       0x2c ./source/dspi_polling_b2b_transfer_master.o
                0x00000ddc                delay_ms
 .text.EINK_test
                0x00000e08       0x5c ./source/dspi_polling_b2b_transfer_master.o
                0x00000e08                EINK_test
 .text.CLOCK_SetEr32kClock
                0x00000e64       0x30 ./drivers/fsl_clock.o
 .text.CLOCK_SetPllFllSelClock
                0x00000e94       0x38 ./drivers/fsl_clock.o
 .text.CLOCK_GetMcgExtClkFreq
                0x00000ecc       0x7c ./drivers/fsl_clock.o
 .text.CLOCK_GetFllExtRefClkFreq
                0x00000f48       0xb0 ./drivers/fsl_clock.o
 .text.CLOCK_GetInternalRefClkSelectFreq
                0x00000ff8       0x4c ./drivers/fsl_clock.o
 .text.CLOCK_GetFllRefClkFreq
                0x00001044       0x34 ./drivers/fsl_clock.o
 .text.CLOCK_GetOscRangeFromFreq
                0x00001078       0x3c ./drivers/fsl_clock.o
 .text.CLOCK_GetOsc0ErClkFreq
                0x000010b4       0x44 ./drivers/fsl_clock.o
                0x000010b4                CLOCK_GetOsc0ErClkFreq
 .text.CLOCK_GetEr32kClkFreq
                0x000010f8       0x74 ./drivers/fsl_clock.o
                0x000010f8                CLOCK_GetEr32kClkFreq
 .text.CLOCK_GetPllFllSelClkFreq
                0x0000116c       0x54 ./drivers/fsl_clock.o
                0x0000116c                CLOCK_GetPllFllSelClkFreq
 .text.CLOCK_GetCoreSysClkFreq
                0x000011c0       0x28 ./drivers/fsl_clock.o
                0x000011c0                CLOCK_GetCoreSysClkFreq
 .text.CLOCK_GetFreq
                0x000011e8      0x140 ./drivers/fsl_clock.o
                0x000011e8                CLOCK_GetFreq
 .text.CLOCK_SetSimConfig
                0x00001328       0x34 ./drivers/fsl_clock.o
                0x00001328                CLOCK_SetSimConfig
 .text.CLOCK_GetOutClkFreq
                0x0000135c       0x64 ./drivers/fsl_clock.o
                0x0000135c                CLOCK_GetOutClkFreq
 .text.CLOCK_GetFllFreq
                0x000013c0       0x84 ./drivers/fsl_clock.o
                0x000013c0                CLOCK_GetFllFreq
 .text.CLOCK_GetInternalRefClkFreq
                0x00001444       0x30 ./drivers/fsl_clock.o
                0x00001444                CLOCK_GetInternalRefClkFreq
 .text.CLOCK_GetPll0Freq
                0x00001474       0x78 ./drivers/fsl_clock.o
                0x00001474                CLOCK_GetPll0Freq
 .text.CLOCK_SetExternalRefClkConfig
                0x000014ec       0x6c ./drivers/fsl_clock.o
                0x000014ec                CLOCK_SetExternalRefClkConfig
 .text.CLOCK_SetInternalRefClkConfig
                0x00001558      0x104 ./drivers/fsl_clock.o
                0x00001558                CLOCK_SetInternalRefClkConfig
 .text.CLOCK_EnablePll0
                0x0000165c       0x88 ./drivers/fsl_clock.o
                0x0000165c                CLOCK_EnablePll0
 .text.CLOCK_InitOsc0
                0x000016e4       0x8c ./drivers/fsl_clock.o
                0x000016e4                CLOCK_InitOsc0
 .text.CLOCK_SetPbeMode
                0x00001770       0xa8 ./drivers/fsl_clock.o
                0x00001770                CLOCK_SetPbeMode
 .text.CLOCK_BootToPeeMode
                0x00001818       0x64 ./drivers/fsl_clock.o
                0x00001818                CLOCK_BootToPeeMode
 .text.DSPI_GetInstance
                0x0000187c       0x4c ./drivers/fsl_dspi.o
                0x0000187c                DSPI_GetInstance
 .text.DSPI_GetDummyDataInstance
                0x000018c8       0x24 ./drivers/fsl_dspi.o
                0x000018c8                DSPI_GetDummyDataInstance
 .text.DSPI_SetDummyData
                0x000018ec       0x2c ./drivers/fsl_dspi.o
                0x000018ec                DSPI_SetDummyData
 .text.DSPI_MasterInit
                0x00001918      0x16c ./drivers/fsl_dspi.o
                0x00001918                DSPI_MasterInit
 .text.DSPI_MasterSetBaudRate
                0x00001a84      0x12c ./drivers/fsl_dspi.o
                0x00001a84                DSPI_MasterSetBaudRate
 .text.DSPI_MasterSetDelayScaler
                0x00001bb0       0xe8 ./drivers/fsl_dspi.o
                0x00001bb0                DSPI_MasterSetDelayScaler
 .text.DSPI_MasterSetDelayTimes
                0x00001c98      0x130 ./drivers/fsl_dspi.o
                0x00001c98                DSPI_MasterSetDelayTimes
 .text.DSPI_MasterTransferBlocking
                0x00001dc8      0x488 ./drivers/fsl_dspi.o
                0x00001dc8                DSPI_MasterTransferBlocking
 .text.DSPI_CommonIRQHandler
                0x00002250       0x44 ./drivers/fsl_dspi.o
 .text.SPI0_DriverIRQHandler
                0x00002294       0x30 ./drivers/fsl_dspi.o
                0x00002294                SPI0_DriverIRQHandler
 .text.SPI1_DriverIRQHandler
                0x000022c4       0x30 ./drivers/fsl_dspi.o
                0x000022c4                SPI1_DriverIRQHandler
 .text.SPI2_DriverIRQHandler
                0x000022f4       0x30 ./drivers/fsl_dspi.o
                0x000022f4                SPI2_DriverIRQHandler
 .text.GPIO_PinInit
                0x00002324       0x64 ./drivers/fsl_gpio.o
                0x00002324                GPIO_PinInit
 .text.UART_GetInstance
                0x00002388       0x54 ./drivers/fsl_uart.o
                0x00002388                UART_GetInstance
 .text.UART_Init
                0x000023dc      0x2f4 ./drivers/fsl_uart.o
                0x000023dc                UART_Init
 .text.UART_GetDefaultConfig
                0x000026d0       0x68 ./drivers/fsl_uart.o
                0x000026d0                UART_GetDefaultConfig
 .text.UART_ReadBlocking
                0x00002738       0xfc ./drivers/fsl_uart.o
                0x00002738                UART_ReadBlocking
 .text.UART0_DriverIRQHandler
                0x00002834       0x28 ./drivers/fsl_uart.o
                0x00002834                UART0_DriverIRQHandler
 .text.UART1_DriverIRQHandler
                0x0000285c       0x28 ./drivers/fsl_uart.o
                0x0000285c                UART1_DriverIRQHandler
 .text.UART2_DriverIRQHandler
                0x00002884       0x28 ./drivers/fsl_uart.o
                0x00002884                UART2_DriverIRQHandler
 .text.UART3_DriverIRQHandler
                0x000028ac       0x28 ./drivers/fsl_uart.o
                0x000028ac                UART3_DriverIRQHandler
 .text.UART4_DriverIRQHandler
                0x000028d4       0x28 ./drivers/fsl_uart.o
                0x000028d4                UART4_DriverIRQHandler
 .text.UART5_DriverIRQHandler
                0x000028fc       0x28 ./drivers/fsl_uart.o
                0x000028fc                UART5_DriverIRQHandler
 .text.SystemInit
                0x00002924       0x3c ./device/system_MK64F12.o
                0x00002924                SystemInit
 .text.HAL_UartInit
                0x00002960      0x128 ./component/uart/fsl_adapter_uart.o
                0x00002960                HAL_UartInit
 .text.HAL_UartReceiveBlocking
                0x00002a88       0x6c ./component/uart/fsl_adapter_uart.o
                0x00002a88                HAL_UartReceiveBlocking
 .text.HAL_UartSendBlocking
                0x00002af4       0x64 ./component/uart/fsl_adapter_uart.o
                0x00002af4                HAL_UartSendBlocking
 .text.CLOCK_SetSimSafeDivs
                0x00002b58       0x20 ./board/clock_config.o
 .text.CLOCK_SetXtal0Freq
                0x00002b78       0x20 ./board/clock_config.o
 .text.CLOCK_CONFIG_SetFllExtRefDiv
                0x00002b98       0x3c ./board/clock_config.o
 .text.BOARD_BootClockRUN
                0x00002bd4       0x60 ./board/clock_config.o
                0x00002bd4                BOARD_BootClockRUN
 .text.BOARD_InitPins
                0x00002c34      0x144 ./board/pin_mux.o
                0x00002c34                BOARD_InitPins
 .text._initio  0x00002d78       0x78 c:/nxp/mcuxpressoide_11.5.0_7232/ide/plugins/com.nxp.mcuxpresso.tools.win32_11.5.0.202107051138/tools/bin/../lib/gcc/arm-none-eabi/10.3.1/../../../../arm-none-eabi/lib/thumb/v7e-m+fp/hard\libcr_c.a(initio.o)
                0x00002d78                _initio
 .text.fflush   0x00002df0       0x3c c:/nxp/mcuxpressoide_11.5.0_7232/ide/plugins/com.nxp.mcuxpresso.tools.win32_11.5.0.202107051138/tools/bin/../lib/gcc/arm-none-eabi/10.3.1/../../../../arm-none-eabi/lib/thumb/v7e-m+fp/hard\libcr_c.a(fflush.o)
                0x00002df0                fflush
 .text.fseek    0x00002e2c       0xfc c:/nxp/mcuxpressoide_11.5.0_7232/ide/plugins/com.nxp.mcuxpresso.tools.win32_11.5.0.202107051138/tools/bin/../lib/gcc/arm-none-eabi/10.3.1/../../../../arm-none-eabi/lib/thumb/v7e-m+fp/hard\libcr_c.a(fseek.o)
                0x00002e2c                fseek
 .text.ftell    0x00002f28       0x44 c:/nxp/mcuxpressoide_11.5.0_7232/ide/plugins/com.nxp.mcuxpresso.tools.win32_11.5.0.202107051138/tools/bin/../lib/gcc/arm-none-eabi/10.3.1/../../../../arm-none-eabi/lib/thumb/v7e-m+fp/hard\libcr_c.a(ftell.o)
                0x00002f28                ftell
 .text._Cwritebuf
                0x00002f6c       0x6c c:/nxp/mcuxpressoide_11.5.0_7232/ide/plugins/com.nxp.mcuxpresso.tools.win32_11.5.0.202107051138/tools/bin/../lib/gcc/arm-none-eabi/10.3.1/../../../../arm-none-eabi/lib/thumb/v7e-m+fp/hard\libcr_c.a(_writebuf.o)
                0x00002f6c                _Cwritebuf
 .text.DbgConsole_Printf
                0x00002fd8       0x2c ./utilities/fsl_debug_console.o
                0x00002fd8                DbgConsole_Printf
 .text.DbgConsole_PrintfPaddingCharacter
                0x00003004       0x40 ./utilities/fsl_debug_console.o
 .text.DbgConsole_ConvertRadixNumToString
                0x00003044       0xc2 ./utilities/fsl_debug_console.o
 .text.DMA0_IRQHandler
                0x00003106        0x8 ./startup/startup_mk64f12.o
                0x00003106                DMA0_IRQHandler
 .text.DMA1_IRQHandler
                0x0000310e        0x8 ./startup/startup_mk64f12.o
                0x0000310e                DMA1_IRQHandler
 .text.DMA2_IRQHandler
                0x00003116        0x8 ./startup/startup_mk64f12.o
                0x00003116                DMA2_IRQHandler
 .text.DMA3_IRQHandler
                0x0000311e        0x8 ./startup/startup_mk64f12.o
                0x0000311e                DMA3_IRQHandler
 .text.DMA4_IRQHandler
                0x00003126        0x8 ./startup/startup_mk64f12.o
                0x00003126                DMA4_IRQHandler
 .text.DMA5_IRQHandler
                0x0000312e        0x8 ./startup/startup_mk64f12.o
                0x0000312e                DMA5_IRQHandler
 .text.DMA6_IRQHandler
                0x00003136        0x8 ./startup/startup_mk64f12.o
                0x00003136                DMA6_IRQHandler
 .text.DMA7_IRQHandler
                0x0000313e        0x8 ./startup/startup_mk64f12.o
                0x0000313e                DMA7_IRQHandler
 .text.DMA8_IRQHandler
                0x00003146        0x8 ./startup/startup_mk64f12.o
                0x00003146                DMA8_IRQHandler
 .text.DMA9_IRQHandler
                0x0000314e        0x8 ./startup/startup_mk64f12.o
                0x0000314e                DMA9_IRQHandler
 .text.DMA10_IRQHandler
                0x00003156        0x8 ./startup/startup_mk64f12.o
                0x00003156                DMA10_IRQHandler
 .text.DMA11_IRQHandler
                0x0000315e        0x8 ./startup/startup_mk64f12.o
                0x0000315e                DMA11_IRQHandler
 .text.DMA12_IRQHandler
                0x00003166        0x8 ./startup/startup_mk64f12.o
                0x00003166                DMA12_IRQHandler
 .text.DMA13_IRQHandler
                0x0000316e        0x8 ./startup/startup_mk64f12.o
                0x0000316e                DMA13_IRQHandler
 .text.DMA14_IRQHandler
                0x00003176        0x8 ./startup/startup_mk64f12.o
                0x00003176                DMA14_IRQHandler
 .text.DMA15_IRQHandler
                0x0000317e        0x8 ./startup/startup_mk64f12.o
                0x0000317e                DMA15_IRQHandler
 .text.DMA_Error_IRQHandler
                0x00003186        0x8 ./startup/startup_mk64f12.o
                0x00003186                DMA_Error_IRQHandler
 .text.MCM_IRQHandler
                0x0000318e        0x8 ./startup/startup_mk64f12.o
                0x0000318e                MCM_IRQHandler
 .text.FTFE_IRQHandler
                0x00003196        0x8 ./startup/startup_mk64f12.o
                0x00003196                FTFE_IRQHandler
 .text.Read_Collision_IRQHandler
                0x0000319e        0x8 ./startup/startup_mk64f12.o
                0x0000319e                Read_Collision_IRQHandler
 .text.LVD_LVW_IRQHandler
                0x000031a6        0x8 ./startup/startup_mk64f12.o
                0x000031a6                LVD_LVW_IRQHandler
 .text.LLWU_IRQHandler
                0x000031ae        0x8 ./startup/startup_mk64f12.o
                0x000031ae                LLWU_IRQHandler
 .text.WDOG_EWM_IRQHandler
                0x000031b6        0x8 ./startup/startup_mk64f12.o
                0x000031b6                WDOG_EWM_IRQHandler
 .text.RNG_IRQHandler
                0x000031be        0x8 ./startup/startup_mk64f12.o
                0x000031be                RNG_IRQHandler
 .text.I2C0_IRQHandler
                0x000031c6        0x8 ./startup/startup_mk64f12.o
                0x000031c6                I2C0_IRQHandler
 .text.I2C1_IRQHandler
                0x000031ce        0x8 ./startup/startup_mk64f12.o
                0x000031ce                I2C1_IRQHandler
 .text.SPI0_IRQHandler
                0x000031d6        0x8 ./startup/startup_mk64f12.o
                0x000031d6                SPI0_IRQHandler
 .text.SPI1_IRQHandler
                0x000031de        0x8 ./startup/startup_mk64f12.o
                0x000031de                SPI1_IRQHandler
 .text.I2S0_Tx_IRQHandler
                0x000031e6        0x8 ./startup/startup_mk64f12.o
                0x000031e6                I2S0_Tx_IRQHandler
 .text.I2S0_Rx_IRQHandler
                0x000031ee        0x8 ./startup/startup_mk64f12.o
                0x000031ee                I2S0_Rx_IRQHandler
 .text.UART0_LON_IRQHandler
                0x000031f6        0x8 ./startup/startup_mk64f12.o
                0x000031f6                UART0_LON_IRQHandler
 .text.UART0_RX_TX_IRQHandler
                0x000031fe        0x8 ./startup/startup_mk64f12.o
                0x000031fe                UART0_RX_TX_IRQHandler
 .text.UART0_ERR_IRQHandler
                0x00003206        0x8 ./startup/startup_mk64f12.o
                0x00003206                UART0_ERR_IRQHandler
 .text.UART1_RX_TX_IRQHandler
                0x0000320e        0x8 ./startup/startup_mk64f12.o
                0x0000320e                UART1_RX_TX_IRQHandler
 .text.UART1_ERR_IRQHandler
                0x00003216        0x8 ./startup/startup_mk64f12.o
                0x00003216                UART1_ERR_IRQHandler
 .text.UART2_RX_TX_IRQHandler
                0x0000321e        0x8 ./startup/startup_mk64f12.o
                0x0000321e                UART2_RX_TX_IRQHandler
 .text.UART2_ERR_IRQHandler
                0x00003226        0x8 ./startup/startup_mk64f12.o
                0x00003226                UART2_ERR_IRQHandler
 .text.UART3_RX_TX_IRQHandler
                0x0000322e        0x8 ./startup/startup_mk64f12.o
                0x0000322e                UART3_RX_TX_IRQHandler
 .text.UART3_ERR_IRQHandler
                0x00003236        0x8 ./startup/startup_mk64f12.o
                0x00003236                UART3_ERR_IRQHandler
 .text.ADC0_IRQHandler
                0x0000323e        0x8 ./startup/startup_mk64f12.o
                0x0000323e                ADC0_IRQHandler
 .text.CMP0_IRQHandler
                0x00003246        0x8 ./startup/startup_mk64f12.o
                0x00003246                CMP0_IRQHandler
 .text.CMP1_IRQHandler
                0x0000324e        0x8 ./startup/startup_mk64f12.o
                0x0000324e                CMP1_IRQHandler
 .text.FTM0_IRQHandler
                0x00003256        0x8 ./startup/startup_mk64f12.o
                0x00003256                FTM0_IRQHandler
 .text.FTM1_IRQHandler
                0x0000325e        0x8 ./startup/startup_mk64f12.o
                0x0000325e                FTM1_IRQHandler
 .text.FTM2_IRQHandler
                0x00003266        0x8 ./startup/startup_mk64f12.o
                0x00003266                FTM2_IRQHandler
 .text.CMT_IRQHandler
                0x0000326e        0x8 ./startup/startup_mk64f12.o
                0x0000326e                CMT_IRQHandler
 .text.RTC_IRQHandler
                0x00003276        0x8 ./startup/startup_mk64f12.o
                0x00003276                RTC_IRQHandler
 .text.RTC_Seconds_IRQHandler
                0x0000327e        0x8 ./startup/startup_mk64f12.o
                0x0000327e                RTC_Seconds_IRQHandler
 .text.PIT0_IRQHandler
                0x00003286        0x8 ./startup/startup_mk64f12.o
                0x00003286                PIT0_IRQHandler
 .text.PIT1_IRQHandler
                0x0000328e        0x8 ./startup/startup_mk64f12.o
                0x0000328e                PIT1_IRQHandler
 .text.PIT2_IRQHandler
                0x00003296        0x8 ./startup/startup_mk64f12.o
                0x00003296                PIT2_IRQHandler
 .text.PIT3_IRQHandler
                0x0000329e        0x8 ./startup/startup_mk64f12.o
                0x0000329e                PIT3_IRQHandler
 .text.PDB0_IRQHandler
                0x000032a6        0x8 ./startup/startup_mk64f12.o
                0x000032a6                PDB0_IRQHandler
 .text.USB0_IRQHandler
                0x000032ae        0x8 ./startup/startup_mk64f12.o
                0x000032ae                USB0_IRQHandler
 .text.USBDCD_IRQHandler
                0x000032b6        0x8 ./startup/startup_mk64f12.o
                0x000032b6                USBDCD_IRQHandler
 .text.Reserved71_IRQHandler
                0x000032be        0x8 ./startup/startup_mk64f12.o
                0x000032be                Reserved71_IRQHandler
 .text.DAC0_IRQHandler
                0x000032c6        0x8 ./startup/startup_mk64f12.o
                0x000032c6                DAC0_IRQHandler
 .text.MCG_IRQHandler
                0x000032ce        0x8 ./startup/startup_mk64f12.o
                0x000032ce                MCG_IRQHandler
 .text.LPTMR0_IRQHandler
                0x000032d6        0x8 ./startup/startup_mk64f12.o
                0x000032d6                LPTMR0_IRQHandler
 .text.PORTA_IRQHandler
                0x000032de        0x8 ./startup/startup_mk64f12.o
                0x000032de                PORTA_IRQHandler
 .text.PORTB_IRQHandler
                0x000032e6        0x8 ./startup/startup_mk64f12.o
                0x000032e6                PORTB_IRQHandler
 .text.PORTC_IRQHandler
                0x000032ee        0x8 ./startup/startup_mk64f12.o
                0x000032ee                PORTC_IRQHandler
 .text.PORTD_IRQHandler
                0x000032f6        0x8 ./startup/startup_mk64f12.o
                0x000032f6                PORTD_IRQHandler
 .text.PORTE_IRQHandler
                0x000032fe        0x8 ./startup/startup_mk64f12.o
                0x000032fe                PORTE_IRQHandler
 .text.SWI_IRQHandler
                0x00003306        0x8 ./startup/startup_mk64f12.o
                0x00003306                SWI_IRQHandler
 .text.SPI2_IRQHandler
                0x0000330e        0x8 ./startup/startup_mk64f12.o
                0x0000330e                SPI2_IRQHandler
 .text.UART4_RX_TX_IRQHandler
                0x00003316        0x8 ./startup/startup_mk64f12.o
                0x00003316                UART4_RX_TX_IRQHandler
 .text.UART4_ERR_IRQHandler
                0x0000331e        0x8 ./startup/startup_mk64f12.o
                0x0000331e                UART4_ERR_IRQHandler
 .text.UART5_RX_TX_IRQHandler
                0x00003326        0x8 ./startup/startup_mk64f12.o
                0x00003326                UART5_RX_TX_IRQHandler
 .text.UART5_ERR_IRQHandler
                0x0000332e        0x8 ./startup/startup_mk64f12.o
                0x0000332e                UART5_ERR_IRQHandler
 .text.CMP2_IRQHandler
                0x00003336        0x8 ./startup/startup_mk64f12.o
                0x00003336                CMP2_IRQHandler
 .text.FTM3_IRQHandler
                0x0000333e        0x8 ./startup/startup_mk64f12.o
                0x0000333e                FTM3_IRQHandler
 .text.DAC1_IRQHandler
                0x00003346        0x8 ./startup/startup_mk64f12.o
                0x00003346                DAC1_IRQHandler
 .text.ADC1_IRQHandler
                0x0000334e        0x8 ./startup/startup_mk64f12.o
                0x0000334e                ADC1_IRQHandler
 .text.I2C2_IRQHandler
                0x00003356        0x8 ./startup/startup_mk64f12.o
                0x00003356                I2C2_IRQHandler
 .text.CAN0_ORed_Message_buffer_IRQHandler
                0x0000335e        0x8 ./startup/startup_mk64f12.o
                0x0000335e                CAN0_ORed_Message_buffer_IRQHandler
 .text.CAN0_Bus_Off_IRQHandler
                0x00003366        0x8 ./startup/startup_mk64f12.o
                0x00003366                CAN0_Bus_Off_IRQHandler
 .text.CAN0_Error_IRQHandler
                0x0000336e        0x8 ./startup/startup_mk64f12.o
                0x0000336e                CAN0_Error_IRQHandler
 .text.CAN0_Tx_Warning_IRQHandler
                0x00003376        0x8 ./startup/startup_mk64f12.o
                0x00003376                CAN0_Tx_Warning_IRQHandler
 .text.CAN0_Rx_Warning_IRQHandler
                0x0000337e        0x8 ./startup/startup_mk64f12.o
                0x0000337e                CAN0_Rx_Warning_IRQHandler
 .text.CAN0_Wake_Up_IRQHandler
                0x00003386        0x8 ./startup/startup_mk64f12.o
                0x00003386                CAN0_Wake_Up_IRQHandler
 .text.SDHC_IRQHandler
                0x0000338e        0x8 ./startup/startup_mk64f12.o
                0x0000338e                SDHC_IRQHandler
 .text.ENET_1588_Timer_IRQHandler
                0x00003396        0x8 ./startup/startup_mk64f12.o
                0x00003396                ENET_1588_Timer_IRQHandler
 .text.ENET_Transmit_IRQHandler
                0x0000339e        0x8 ./startup/startup_mk64f12.o
                0x0000339e                ENET_Transmit_IRQHandler
 .text.ENET_Receive_IRQHandler
                0x000033a6        0x8 ./startup/startup_mk64f12.o
                0x000033a6                ENET_Receive_IRQHandler
 .text.ENET_Error_IRQHandler
                0x000033ae        0x8 ./startup/startup_mk64f12.o
                0x000033ae                ENET_Error_IRQHandler
 .text.GPIO_PinWrite
                0x000033b6       0x36 ./source/dspi_polling_b2b_transfer_master.o
 .text.GPIO_PinRead
                0x000033ec       0x24 ./source/dspi_polling_b2b_transfer_master.o
 .text.EINK_SetWindows
                0x00003410       0x7e ./source/dspi_polling_b2b_transfer_master.o
 .text.EINK_SetCursor
                0x0000348e       0x46 ./source/dspi_polling_b2b_transfer_master.o
 .text.EINK_LUT
                0x000034d4       0x3a ./source/dspi_polling_b2b_transfer_master.o
 .text.EINK_LUT_by_host
                0x0000350e       0x76 ./source/dspi_polling_b2b_transfer_master.o
 .text.EINK_Clear
                0x00003584       0x32 ./source/dspi_polling_b2b_transfer_master.o
                0x00003584                EINK_Clear
 .text.EINK_Display
                0x000035b6       0x40 ./source/dspi_polling_b2b_transfer_master.o
                0x000035b6                EINK_Display
 .text.EINK_TurnOnDisplay
                0x000035f6       0x1e ./source/dspi_polling_b2b_transfer_master.o
 .text.HardFault_Handler
                0x00003614       0x2c ./source/semihost_hardfault.o
                0x00003614                HardFault_Handler
 .text.OSC_SetExtRefClkConfig
                0x00003640       0x34 ./drivers/fsl_clock.o
 .text.OSC_SetCapLoad
                0x00003674       0x34 ./drivers/fsl_clock.o
 .text.CLOCK_GetPll0RefFreq
                0x000036a8        0xe ./drivers/fsl_clock.o
 .text.CLOCK_GetFixedFreqClkFreq
                0x000036b6       0x34 ./drivers/fsl_clock.o
                0x000036b6                CLOCK_GetFixedFreqClkFreq
 .text.CLOCK_EnableClock
                0x000036ea       0x34 ./drivers/fsl_dspi.o
 .text.DSPI_Enable
                0x0000371e       0x38 ./drivers/fsl_dspi.o
 .text.DSPI_GetStatusFlags
                0x00003756       0x18 ./drivers/fsl_dspi.o
 .text.DSPI_ClearStatusFlags
                0x0000376e       0x1c ./drivers/fsl_dspi.o
 .text.DSPI_DisableInterrupts
                0x0000378a       0x24 ./drivers/fsl_dspi.o
 .text.DSPI_SetMasterSlaveMode
                0x000037ae       0x2a ./drivers/fsl_dspi.o
 .text.DSPI_IsMaster
                0x000037d8       0x26 ./drivers/fsl_dspi.o
 .text.DSPI_StartTransfer
                0x000037fe       0x20 ./drivers/fsl_dspi.o
 .text.DSPI_StopTransfer
                0x0000381e       0x20 ./drivers/fsl_dspi.o
 .text.DSPI_FlushFifo
                0x0000383e       0x48 ./drivers/fsl_dspi.o
 .text.DSPI_MasterGetFormattedCommand
                0x00003886       0x4a ./drivers/fsl_dspi.o
 .text.DSPI_ReadData
                0x000038d0       0x18 ./drivers/fsl_dspi.o
 .text.DSPI_SetOnePcsPolarity
                0x000038e8       0x4e ./drivers/fsl_dspi.o
 .text.GPIO_PinWrite
                0x00003936       0x36 ./drivers/fsl_gpio.o
 .text.CLOCK_EnableClock
                0x0000396c       0x34 ./drivers/fsl_uart.o
 .text.UART_GetStatusFlags
                0x000039a0       0x48 ./drivers/fsl_uart.o
                0x000039a0                UART_GetStatusFlags
 .text.UART_ClearStatusFlags
                0x000039e8       0x80 ./drivers/fsl_uart.o
                0x000039e8                UART_ClearStatusFlags
 .text.UART_WriteBlocking
                0x00003a68       0x50 ./drivers/fsl_uart.o
                0x00003a68                UART_WriteBlocking
 .text.UART0_RX_TX_DriverIRQHandler
                0x00003ab8       0x12 ./drivers/fsl_uart.o
                0x00003ab8                UART0_RX_TX_DriverIRQHandler
 .text.UART1_RX_TX_DriverIRQHandler
                0x00003aca       0x12 ./drivers/fsl_uart.o
                0x00003aca                UART1_RX_TX_DriverIRQHandler
 .text.UART2_RX_TX_DriverIRQHandler
                0x00003adc       0x12 ./drivers/fsl_uart.o
                0x00003adc                UART2_RX_TX_DriverIRQHandler
 .text.UART3_RX_TX_DriverIRQHandler
                0x00003aee       0x12 ./drivers/fsl_uart.o
                0x00003aee                UART3_RX_TX_DriverIRQHandler
 .text.UART4_RX_TX_DriverIRQHandler
                0x00003b00       0x12 ./drivers/fsl_uart.o
                0x00003b00                UART4_RX_TX_DriverIRQHandler
 .text.UART5_RX_TX_DriverIRQHandler
                0x00003b12       0x12 ./drivers/fsl_uart.o
                0x00003b12                UART5_RX_TX_DriverIRQHandler
 .text.SystemInitHook
                0x00003b24        0xe ./device/system_MK64F12.o
                0x00003b24                SystemInitHook
 .text.HAL_UartGetStatus
                0x00003b32       0x22 ./component/uart/fsl_adapter_uart.o
 .text.BOARD_InitDebugConsole
                0x00003b54       0x22 ./board/board.o
                0x00003b54                BOARD_InitDebugConsole
 .text.BOARD_InitBootClocks
                0x00003b76        0xc ./board/clock_config.o
                0x00003b76                BOARD_InitBootClocks
 .text.CLOCK_EnableClock
                0x00003b82       0x34 ./board/pin_mux.o
 .text.PORT_SetPinMux
                0x00003bb6       0x3a ./board/pin_mux.o
 .text.BOARD_InitBootPins
                0x00003bf0        0xc ./board/pin_mux.o
                0x00003bf0                BOARD_InitBootPins
 .text.__main   0x00003bfc        0xe c:/nxp/mcuxpressoide_11.5.0_7232/ide/plugins/com.nxp.mcuxpresso.tools.win32_11.5.0.202107051138/tools/bin/../lib/gcc/arm-none-eabi/10.3.1/../../../../arm-none-eabi/lib/thumb/v7e-m+fp/hard\libcr_nohost_nf.a(_cr__main.o)
                0x00003bfc                __main
 .text.memcpy   0x00003c0a        0x4 c:/nxp/mcuxpressoide_11.5.0_7232/ide/plugins/com.nxp.mcuxpresso.tools.win32_11.5.0.202107051138/tools/bin/../lib/gcc/arm-none-eabi/10.3.1/../../../../arm-none-eabi/lib/thumb/v7e-m+fp/hard\libcr_c.a(memcpy.o)
                0x00003c0a                memcpy
 .text.memset   0x00003c0e        0x4 c:/nxp/mcuxpressoide_11.5.0_7232/ide/plugins/com.nxp.mcuxpresso.tools.win32_11.5.0.202107051138/tools/bin/../lib/gcc/arm-none-eabi/10.3.1/../../../../arm-none-eabi/lib/thumb/v7e-m+fp/hard\libcr_c.a(memset.o)
                0x00003c0e                memset
 .text.free     0x00003c12       0x30 c:/nxp/mcuxpressoide_11.5.0_7232/ide/plugins/com.nxp.mcuxpresso.tools.win32_11.5.0.202107051138/tools/bin/../lib/gcc/arm-none-eabi/10.3.1/../../../../arm-none-eabi/lib/thumb/v7e-m+fp/hard\libcr_c.a(alloc.o)
                0x00003c12                free
 .text.setvbuf  0x00003c42       0x3e c:/nxp/mcuxpressoide_11.5.0_7232/ide/plugins/com.nxp.mcuxpresso.tools.win32_11.5.0.202107051138/tools/bin/../lib/gcc/arm-none-eabi/10.3.1/../../../../arm-none-eabi/lib/thumb/v7e-m+fp/hard\libcr_c.a(setvbuf.o)
                0x00003c42                setvbuf
 .text.strlen   0x00003c80       0x48 c:/nxp/mcuxpressoide_11.5.0_7232/ide/plugins/com.nxp.mcuxpresso.tools.win32_11.5.0.202107051138/tools/bin/../lib/gcc/arm-none-eabi/10.3.1/../../../../arm-none-eabi/lib/thumb/v7e-m+fp/hard\libcr_c.a(strlen.o)
                0x00003c80                strlen
 .text._fdopen  0x00003cc8       0x68 c:/nxp/mcuxpressoide_11.5.0_7232/ide/plugins/com.nxp.mcuxpresso.tools.win32_11.5.0.202107051138/tools/bin/../lib/gcc/arm-none-eabi/10.3.1/../../../../arm-none-eabi/lib/thumb/v7e-m+fp/hard\libcr_c.a(_fdopen.o)
                0x00003cc8                _fdopen
 .text.fclose   0x00003d30       0x58 c:/nxp/mcuxpressoide_11.5.0_7232/ide/plugins/com.nxp.mcuxpresso.tools.win32_11.5.0.202107051138/tools/bin/../lib/gcc/arm-none-eabi/10.3.1/../../../../arm-none-eabi/lib/thumb/v7e-m+fp/hard\libcr_c.a(fclose.o)
                0x00003d30                fclose
 .text.remove   0x00003d88       0x14 c:/nxp/mcuxpressoide_11.5.0_7232/ide/plugins/com.nxp.mcuxpresso.tools.win32_11.5.0.202107051138/tools/bin/../lib/gcc/arm-none-eabi/10.3.1/../../../../arm-none-eabi/lib/thumb/v7e-m+fp/hard\libcr_c.a(remove.o)
                0x00003d88                remove
 .text._do_fflush
                0x00003d9c       0x40 c:/nxp/mcuxpressoide_11.5.0_7232/ide/plugins/com.nxp.mcuxpresso.tools.win32_11.5.0.202107051138/tools/bin/../lib/gcc/arm-none-eabi/10.3.1/../../../../arm-none-eabi/lib/thumb/v7e-m+fp/hard\libcr_c.a(_do_fflush.o)
                0x00003d9c                _do_fflush
 .text._fflush  0x00003ddc       0x52 c:/nxp/mcuxpressoide_11.5.0_7232/ide/plugins/com.nxp.mcuxpresso.tools.win32_11.5.0.202107051138/tools/bin/../lib/gcc/arm-none-eabi/10.3.1/../../../../arm-none-eabi/lib/thumb/v7e-m+fp/hard\libcr_c.a(_fflush.o)
                0x00003ddc                _fflush
 .text._deferredlazyseek
                0x00003e2e       0x40 c:/nxp/mcuxpressoide_11.5.0_7232/ide/plugins/com.nxp.mcuxpresso.tools.win32_11.5.0.202107051138/tools/bin/../lib/gcc/arm-none-eabi/10.3.1/../../../../arm-none-eabi/lib/thumb/v7e-m+fp/hard\libcr_c.a(_deferredlazyseek.o)
                0x00003e2e                _deferredlazyseek
 .text.__aeabi_memcpy
                0x00003e6e       0x34 c:/nxp/mcuxpressoide_11.5.0_7232/ide/plugins/com.nxp.mcuxpresso.tools.win32_11.5.0.202107051138/tools/bin/../lib/gcc/arm-none-eabi/10.3.1/thumb/v7e-m+fp/hard\libcr_eabihelpers.a(memcpy.o)
                0x00003e6e                __aeabi_memcpy
                0x00003e78                __aeabi_memcpy8
                0x00003e78                __aeabi_memcpy4
 .text.__aeabi_memset_lowlevel
                0x00003ea2       0x32 c:/nxp/mcuxpressoide_11.5.0_7232/ide/plugins/com.nxp.mcuxpresso.tools.win32_11.5.0.202107051138/tools/bin/../lib/gcc/arm-none-eabi/10.3.1/thumb/v7e-m+fp/hard\libcr_eabihelpers.a(memcpy.o)
                0x00003ea2                __aeabi_lowlevel_memset
 .text.__sys_close
                0x00003ed4        0x6 c:/nxp/mcuxpressoide_11.5.0_7232/ide/plugins/com.nxp.mcuxpresso.tools.win32_11.5.0.202107051138/tools/bin/../lib/gcc/arm-none-eabi/10.3.1/../../../../arm-none-eabi/lib/thumb/v7e-m+fp/hard\libcr_nohost_nf.a(__sys_close.o)
                0x00003ed4                __sys_close
 .text.__sys_flen
                0x00003eda        0x6 c:/nxp/mcuxpressoide_11.5.0_7232/ide/plugins/com.nxp.mcuxpresso.tools.win32_11.5.0.202107051138/tools/bin/../lib/gcc/arm-none-eabi/10.3.1/../../../../arm-none-eabi/lib/thumb/v7e-m+fp/hard\libcr_nohost_nf.a(__sys_flen.o)
                0x00003eda                __sys_flen
 .text.__sys_istty
                0x00003ee0        0x6 c:/nxp/mcuxpressoide_11.5.0_7232/ide/plugins/com.nxp.mcuxpresso.tools.win32_11.5.0.202107051138/tools/bin/../lib/gcc/arm-none-eabi/10.3.1/../../../../arm-none-eabi/lib/thumb/v7e-m+fp/hard\libcr_nohost_nf.a(__sys_istty.o)
                0x00003ee0                __sys_istty
 .text.__sys_remove
                0x00003ee6        0x6 c:/nxp/mcuxpressoide_11.5.0_7232/ide/plugins/com.nxp.mcuxpresso.tools.win32_11.5.0.202107051138/tools/bin/../lib/gcc/arm-none-eabi/10.3.1/../../../../arm-none-eabi/lib/thumb/v7e-m+fp/hard\libcr_nohost_nf.a(__sys_remove.o)
                0x00003ee6                __sys_remove
 .text.__sys_seek
                0x00003eec        0x6 c:/nxp/mcuxpressoide_11.5.0_7232/ide/plugins/com.nxp.mcuxpresso.tools.win32_11.5.0.202107051138/tools/bin/../lib/gcc/arm-none-eabi/10.3.1/../../../../arm-none-eabi/lib/thumb/v7e-m+fp/hard\libcr_nohost_nf.a(__sys_seek.o)
                0x00003eec                __sys_seek
 .text.__sys_tmpnam
                0x00003ef2        0x6 c:/nxp/mcuxpressoide_11.5.0_7232/ide/plugins/com.nxp.mcuxpresso.tools.win32_11.5.0.202107051138/tools/bin/../lib/gcc/arm-none-eabi/10.3.1/../../../../arm-none-eabi/lib/thumb/v7e-m+fp/hard\libcr_nohost_nf.a(__sys_tmpnam.o)
                0x00003ef2                __sys_tmpnam
 .text.__sys_write
                0x00003ef8        0x4 c:/nxp/mcuxpressoide_11.5.0_7232/ide/plugins/com.nxp.mcuxpresso.tools.win32_11.5.0.202107051138/tools/bin/../lib/gcc/arm-none-eabi/10.3.1/../../../../arm-none-eabi/lib/thumb/v7e-m+fp/hard\libcr_nohost_nf.a(__sys_write.o)
                0x00003ef8                __sys_write
 *(SORT_BY_ALIGNMENT(.rodata) SORT_BY_ALIGNMENT(.rodata.*) SORT_BY_ALIGNMENT(.constdata) SORT_BY_ALIGNMENT(.constdata.*))
 .rodata.__assertion_failed.str1.4
                0x00003efc       0x14 ./utilities/fsl_assert.o
 .rodata.main.str1.4
                0x00003f10      0x1e8 ./source/dspi_polling_b2b_transfer_master.o
                                0x1ec (size before relaxing)
 .rodata.EINK_GPIO_PINS.str1.4
                0x000040f8       0x1b ./source/dspi_polling_b2b_transfer_master.o
 *fill*         0x00004113        0x1 ff
 .rodata.EINK_test.str1.4
                0x00004114       0x3b ./source/dspi_polling_b2b_transfer_master.o
 *fill*         0x0000414f        0x1 ff
 .rodata.CLOCK_GetMcgExtClkFreq.str1.4
                0x00004150       0x49 ./drivers/fsl_clock.o
 *fill*         0x00004199        0x3 ff
 .rodata.CLOCK_GetOsc0ErClkFreq.str1.4
                0x0000419c       0x1e ./drivers/fsl_clock.o
 *fill*         0x000041ba        0x2 ff
 .rodata.CLOCK_GetEr32kClkFreq.str1.4
                0x000041bc       0x1f ./drivers/fsl_clock.o
 *fill*         0x000041db        0x1 ff
 .rodata.CLOCK_GetPll0Freq.str1.4
                0x000041dc       0x1d ./drivers/fsl_clock.o
 *fill*         0x000041f9        0x3 ff
 .rodata.CLOCK_EnablePll0.str1.4
                0x000041fc       0x1a ./drivers/fsl_clock.o
 *fill*         0x00004216        0x2 ff
 .rodata.CLOCK_SetPbeMode.str1.4
                0x00004218       0x1a ./drivers/fsl_clock.o
 *fill*         0x00004232        0x2 ff
 .rodata.CLOCK_BootToPeeMode.str1.4
                0x00004234       0x1a ./drivers/fsl_clock.o
 *fill*         0x0000424e        0x2 ff
 .rodata.fllFactorTable.1
                0x00004250       0x10 ./drivers/fsl_clock.o
 .rodata.s_baudratePrescaler
                0x00004260       0x10 ./drivers/fsl_dspi.o
 .rodata.s_baudrateScaler
                0x00004270       0x40 ./drivers/fsl_dspi.o
 .rodata.s_delayPrescaler
                0x000042b0       0x10 ./drivers/fsl_dspi.o
 .rodata.s_delayScaler
                0x000042c0       0x40 ./drivers/fsl_dspi.o
 .rodata.s_dspiBases
                0x00004300        0xc ./drivers/fsl_dspi.o
 .rodata.s_dspiClock
                0x0000430c        0xc ./drivers/fsl_dspi.o
 .rodata.DSPI_GetInstance.str1.4
                0x00004318       0x34 ./drivers/fsl_dspi.o
 .rodata.DSPI_MasterInit.str1.4
                0x0000434c       0x3f ./drivers/fsl_dspi.o
 *fill*         0x0000438b        0x1 ff
 .rodata.DSPI_MasterSetDelayScaler.str1.4
                0x0000438c       0x17 ./drivers/fsl_dspi.o
 *fill*         0x000043a3        0x1 ff
 .rodata.DSPI_MasterTransferBlocking.str1.4
                0x000043a4       0x22 ./drivers/fsl_dspi.o
 *fill*         0x000043c6        0x2 ff
 .rodata.SPI0_DriverIRQHandler.str1.4
                0x000043c8       0x2a ./drivers/fsl_dspi.o
 *fill*         0x000043f2        0x2 ff
 .rodata.SPI1_DriverIRQHandler.str1.4
                0x000043f4       0x2a ./drivers/fsl_dspi.o
 *fill*         0x0000441e        0x2 ff
 .rodata.SPI2_DriverIRQHandler.str1.4
                0x00004420       0x2a ./drivers/fsl_dspi.o
 *fill*         0x0000444a        0x2 ff
 .rodata.GPIO_PinInit.str1.4
                0x0000444c       0x20 ./drivers/fsl_gpio.o
 .rodata.s_uartBases
                0x0000446c       0x18 ./drivers/fsl_uart.o
 .rodata.s_uartClock
                0x00004484       0x18 ./drivers/fsl_uart.o
 .rodata.UART_GetInstance.str1.4
                0x0000449c       0x2b ./drivers/fsl_uart.o
 *fill*         0x000044c7        0x1 ff
 .rodata.UART_Init.str1.4
                0x000044c8       0xfb ./drivers/fsl_uart.o
 *fill*         0x000045c3        0x1 ff
 .rodata.UART_GetDefaultConfig.str1.4
                0x000045c4       0x20 ./drivers/fsl_uart.o
 .rodata.UART_ReadBlocking.str1.4
                0x000045e4       0x1e ./drivers/fsl_uart.o
 *fill*         0x00004602        0x2 ff
 .rodata.s_UartAdapterBase
                0x00004604       0x18 ./component/uart/fsl_adapter_uart.o
 .rodata.HAL_UartInit.str1.4
                0x0000461c       0xdd ./component/uart/fsl_adapter_uart.o
 *fill*         0x000046f9        0x3 ff
 .rodata.HAL_UartReceiveBlocking.str1.4
                0x000046fc       0x60 ./component/uart/fsl_adapter_uart.o
 .rodata.HAL_UartSendBlocking.str1.4
                0x0000475c       0x60 ./component/uart/fsl_adapter_uart.o
 .rodata.mcgConfig_BOARD_BootClockRUN
                0x000047bc        0xb ./board/clock_config.o
                0x000047bc                mcgConfig_BOARD_BootClockRUN
 *fill*         0x000047c7        0x1 ff
 .rodata.simConfig_BOARD_BootClockRUN
                0x000047c8        0x8 ./board/clock_config.o
                0x000047c8                simConfig_BOARD_BootClockRUN
 .rodata.oscConfig_BOARD_BootClockRUN
                0x000047d0        0x8 ./board/clock_config.o
                0x000047d0                oscConfig_BOARD_BootClockRUN
 .rodata        0x000047d8        0x2 ./board/pin_mux.o
 *fill*         0x000047da        0x2 ff
 .rodata.__num_Ciob_streams
                0x000047dc        0x4 c:/nxp/mcuxpressoide_11.5.0_7232/ide/plugins/com.nxp.mcuxpresso.tools.win32_11.5.0.202107051138/tools/bin/../lib/gcc/arm-none-eabi/10.3.1/../../../../arm-none-eabi/lib/thumb/v7e-m+fp/hard\libcr_nohost_nf.a(__ciob.o)
                0x000047dc                __num_Ciob_streams
 .rodata._initio.str1.1
                0x000047e0        0x4 c:/nxp/mcuxpressoide_11.5.0_7232/ide/plugins/com.nxp.mcuxpresso.tools.win32_11.5.0.202107051138/tools/bin/../lib/gcc/arm-none-eabi/10.3.1/../../../../arm-none-eabi/lib/thumb/v7e-m+fp/hard\libcr_c.a(initio.o)
                0x000047e8                . = ALIGN (0x8)
 *fill*         0x000047e4        0x4 ff

.glue_7         0x000047e8        0x0
 .glue_7        0x000047e8        0x0 linker stubs

.glue_7t        0x000047e8        0x0
 .glue_7t       0x000047e8        0x0 linker stubs

.vfp11_veneer   0x000047e8        0x0
 .vfp11_veneer  0x000047e8        0x0 linker stubs

.v4_bx          0x000047e8        0x0
 .v4_bx         0x000047e8        0x0 linker stubs

.iplt           0x000047e8        0x0
 .iplt          0x000047e8        0x0 ./utilities/fsl_assert.o

.rel.dyn        0x000047e8        0x0
 .rel.iplt      0x000047e8        0x0 ./utilities/fsl_assert.o

.ARM.extab
 *(SORT_BY_ALIGNMENT(.ARM.extab*) SORT_BY_ALIGNMENT(.gnu.linkonce.armextab.*))

.ARM.exidx      0x000047e8        0x0
                0x000047e8                __exidx_start = .
 *(SORT_BY_ALIGNMENT(.ARM.exidx*) SORT_BY_ALIGNMENT(.gnu.linkonce.armexidx.*))
                0x000047e8                __exidx_end = .
                0x000047e8                _etext = .

.m_usb_data
 *(SORT_BY_ALIGNMENT(m_usb_bdt))

.data_RAM2      0x1fff0000        0x0 load address 0x000047e8
 FILL mask 0xff
                [!provide]                PROVIDE (__start_data_RAM2 = .)
                [!provide]                PROVIDE (__start_data_SRAM_LOWER = .)
 *(SORT_BY_ALIGNMENT(.ramfunc.$RAM2))
 *(SORT_BY_ALIGNMENT(.ramfunc.$SRAM_LOWER))
 *(SORT_BY_ALIGNMENT(.data.$RAM2))
 *(SORT_BY_ALIGNMENT(.data.$SRAM_LOWER))
 *(SORT_BY_ALIGNMENT(.data.$RAM2.*))
 *(SORT_BY_ALIGNMENT(.data.$SRAM_LOWER.*))
                0x1fff0000                . = ALIGN (0x8)
                [!provide]                PROVIDE (__end_data_RAM2 = .)
                [!provide]                PROVIDE (__end_data_SRAM_LOWER = .)

.data_RAM3      0x14000000        0x0 load address 0x000047e8
 FILL mask 0xff
                [!provide]                PROVIDE (__start_data_RAM3 = .)
                [!provide]                PROVIDE (__start_data_FLEX_RAM = .)
 *(SORT_BY_ALIGNMENT(.ramfunc.$RAM3))
 *(SORT_BY_ALIGNMENT(.ramfunc.$FLEX_RAM))
 *(SORT_BY_ALIGNMENT(.data.$RAM3))
 *(SORT_BY_ALIGNMENT(.data.$FLEX_RAM))
 *(SORT_BY_ALIGNMENT(.data.$RAM3.*))
 *(SORT_BY_ALIGNMENT(.data.$FLEX_RAM.*))
                0x14000000                . = ALIGN (0x8)
                [!provide]                PROVIDE (__end_data_RAM3 = .)
                [!provide]                PROVIDE (__end_data_FLEX_RAM = .)

.uninit_RESERVED
                0x20000000        0x0
                0x20000000                _start_uninit_RESERVED = .
 *(SORT_BY_ALIGNMENT(.bss.$RESERVED*))
                0x20000000                . = ALIGN (0x8)
                0x20000000                _end_uninit_RESERVED = .

.data           0x20000000     0x1080 load address 0x000047e8
 FILL mask 0xff
                0x20000000                _data = .
                [!provide]                PROVIDE (__start_data_RAM = .)
                [!provide]                PROVIDE (__start_data_SRAM_UPPER = .)
 *(SORT_BY_ALIGNMENT(vtable))
 *(SORT_BY_ALIGNMENT(.ramfunc*))
 *(SORT_BY_ALIGNMENT(CodeQuickAccess))
 *(SORT_BY_ALIGNMENT(DataQuickAccess))
 *(SORT_BY_ALIGNMENT(RamFunction))
 *(SORT_BY_ALIGNMENT(.data*))
 .data.masterTxData
                0x20000000      0x100 ./source/dspi_polling_b2b_transfer_master.o
                0x20000000                masterTxData
 .data.gImage_test_qrcode
                0x20000100      0x800 ./source/dspi_polling_b2b_transfer_master.o
                0x20000100                gImage_test_qrcode
 .data.gImage_pika_bytemap
                0x20000900      0x6ce ./source/dspi_polling_b2b_transfer_master.o
                0x20000900                gImage_pika_bytemap
 *fill*         0x20000fce        0x2 ff
 .data.WS_20_30
                0x20000fd0       0x9f ./source/dspi_polling_b2b_transfer_master.o
                0x20000fd0                WS_20_30
 *fill*         0x2000106f        0x1 ff
 .data.g_systickCounter
                0x20001070        0x4 ./source/dspi_polling_b2b_transfer_master.o
                0x20001070                g_systickCounter
 .data.s_slowIrcFreq
                0x20001074        0x4 ./drivers/fsl_clock.o
 .data.s_fastIrcFreq
                0x20001078        0x4 ./drivers/fsl_clock.o
 .data.SystemCoreClock
                0x2000107c        0x4 ./device/system_MK64F12.o
                0x2000107c                SystemCoreClock
                0x20001080                . = ALIGN (0x8)
                0x20001080                _edata = .
                [!provide]                PROVIDE (__end_data_RAM = .)
                [!provide]                PROVIDE (__end_data_SRAM_UPPER = .)

.igot.plt       0x20001080        0x0 load address 0x00005868
 .igot.plt      0x20001080        0x0 ./utilities/fsl_assert.o

.bss_RAM2       0x1fff0000        0x0
                [!provide]                PROVIDE (__start_bss_RAM2 = .)
                [!provide]                PROVIDE (__start_bss_SRAM_LOWER = .)
 *(SORT_BY_ALIGNMENT(.bss.$RAM2))
 *(SORT_BY_ALIGNMENT(.bss.$SRAM_LOWER))
 *(SORT_BY_ALIGNMENT(.bss.$RAM2.*))
 *(SORT_BY_ALIGNMENT(.bss.$SRAM_LOWER.*))
                0x1fff0000                . = ALIGN ((. != 0x0)?0x8:0x1)
                [!provide]                PROVIDE (__end_bss_RAM2 = .)
                [!provide]                PROVIDE (__end_bss_SRAM_LOWER = .)

.bss_RAM3       0x14000000        0x0
                [!provide]                PROVIDE (__start_bss_RAM3 = .)
                [!provide]                PROVIDE (__start_bss_FLEX_RAM = .)
 *(SORT_BY_ALIGNMENT(.bss.$RAM3))
 *(SORT_BY_ALIGNMENT(.bss.$FLEX_RAM))
 *(SORT_BY_ALIGNMENT(.bss.$RAM3.*))
 *(SORT_BY_ALIGNMENT(.bss.$FLEX_RAM.*))
                0x14000000                . = ALIGN ((. != 0x0)?0x8:0x1)
                [!provide]                PROVIDE (__end_bss_RAM3 = .)
                [!provide]                PROVIDE (__end_bss_FLEX_RAM = .)

.bss            0x20001080      0x208
                0x20001080                _bss = .
                [!provide]                PROVIDE (__start_bss_RAM = .)
                [!provide]                PROVIDE (__start_bss_SRAM_UPPER = .)
 *(SORT_BY_ALIGNMENT(.bss*))
 .bss.s_debugConsole
                0x20001080       0x14 ./utilities/fsl_debug_console.o
 .bss.masterRxData
                0x20001094      0x100 ./source/dspi_polling_b2b_transfer_master.o
                0x20001094                masterRxData
 .bss.g_xtal0Freq
                0x20001194        0x4 ./drivers/fsl_clock.o
                0x20001194                g_xtal0Freq
 .bss.g_xtal32Freq
                0x20001198        0x4 ./drivers/fsl_clock.o
                0x20001198                g_xtal32Freq
 .bss.g_dspiHandle
                0x2000119c        0xc ./drivers/fsl_dspi.o
 .bss.s_dspiMasterIsr
                0x200011a8        0x4 ./drivers/fsl_dspi.o
 .bss.s_dspiSlaveIsr
                0x200011ac        0x4 ./drivers/fsl_dspi.o
 .bss.g_dspiDummyData
                0x200011b0        0x3 ./drivers/fsl_dspi.o
                0x200011b0                g_dspiDummyData
 *fill*         0x200011b3        0x1 
 .bss.s_uartHandle
                0x200011b4       0x18 ./drivers/fsl_uart.o
                0x200011b4                s_uartHandle
 .bss.s_uartIsr
                0x200011cc        0x4 ./drivers/fsl_uart.o
                0x200011cc                s_uartIsr
 .bss.errno     0x200011d0        0x4 c:/nxp/mcuxpressoide_11.5.0_7232/ide/plugins/com.nxp.mcuxpresso.tools.win32_11.5.0.202107051138/tools/bin/../lib/gcc/arm-none-eabi/10.3.1/../../../../arm-none-eabi/lib/thumb/v7e-m+fp/hard\libcr_c.a(errno.o)
                0x200011d0                errno
 .bss.__Ciob    0x200011d4       0xb4 c:/nxp/mcuxpressoide_11.5.0_7232/ide/plugins/com.nxp.mcuxpresso.tools.win32_11.5.0.202107051138/tools/bin/../lib/gcc/arm-none-eabi/10.3.1/../../../../arm-none-eabi/lib/thumb/v7e-m+fp/hard\libcr_nohost_nf.a(__ciob.o)
                0x200011d4                __Ciob
 *(SORT_BY_ALIGNMENT(COMMON))
                0x20001288                . = ALIGN (0x8)
                0x20001288                _ebss = .
                [!provide]                PROVIDE (__end_bss_RAM = .)
                [!provide]                PROVIDE (__end_bss_SRAM_UPPER = .)
                [!provide]                PROVIDE (end = .)

.noinit_RAM2    0x1fff0000        0x0
                [!provide]                PROVIDE (__start_noinit_RAM2 = .)
                [!provide]                PROVIDE (__start_noinit_SRAM_LOWER = .)
 *(SORT_BY_ALIGNMENT(.noinit.$RAM2))
 *(SORT_BY_ALIGNMENT(.noinit.$SRAM_LOWER))
 *(SORT_BY_ALIGNMENT(.noinit.$RAM2.*))
 *(SORT_BY_ALIGNMENT(.noinit.$SRAM_LOWER.*))
                0x1fff0000                . = ALIGN (0x8)
                [!provide]                PROVIDE (__end_noinit_RAM2 = .)
                [!provide]                PROVIDE (__end_noinit_SRAM_LOWER = .)

.noinit_RAM3    0x14000000        0x0
                [!provide]                PROVIDE (__start_noinit_RAM3 = .)
                [!provide]                PROVIDE (__start_noinit_FLEX_RAM = .)
 *(SORT_BY_ALIGNMENT(.noinit.$RAM3))
 *(SORT_BY_ALIGNMENT(.noinit.$FLEX_RAM))
 *(SORT_BY_ALIGNMENT(.noinit.$RAM3.*))
 *(SORT_BY_ALIGNMENT(.noinit.$FLEX_RAM.*))
                0x14000000                . = ALIGN (0x8)
                [!provide]                PROVIDE (__end_noinit_RAM3 = .)
                [!provide]                PROVIDE (__end_noinit_FLEX_RAM = .)

.noinit         0x20001288        0x0
                0x20001288                _noinit = .
                [!provide]                PROVIDE (__start_noinit_RAM = .)
                [!provide]                PROVIDE (__start_noinit_SRAM_UPPER = .)
 *(SORT_BY_ALIGNMENT(.noinit*))
                0x20001288                . = ALIGN (0x8)
                0x20001288                _end_noinit = .
                [!provide]                PROVIDE (__end_noinit_RAM = .)
                [!provide]                PROVIDE (__end_noinit_SRAM_UPPER = .)
                0x00001000                _HeapSize = 0x1000

.heap           0x20001288     0x1000
                0x20001288                _pvHeapStart = .
                0x20002288                . = (. + _HeapSize)
 *fill*         0x20001288     0x1000 
                0x20002288                . = ALIGN (0x8)
                0x20002288                _pvHeapLimit = .
                0x00001000                _StackSize = 0x1000

.heap2stackfill
                0x20002288     0x1000
                0x20003288                . = (. + _StackSize)
 *fill*         0x20002288     0x1000 

.stack          0x2002f000        0x0
                0x2002f000                _vStackBase = .
                0x2002f000                . = ALIGN (0x8)
                0x20030000                _vStackTop = (. + _StackSize)
                0x00000000                _image_start = LOADADDR (.text)
                0x00005868                _image_end = (LOADADDR (.data) + SIZEOF (.data))
                0x00005868                _image_size = (_image_end - _image_start)
OUTPUT(frdmk64f_dspi_polling_b2b_transfer_master.axf elf32-littlearm)
LOAD linker stubs

.debug_info     0x00000000     0xbcfb
 .debug_info    0x00000000       0xa3 ./utilities/fsl_assert.o
 .debug_info    0x000000a3      0xca3 ./utilities/fsl_debug_console.o
 .debug_info    0x00000d46      0x93a ./startup/startup_mk64f12.o
 .debug_info    0x00001680     0x13db ./source/dspi_polling_b2b_transfer_master.o
 .debug_info    0x00002a5b       0x3c ./source/semihost_hardfault.o
 .debug_info    0x00002a97     0x21c3 ./drivers/fsl_clock.o
 .debug_info    0x00004c5a     0x25d7 ./drivers/fsl_dspi.o
 .debug_info    0x00007231      0x69c ./drivers/fsl_gpio.o
 .debug_info    0x000078cd     0x1f90 ./drivers/fsl_uart.o
 .debug_info    0x0000985d      0x649 ./device/system_MK64F12.o
 .debug_info    0x00009ea6      0xa7e ./component/uart/fsl_adapter_uart.o
 .debug_info    0x0000a924       0xbd ./board/board.o
 .debug_info    0x0000a9e1      0xbd9 ./board/clock_config.o
 .debug_info    0x0000b5ba      0x741 ./board/pin_mux.o

.debug_abbrev   0x00000000     0x1bc9
 .debug_abbrev  0x00000000       0x66 ./utilities/fsl_assert.o
 .debug_abbrev  0x00000066      0x24b ./utilities/fsl_debug_console.o
 .debug_abbrev  0x000002b1      0x185 ./startup/startup_mk64f12.o
 .debug_abbrev  0x00000436      0x352 ./source/dspi_polling_b2b_transfer_master.o
 .debug_abbrev  0x00000788       0x31 ./source/semihost_hardfault.o
 .debug_abbrev  0x000007b9      0x359 ./drivers/fsl_clock.o
 .debug_abbrev  0x00000b12      0x381 ./drivers/fsl_dspi.o
 .debug_abbrev  0x00000e93      0x186 ./drivers/fsl_gpio.o
 .debug_abbrev  0x00001019      0x42e ./drivers/fsl_uart.o
 .debug_abbrev  0x00001447      0x148 ./device/system_MK64F12.o
 .debug_abbrev  0x0000158f      0x1c9 ./component/uart/fsl_adapter_uart.o
 .debug_abbrev  0x00001758       0x85 ./board/board.o
 .debug_abbrev  0x000017dd      0x214 ./board/clock_config.o
 .debug_abbrev  0x000019f1      0x1d8 ./board/pin_mux.o

.debug_aranges  0x00000000      0xbb0
 .debug_aranges
                0x00000000       0x20 ./utilities/fsl_assert.o
 .debug_aranges
                0x00000020       0x78 ./utilities/fsl_debug_console.o
 .debug_aranges
                0x00000098      0x330 ./startup/startup_mk64f12.o
 .debug_aranges
                0x000003c8       0xd0 ./source/dspi_polling_b2b_transfer_master.o
 .debug_aranges
                0x00000498       0x20 ./source/semihost_hardfault.o
 .debug_aranges
                0x000004b8      0x1f8 ./drivers/fsl_clock.o
 .debug_aranges
                0x000006b0      0x1d8 ./drivers/fsl_dspi.o
 .debug_aranges
                0x00000888       0x40 ./drivers/fsl_gpio.o
 .debug_aranges
                0x000008c8      0x1b8 ./drivers/fsl_uart.o
 .debug_aranges
                0x00000a80       0x30 ./device/system_MK64F12.o
 .debug_aranges
                0x00000ab0       0x50 ./component/uart/fsl_adapter_uart.o
 .debug_aranges
                0x00000b00       0x20 ./board/board.o
 .debug_aranges
                0x00000b20       0x58 ./board/clock_config.o
 .debug_aranges
                0x00000b78       0x38 ./board/pin_mux.o

.debug_ranges   0x00000000      0xad0
 .debug_ranges  0x00000000       0x10 ./utilities/fsl_assert.o
 .debug_ranges  0x00000010       0x68 ./utilities/fsl_debug_console.o
 .debug_ranges  0x00000078      0x320 ./startup/startup_mk64f12.o
 .debug_ranges  0x00000398       0xc0 ./source/dspi_polling_b2b_transfer_master.o
 .debug_ranges  0x00000458       0x10 ./source/semihost_hardfault.o
 .debug_ranges  0x00000468      0x1e8 ./drivers/fsl_clock.o
 .debug_ranges  0x00000650      0x1c8 ./drivers/fsl_dspi.o
 .debug_ranges  0x00000818       0x30 ./drivers/fsl_gpio.o
 .debug_ranges  0x00000848      0x1a8 ./drivers/fsl_uart.o
 .debug_ranges  0x000009f0       0x20 ./device/system_MK64F12.o
 .debug_ranges  0x00000a10       0x40 ./component/uart/fsl_adapter_uart.o
 .debug_ranges  0x00000a50       0x10 ./board/board.o
 .debug_ranges  0x00000a60       0x48 ./board/clock_config.o
 .debug_ranges  0x00000aa8       0x28 ./board/pin_mux.o

.debug_macro    0x00000000    0x13924
 .debug_macro   0x00000000      0x123 ./utilities/fsl_assert.o
 .debug_macro   0x00000123      0xaae ./utilities/fsl_assert.o
 .debug_macro   0x00000bd1       0x10 ./utilities/fsl_assert.o
 .debug_macro   0x00000be1       0x1c ./utilities/fsl_assert.o
 .debug_macro   0x00000bfd       0x22 ./utilities/fsl_assert.o
 .debug_macro   0x00000c1f      0x12e ./utilities/fsl_assert.o
 .debug_macro   0x00000d4d      0x5b3 ./utilities/fsl_assert.o
 .debug_macro   0x00001300       0x22 ./utilities/fsl_assert.o
 .debug_macro   0x00001322       0x10 ./utilities/fsl_assert.o
 .debug_macro   0x00001332       0x58 ./utilities/fsl_assert.o
 .debug_macro   0x0000138a       0x1c ./utilities/fsl_assert.o
 .debug_macro   0x000013a6       0x22 ./utilities/fsl_assert.o
 .debug_macro   0x000013c8       0xfb ./utilities/fsl_assert.o
 .debug_macro   0x000014c3      0xeeb ./utilities/fsl_assert.o
 .debug_macro   0x000023ae       0x40 ./utilities/fsl_assert.o
 .debug_macro   0x000023ee     0xec5f ./utilities/fsl_assert.o
 .debug_macro   0x0001104d     0x12e8 ./utilities/fsl_assert.o
 .debug_macro   0x00012335       0x7a ./utilities/fsl_assert.o
 .debug_macro   0x000123af       0xa8 ./utilities/fsl_assert.o
 .debug_macro   0x00012457      0x174 ./utilities/fsl_assert.o
 .debug_macro   0x000125cb       0x1c ./utilities/fsl_assert.o
 .debug_macro   0x000125e7       0x1c ./utilities/fsl_assert.o
 .debug_macro   0x00012603       0x34 ./utilities/fsl_assert.o
 .debug_macro   0x00012637      0x149 ./utilities/fsl_debug_console.o
 .debug_macro   0x00012780       0x16 ./utilities/fsl_debug_console.o
 .debug_macro   0x00012796       0x10 ./utilities/fsl_debug_console.o
 .debug_macro   0x000127a6       0x28 ./utilities/fsl_debug_console.o
 .debug_macro   0x000127ce       0xc4 ./utilities/fsl_debug_console.o
 .debug_macro   0x00012892       0x16 ./utilities/fsl_debug_console.o
 .debug_macro   0x000128a8       0x16 ./utilities/fsl_debug_console.o
 .debug_macro   0x000128be       0x46 ./utilities/fsl_debug_console.o
 .debug_macro   0x00012904       0x29 ./startup/startup_mk64f12.o
 .debug_macro   0x0001292d      0x1c3 ./source/dspi_polling_b2b_transfer_master.o
 .debug_macro   0x00012af0       0x40 ./source/dspi_polling_b2b_transfer_master.o
 .debug_macro   0x00012b30       0xa6 ./source/dspi_polling_b2b_transfer_master.o
 .debug_macro   0x00012bd6       0x1c ./source/dspi_polling_b2b_transfer_master.o
 .debug_macro   0x00012bf2       0x16 ./source/dspi_polling_b2b_transfer_master.o
 .debug_macro   0x00012c08       0x16 ./source/dspi_polling_b2b_transfer_master.o
 .debug_macro   0x00012c1e      0x1ab ./source/dspi_polling_b2b_transfer_master.o
 .debug_macro   0x00012dc9       0x11 ./source/semihost_hardfault.o
 .debug_macro   0x00012dda      0x1d8 ./drivers/fsl_clock.o
 .debug_macro   0x00012fb2      0x121 ./drivers/fsl_dspi.o
 .debug_macro   0x000130d3       0x3a ./drivers/fsl_dspi.o
 .debug_macro   0x0001310d      0x121 ./drivers/fsl_gpio.o
 .debug_macro   0x0001322e       0x10 ./drivers/fsl_gpio.o
 .debug_macro   0x0001323e      0x127 ./drivers/fsl_uart.o
 .debug_macro   0x00013365       0x10 ./drivers/fsl_uart.o
 .debug_macro   0x00013375       0x98 ./device/system_MK64F12.o
 .debug_macro   0x0001340d      0x11e ./component/uart/fsl_adapter_uart.o
 .debug_macro   0x0001352b       0x16 ./component/uart/fsl_adapter_uart.o
 .debug_macro   0x00013541      0x153 ./board/board.o
 .debug_macro   0x00013694       0x16 ./board/board.o
 .debug_macro   0x000136aa      0x153 ./board/clock_config.o
 .debug_macro   0x000137fd      0x127 ./board/pin_mux.o

.debug_line     0x00000000     0x8728
 .debug_line    0x00000000      0x46f ./utilities/fsl_assert.o
 .debug_line    0x0000046f      0xd61 ./utilities/fsl_debug_console.o
 .debug_line    0x000011d0      0x911 ./startup/startup_mk64f12.o
 .debug_line    0x00001ae1      0xa55 ./source/dspi_polling_b2b_transfer_master.o
 .debug_line    0x00002536       0x59 ./source/semihost_hardfault.o
 .debug_line    0x0000258f     0x1570 ./drivers/fsl_clock.o
 .debug_line    0x00003aff     0x1879 ./drivers/fsl_dspi.o
 .debug_line    0x00005378      0x49a ./drivers/fsl_gpio.o
 .debug_line    0x00005812     0x154a ./drivers/fsl_uart.o
 .debug_line    0x00006d5c      0x433 ./device/system_MK64F12.o
 .debug_line    0x0000718f      0x608 ./component/uart/fsl_adapter_uart.o
 .debug_line    0x00007797      0x537 ./board/board.o
 .debug_line    0x00007cce      0x54d ./board/clock_config.o
 .debug_line    0x0000821b      0x50d ./board/pin_mux.o

.debug_str      0x00000000    0x81e36
 .debug_str     0x00000000    0x79e74 ./utilities/fsl_assert.o
                              0x79eff (size before relaxing)
 .debug_str     0x00079e74     0x162c ./utilities/fsl_debug_console.o
                              0x7b59a (size before relaxing)
 .debug_str     0x0007b4a0      0x7e0 ./startup/startup_mk64f12.o
                               0x366a (size before relaxing)
 .debug_str     0x0007bc80     0x213d ./source/dspi_polling_b2b_transfer_master.o
                              0x7ca00 (size before relaxing)
 .debug_str     0x0007ddbd       0x1f ./source/semihost_hardfault.o
                               0x2e0f (size before relaxing)
 .debug_str     0x0007dddc     0x1cad ./drivers/fsl_clock.o
                              0x7c566 (size before relaxing)
 .debug_str     0x0007fa89      0xcea ./drivers/fsl_dspi.o
                              0x7c3d6 (size before relaxing)
 .debug_str     0x00080773      0x16c ./drivers/fsl_gpio.o
                              0x7a837 (size before relaxing)
 .debug_str     0x000808df      0xe1c ./drivers/fsl_uart.o
                              0x7bea0 (size before relaxing)
 .debug_str     0x000816fb       0xc3 ./device/system_MK64F12.o
                              0x7844f (size before relaxing)
 .debug_str     0x000817be       0xe9 ./component/uart/fsl_adapter_uart.o
                              0x7ae21 (size before relaxing)
 .debug_str     0x000818a7       0x37 ./board/board.o
                              0x7abf5 (size before relaxing)
 .debug_str     0x000818de      0x3b7 ./board/clock_config.o
                              0x7aebe (size before relaxing)
 .debug_str     0x00081c95      0x1a1 ./board/pin_mux.o
                              0x7a671 (size before relaxing)

.comment        0x00000000       0x49
 .comment       0x00000000       0x49 ./utilities/fsl_assert.o
                                 0x4a (size before relaxing)
 .comment       0x00000049       0x4a ./utilities/fsl_debug_console.o
 .comment       0x00000049       0x4a ./startup/startup_mk64f12.o
 .comment       0x00000049       0x4a ./source/dspi_polling_b2b_transfer_master.o
 .comment       0x00000049       0x4a ./source/semihost_hardfault.o
 .comment       0x00000049       0x4a ./drivers/fsl_clock.o
 .comment       0x00000049       0x4a ./drivers/fsl_dspi.o
 .comment       0x00000049       0x4a ./drivers/fsl_gpio.o
 .comment       0x00000049       0x4a ./drivers/fsl_uart.o
 .comment       0x00000049       0x4a ./device/system_MK64F12.o
 .comment       0x00000049       0x4a ./component/uart/fsl_adapter_uart.o
 .comment       0x00000049       0x4a ./board/board.o
 .comment       0x00000049       0x4a ./board/clock_config.o
 .comment       0x00000049       0x4a ./board/pin_mux.o
 .comment       0x00000049       0x4a c:/nxp/mcuxpressoide_11.5.0_7232/ide/plugins/com.nxp.mcuxpresso.tools.win32_11.5.0.202107051138/tools/bin/../lib/gcc/arm-none-eabi/10.3.1/../../../../arm-none-eabi/lib/thumb/v7e-m+fp/hard\libcr_nohost_nf.a(_cr__main.o)
 .comment       0x00000049       0x4a c:/nxp/mcuxpressoide_11.5.0_7232/ide/plugins/com.nxp.mcuxpresso.tools.win32_11.5.0.202107051138/tools/bin/../lib/gcc/arm-none-eabi/10.3.1/../../../../arm-none-eabi/lib/thumb/v7e-m+fp/hard\libcr_c.a(memcpy.o)
 .comment       0x00000049       0x4a c:/nxp/mcuxpressoide_11.5.0_7232/ide/plugins/com.nxp.mcuxpresso.tools.win32_11.5.0.202107051138/tools/bin/../lib/gcc/arm-none-eabi/10.3.1/../../../../arm-none-eabi/lib/thumb/v7e-m+fp/hard\libcr_c.a(memset.o)
 .comment       0x00000049       0x4a c:/nxp/mcuxpressoide_11.5.0_7232/ide/plugins/com.nxp.mcuxpresso.tools.win32_11.5.0.202107051138/tools/bin/../lib/gcc/arm-none-eabi/10.3.1/../../../../arm-none-eabi/lib/thumb/v7e-m+fp/hard\libcr_c.a(alloc.o)
 .comment       0x00000049       0x4a c:/nxp/mcuxpressoide_11.5.0_7232/ide/plugins/com.nxp.mcuxpresso.tools.win32_11.5.0.202107051138/tools/bin/../lib/gcc/arm-none-eabi/10.3.1/../../../../arm-none-eabi/lib/thumb/v7e-m+fp/hard\libcr_c.a(initio.o)
 .comment       0x00000049       0x4a c:/nxp/mcuxpressoide_11.5.0_7232/ide/plugins/com.nxp.mcuxpresso.tools.win32_11.5.0.202107051138/tools/bin/../lib/gcc/arm-none-eabi/10.3.1/../../../../arm-none-eabi/lib/thumb/v7e-m+fp/hard\libcr_c.a(setvbuf.o)
 .comment       0x00000049       0x4a c:/nxp/mcuxpressoide_11.5.0_7232/ide/plugins/com.nxp.mcuxpresso.tools.win32_11.5.0.202107051138/tools/bin/../lib/gcc/arm-none-eabi/10.3.1/../../../../arm-none-eabi/lib/thumb/v7e-m+fp/hard\libcr_c.a(strlen.o)
 .comment       0x00000049       0x4a c:/nxp/mcuxpressoide_11.5.0_7232/ide/plugins/com.nxp.mcuxpresso.tools.win32_11.5.0.202107051138/tools/bin/../lib/gcc/arm-none-eabi/10.3.1/../../../../arm-none-eabi/lib/thumb/v7e-m+fp/hard\libcr_c.a(_fdopen.o)
 .comment       0x00000049       0x4a c:/nxp/mcuxpressoide_11.5.0_7232/ide/plugins/com.nxp.mcuxpresso.tools.win32_11.5.0.202107051138/tools/bin/../lib/gcc/arm-none-eabi/10.3.1/../../../../arm-none-eabi/lib/thumb/v7e-m+fp/hard\libcr_c.a(errno.o)
 .comment       0x00000049       0x4a c:/nxp/mcuxpressoide_11.5.0_7232/ide/plugins/com.nxp.mcuxpresso.tools.win32_11.5.0.202107051138/tools/bin/../lib/gcc/arm-none-eabi/10.3.1/../../../../arm-none-eabi/lib/thumb/v7e-m+fp/hard\libcr_c.a(fclose.o)
 .comment       0x00000049       0x4a c:/nxp/mcuxpressoide_11.5.0_7232/ide/plugins/com.nxp.mcuxpresso.tools.win32_11.5.0.202107051138/tools/bin/../lib/gcc/arm-none-eabi/10.3.1/../../../../arm-none-eabi/lib/thumb/v7e-m+fp/hard\libcr_c.a(fflush.o)
 .comment       0x00000049       0x4a c:/nxp/mcuxpressoide_11.5.0_7232/ide/plugins/com.nxp.mcuxpresso.tools.win32_11.5.0.202107051138/tools/bin/../lib/gcc/arm-none-eabi/10.3.1/../../../../arm-none-eabi/lib/thumb/v7e-m+fp/hard\libcr_c.a(fseek.o)
 .comment       0x00000049       0x4a c:/nxp/mcuxpressoide_11.5.0_7232/ide/plugins/com.nxp.mcuxpresso.tools.win32_11.5.0.202107051138/tools/bin/../lib/gcc/arm-none-eabi/10.3.1/../../../../arm-none-eabi/lib/thumb/v7e-m+fp/hard\libcr_c.a(ftell.o)
 .comment       0x00000049       0x4a c:/nxp/mcuxpressoide_11.5.0_7232/ide/plugins/com.nxp.mcuxpresso.tools.win32_11.5.0.202107051138/tools/bin/../lib/gcc/arm-none-eabi/10.3.1/../../../../arm-none-eabi/lib/thumb/v7e-m+fp/hard\libcr_c.a(remove.o)
 .comment       0x00000049       0x4a c:/nxp/mcuxpressoide_11.5.0_7232/ide/plugins/com.nxp.mcuxpresso.tools.win32_11.5.0.202107051138/tools/bin/../lib/gcc/arm-none-eabi/10.3.1/../../../../arm-none-eabi/lib/thumb/v7e-m+fp/hard\libcr_c.a(_do_fflush.o)
 .comment       0x00000049       0x4a c:/nxp/mcuxpressoide_11.5.0_7232/ide/plugins/com.nxp.mcuxpresso.tools.win32_11.5.0.202107051138/tools/bin/../lib/gcc/arm-none-eabi/10.3.1/../../../../arm-none-eabi/lib/thumb/v7e-m+fp/hard\libcr_c.a(_fflush.o)
 .comment       0x00000049       0x4a c:/nxp/mcuxpressoide_11.5.0_7232/ide/plugins/com.nxp.mcuxpresso.tools.win32_11.5.0.202107051138/tools/bin/../lib/gcc/arm-none-eabi/10.3.1/../../../../arm-none-eabi/lib/thumb/v7e-m+fp/hard\libcr_c.a(_writebuf.o)
 .comment       0x00000049       0x4a c:/nxp/mcuxpressoide_11.5.0_7232/ide/plugins/com.nxp.mcuxpresso.tools.win32_11.5.0.202107051138/tools/bin/../lib/gcc/arm-none-eabi/10.3.1/../../../../arm-none-eabi/lib/thumb/v7e-m+fp/hard\libcr_c.a(_deferredlazyseek.o)
 .comment       0x00000049       0x4a c:/nxp/mcuxpressoide_11.5.0_7232/ide/plugins/com.nxp.mcuxpresso.tools.win32_11.5.0.202107051138/tools/bin/../lib/gcc/arm-none-eabi/10.3.1/../../../../arm-none-eabi/lib/thumb/v7e-m+fp/hard\libcr_nohost_nf.a(__ciob.o)
 .comment       0x00000049       0x4a c:/nxp/mcuxpressoide_11.5.0_7232/ide/plugins/com.nxp.mcuxpresso.tools.win32_11.5.0.202107051138/tools/bin/../lib/gcc/arm-none-eabi/10.3.1/../../../../arm-none-eabi/lib/thumb/v7e-m+fp/hard\libcr_nohost_nf.a(__sys_close.o)
 .comment       0x00000049       0x4a c:/nxp/mcuxpressoide_11.5.0_7232/ide/plugins/com.nxp.mcuxpresso.tools.win32_11.5.0.202107051138/tools/bin/../lib/gcc/arm-none-eabi/10.3.1/../../../../arm-none-eabi/lib/thumb/v7e-m+fp/hard\libcr_nohost_nf.a(__sys_flen.o)
 .comment       0x00000049       0x4a c:/nxp/mcuxpressoide_11.5.0_7232/ide/plugins/com.nxp.mcuxpresso.tools.win32_11.5.0.202107051138/tools/bin/../lib/gcc/arm-none-eabi/10.3.1/../../../../arm-none-eabi/lib/thumb/v7e-m+fp/hard\libcr_nohost_nf.a(__sys_istty.o)
 .comment       0x00000049       0x4a c:/nxp/mcuxpressoide_11.5.0_7232/ide/plugins/com.nxp.mcuxpresso.tools.win32_11.5.0.202107051138/tools/bin/../lib/gcc/arm-none-eabi/10.3.1/../../../../arm-none-eabi/lib/thumb/v7e-m+fp/hard\libcr_nohost_nf.a(__sys_remove.o)
 .comment       0x00000049       0x4a c:/nxp/mcuxpressoide_11.5.0_7232/ide/plugins/com.nxp.mcuxpresso.tools.win32_11.5.0.202107051138/tools/bin/../lib/gcc/arm-none-eabi/10.3.1/../../../../arm-none-eabi/lib/thumb/v7e-m+fp/hard\libcr_nohost_nf.a(__sys_seek.o)
 .comment       0x00000049       0x4a c:/nxp/mcuxpressoide_11.5.0_7232/ide/plugins/com.nxp.mcuxpresso.tools.win32_11.5.0.202107051138/tools/bin/../lib/gcc/arm-none-eabi/10.3.1/../../../../arm-none-eabi/lib/thumb/v7e-m+fp/hard\libcr_nohost_nf.a(__sys_tmpnam.o)
 .comment       0x00000049       0x4a c:/nxp/mcuxpressoide_11.5.0_7232/ide/plugins/com.nxp.mcuxpresso.tools.win32_11.5.0.202107051138/tools/bin/../lib/gcc/arm-none-eabi/10.3.1/../../../../arm-none-eabi/lib/thumb/v7e-m+fp/hard\libcr_nohost_nf.a(__sys_write.o)

.ARM.attributes
                0x00000000       0x32
 .ARM.attributes
                0x00000000       0x34 ./utilities/fsl_assert.o
 .ARM.attributes
                0x00000034       0x34 ./utilities/fsl_debug_console.o
 .ARM.attributes
                0x00000068       0x34 ./startup/startup_mk64f12.o
 .ARM.attributes
                0x0000009c       0x34 ./source/dspi_polling_b2b_transfer_master.o
 .ARM.attributes
                0x000000d0       0x34 ./source/semihost_hardfault.o
 .ARM.attributes
                0x00000104       0x34 ./drivers/fsl_clock.o
 .ARM.attributes
                0x00000138       0x34 ./drivers/fsl_dspi.o
 .ARM.attributes
                0x0000016c       0x34 ./drivers/fsl_gpio.o
 .ARM.attributes
                0x000001a0       0x34 ./drivers/fsl_uart.o
 .ARM.attributes
                0x000001d4       0x34 ./device/system_MK64F12.o
 .ARM.attributes
                0x00000208       0x34 ./component/uart/fsl_adapter_uart.o
 .ARM.attributes
                0x0000023c       0x34 ./board/board.o
 .ARM.attributes
                0x00000270       0x34 ./board/clock_config.o
 .ARM.attributes
                0x000002a4       0x34 ./board/pin_mux.o
 .ARM.attributes
                0x000002d8       0x34 c:/nxp/mcuxpressoide_11.5.0_7232/ide/plugins/com.nxp.mcuxpresso.tools.win32_11.5.0.202107051138/tools/bin/../lib/gcc/arm-none-eabi/10.3.1/../../../../arm-none-eabi/lib/thumb/v7e-m+fp/hard\libcr_nohost_nf.a(_cr__main.o)
 .ARM.attributes
                0x0000030c       0x34 c:/nxp/mcuxpressoide_11.5.0_7232/ide/plugins/com.nxp.mcuxpresso.tools.win32_11.5.0.202107051138/tools/bin/../lib/gcc/arm-none-eabi/10.3.1/../../../../arm-none-eabi/lib/thumb/v7e-m+fp/hard\libcr_c.a(memcpy.o)
 .ARM.attributes
                0x00000340       0x34 c:/nxp/mcuxpressoide_11.5.0_7232/ide/plugins/com.nxp.mcuxpresso.tools.win32_11.5.0.202107051138/tools/bin/../lib/gcc/arm-none-eabi/10.3.1/../../../../arm-none-eabi/lib/thumb/v7e-m+fp/hard\libcr_c.a(memset.o)
 .ARM.attributes
                0x00000374       0x34 c:/nxp/mcuxpressoide_11.5.0_7232/ide/plugins/com.nxp.mcuxpresso.tools.win32_11.5.0.202107051138/tools/bin/../lib/gcc/arm-none-eabi/10.3.1/../../../../arm-none-eabi/lib/thumb/v7e-m+fp/hard\libcr_c.a(alloc.o)
 .ARM.attributes
                0x000003a8       0x34 c:/nxp/mcuxpressoide_11.5.0_7232/ide/plugins/com.nxp.mcuxpresso.tools.win32_11.5.0.202107051138/tools/bin/../lib/gcc/arm-none-eabi/10.3.1/../../../../arm-none-eabi/lib/thumb/v7e-m+fp/hard\libcr_c.a(initio.o)
 .ARM.attributes
                0x000003dc       0x34 c:/nxp/mcuxpressoide_11.5.0_7232/ide/plugins/com.nxp.mcuxpresso.tools.win32_11.5.0.202107051138/tools/bin/../lib/gcc/arm-none-eabi/10.3.1/../../../../arm-none-eabi/lib/thumb/v7e-m+fp/hard\libcr_c.a(setvbuf.o)
 .ARM.attributes
                0x00000410       0x34 c:/nxp/mcuxpressoide_11.5.0_7232/ide/plugins/com.nxp.mcuxpresso.tools.win32_11.5.0.202107051138/tools/bin/../lib/gcc/arm-none-eabi/10.3.1/../../../../arm-none-eabi/lib/thumb/v7e-m+fp/hard\libcr_c.a(strlen.o)
 .ARM.attributes
                0x00000444       0x34 c:/nxp/mcuxpressoide_11.5.0_7232/ide/plugins/com.nxp.mcuxpresso.tools.win32_11.5.0.202107051138/tools/bin/../lib/gcc/arm-none-eabi/10.3.1/../../../../arm-none-eabi/lib/thumb/v7e-m+fp/hard\libcr_c.a(_fdopen.o)
 .ARM.attributes
                0x00000478       0x39 c:/nxp/mcuxpressoide_11.5.0_7232/ide/plugins/com.nxp.mcuxpresso.tools.win32_11.5.0.202107051138/tools/bin/../lib/gcc/arm-none-eabi/10.3.1/../../../../arm-none-eabi/lib/thumb/v7e-m+fp/hard\libcr_c.a(errno.o)
 .ARM.attributes
                0x000004b1       0x34 c:/nxp/mcuxpressoide_11.5.0_7232/ide/plugins/com.nxp.mcuxpresso.tools.win32_11.5.0.202107051138/tools/bin/../lib/gcc/arm-none-eabi/10.3.1/../../../../arm-none-eabi/lib/thumb/v7e-m+fp/hard\libcr_c.a(fclose.o)
 .ARM.attributes
                0x000004e5       0x34 c:/nxp/mcuxpressoide_11.5.0_7232/ide/plugins/com.nxp.mcuxpresso.tools.win32_11.5.0.202107051138/tools/bin/../lib/gcc/arm-none-eabi/10.3.1/../../../../arm-none-eabi/lib/thumb/v7e-m+fp/hard\libcr_c.a(fflush.o)
 .ARM.attributes
                0x00000519       0x34 c:/nxp/mcuxpressoide_11.5.0_7232/ide/plugins/com.nxp.mcuxpresso.tools.win32_11.5.0.202107051138/tools/bin/../lib/gcc/arm-none-eabi/10.3.1/../../../../arm-none-eabi/lib/thumb/v7e-m+fp/hard\libcr_c.a(fseek.o)
 .ARM.attributes
                0x0000054d       0x34 c:/nxp/mcuxpressoide_11.5.0_7232/ide/plugins/com.nxp.mcuxpresso.tools.win32_11.5.0.202107051138/tools/bin/../lib/gcc/arm-none-eabi/10.3.1/../../../../arm-none-eabi/lib/thumb/v7e-m+fp/hard\libcr_c.a(ftell.o)
 .ARM.attributes
                0x00000581       0x34 c:/nxp/mcuxpressoide_11.5.0_7232/ide/plugins/com.nxp.mcuxpresso.tools.win32_11.5.0.202107051138/tools/bin/../lib/gcc/arm-none-eabi/10.3.1/../../../../arm-none-eabi/lib/thumb/v7e-m+fp/hard\libcr_c.a(remove.o)
 .ARM.attributes
                0x000005b5       0x34 c:/nxp/mcuxpressoide_11.5.0_7232/ide/plugins/com.nxp.mcuxpresso.tools.win32_11.5.0.202107051138/tools/bin/../lib/gcc/arm-none-eabi/10.3.1/../../../../arm-none-eabi/lib/thumb/v7e-m+fp/hard\libcr_c.a(_do_fflush.o)
 .ARM.attributes
                0x000005e9       0x34 c:/nxp/mcuxpressoide_11.5.0_7232/ide/plugins/com.nxp.mcuxpresso.tools.win32_11.5.0.202107051138/tools/bin/../lib/gcc/arm-none-eabi/10.3.1/../../../../arm-none-eabi/lib/thumb/v7e-m+fp/hard\libcr_c.a(_fflush.o)
 .ARM.attributes
                0x0000061d       0x34 c:/nxp/mcuxpressoide_11.5.0_7232/ide/plugins/com.nxp.mcuxpresso.tools.win32_11.5.0.202107051138/tools/bin/../lib/gcc/arm-none-eabi/10.3.1/../../../../arm-none-eabi/lib/thumb/v7e-m+fp/hard\libcr_c.a(_writebuf.o)
 .ARM.attributes
                0x00000651       0x34 c:/nxp/mcuxpressoide_11.5.0_7232/ide/plugins/com.nxp.mcuxpresso.tools.win32_11.5.0.202107051138/tools/bin/../lib/gcc/arm-none-eabi/10.3.1/../../../../arm-none-eabi/lib/thumb/v7e-m+fp/hard\libcr_c.a(_deferredlazyseek.o)
 .ARM.attributes
                0x00000685       0x20 c:/nxp/mcuxpressoide_11.5.0_7232/ide/plugins/com.nxp.mcuxpresso.tools.win32_11.5.0.202107051138/tools/bin/../lib/gcc/arm-none-eabi/10.3.1/thumb/v7e-m+fp/hard\libcr_eabihelpers.a(memcpy.o)
 .ARM.attributes
                0x000006a5       0x39 c:/nxp/mcuxpressoide_11.5.0_7232/ide/plugins/com.nxp.mcuxpresso.tools.win32_11.5.0.202107051138/tools/bin/../lib/gcc/arm-none-eabi/10.3.1/../../../../arm-none-eabi/lib/thumb/v7e-m+fp/hard\libcr_nohost_nf.a(__ciob.o)
 .ARM.attributes
                0x000006de       0x34 c:/nxp/mcuxpressoide_11.5.0_7232/ide/plugins/com.nxp.mcuxpresso.tools.win32_11.5.0.202107051138/tools/bin/../lib/gcc/arm-none-eabi/10.3.1/../../../../arm-none-eabi/lib/thumb/v7e-m+fp/hard\libcr_nohost_nf.a(__sys_close.o)
 .ARM.attributes
                0x00000712       0x34 c:/nxp/mcuxpressoide_11.5.0_7232/ide/plugins/com.nxp.mcuxpresso.tools.win32_11.5.0.202107051138/tools/bin/../lib/gcc/arm-none-eabi/10.3.1/../../../../arm-none-eabi/lib/thumb/v7e-m+fp/hard\libcr_nohost_nf.a(__sys_flen.o)
 .ARM.attributes
                0x00000746       0x34 c:/nxp/mcuxpressoide_11.5.0_7232/ide/plugins/com.nxp.mcuxpresso.tools.win32_11.5.0.202107051138/tools/bin/../lib/gcc/arm-none-eabi/10.3.1/../../../../arm-none-eabi/lib/thumb/v7e-m+fp/hard\libcr_nohost_nf.a(__sys_istty.o)
 .ARM.attributes
                0x0000077a       0x34 c:/nxp/mcuxpressoide_11.5.0_7232/ide/plugins/com.nxp.mcuxpresso.tools.win32_11.5.0.202107051138/tools/bin/../lib/gcc/arm-none-eabi/10.3.1/../../../../arm-none-eabi/lib/thumb/v7e-m+fp/hard\libcr_nohost_nf.a(__sys_remove.o)
 .ARM.attributes
                0x000007ae       0x34 c:/nxp/mcuxpressoide_11.5.0_7232/ide/plugins/com.nxp.mcuxpresso.tools.win32_11.5.0.202107051138/tools/bin/../lib/gcc/arm-none-eabi/10.3.1/../../../../arm-none-eabi/lib/thumb/v7e-m+fp/hard\libcr_nohost_nf.a(__sys_seek.o)
 .ARM.attributes
                0x000007e2       0x34 c:/nxp/mcuxpressoide_11.5.0_7232/ide/plugins/com.nxp.mcuxpresso.tools.win32_11.5.0.202107051138/tools/bin/../lib/gcc/arm-none-eabi/10.3.1/../../../../arm-none-eabi/lib/thumb/v7e-m+fp/hard\libcr_nohost_nf.a(__sys_tmpnam.o)
 .ARM.attributes
                0x00000816       0x34 c:/nxp/mcuxpressoide_11.5.0_7232/ide/plugins/com.nxp.mcuxpresso.tools.win32_11.5.0.202107051138/tools/bin/../lib/gcc/arm-none-eabi/10.3.1/../../../../arm-none-eabi/lib/thumb/v7e-m+fp/hard\libcr_nohost_nf.a(__sys_write.o)

.debug_frame    0x00000000     0x2ab0
 .debug_frame   0x00000000       0x30 ./utilities/fsl_assert.o
 .debug_frame   0x00000030      0x1f8 ./utilities/fsl_debug_console.o
 .debug_frame   0x00000228      0x8fc ./startup/startup_mk64f12.o
 .debug_frame   0x00000b24      0x318 ./source/dspi_polling_b2b_transfer_master.o
 .debug_frame   0x00000e3c       0x20 ./source/semihost_hardfault.o
 .debug_frame   0x00000e5c      0x890 ./drivers/fsl_clock.o
 .debug_frame   0x000016ec      0x834 ./drivers/fsl_dspi.o
 .debug_frame   0x00001f20       0xc8 ./drivers/fsl_gpio.o
 .debug_frame   0x00001fe8      0x74c ./drivers/fsl_uart.o
 .debug_frame   0x00002734       0x74 ./device/system_MK64F12.o
 .debug_frame   0x000027a8      0x110 ./component/uart/fsl_adapter_uart.o
 .debug_frame   0x000028b8       0x34 ./board/board.o
 .debug_frame   0x000028ec      0x124 ./board/clock_config.o
 .debug_frame   0x00002a10       0xa0 ./board/pin_mux.o

Cross Reference Table

Symbol                                            File
ADC0_DriverIRQHandler                             ./startup/startup_mk64f12.o
ADC0_IRQHandler                                   ./startup/startup_mk64f12.o
ADC1_DriverIRQHandler                             ./startup/startup_mk64f12.o
ADC1_IRQHandler                                   ./startup/startup_mk64f12.o
BOARD_BootClockRUN                                ./board/clock_config.o
BOARD_BootClockVLPR                               ./board/clock_config.o
BOARD_InitBootClocks                              ./board/clock_config.o
                                                  ./source/dspi_polling_b2b_transfer_master.o
BOARD_InitBootPins                                ./board/pin_mux.o
                                                  ./source/dspi_polling_b2b_transfer_master.o
BOARD_InitDebugConsole                            ./board/board.o
                                                  ./source/dspi_polling_b2b_transfer_master.o
BOARD_InitPins                                    ./board/pin_mux.o
BusFault_Handler                                  ./startup/startup_mk64f12.o
CAN0_Bus_Off_IRQHandler                           ./startup/startup_mk64f12.o
CAN0_DriverIRQHandler                             ./startup/startup_mk64f12.o
CAN0_Error_IRQHandler                             ./startup/startup_mk64f12.o
CAN0_ORed_Message_buffer_IRQHandler               ./startup/startup_mk64f12.o
CAN0_Rx_Warning_IRQHandler                        ./startup/startup_mk64f12.o
CAN0_Tx_Warning_IRQHandler                        ./startup/startup_mk64f12.o
CAN0_Wake_Up_IRQHandler                           ./startup/startup_mk64f12.o
CLOCK_BootToBlpeMode                              ./drivers/fsl_clock.o
CLOCK_BootToBlpiMode                              ./drivers/fsl_clock.o
                                                  ./board/clock_config.o
CLOCK_BootToFeeMode                               ./drivers/fsl_clock.o
CLOCK_BootToFeiMode                               ./drivers/fsl_clock.o
CLOCK_BootToPeeMode                               ./drivers/fsl_clock.o
                                                  ./board/clock_config.o
CLOCK_CalcPllDiv                                  ./drivers/fsl_clock.o
CLOCK_ClearStatusFlags                            ./drivers/fsl_clock.o
CLOCK_DeinitOsc0                                  ./drivers/fsl_clock.o
CLOCK_EnablePll0                                  ./drivers/fsl_clock.o
CLOCK_EnableUsbfs0Clock                           ./drivers/fsl_clock.o
CLOCK_ExternalModeToFbeModeQuick                  ./drivers/fsl_clock.o
CLOCK_GetBusClkFreq                               ./drivers/fsl_clock.o