C:\Users\santi09\Documents\MCUXpressoIDE_11.5.0_7232\Arigato_Crypto_Roboto\eink_firmware\experiments\frdmk64f_dspi_polling_b2b_transfer_master\CMSIS/core_cm4.h:1809:22:__NVIC_SetPriority	16	static
C:\Users\santi09\Documents\MCUXpressoIDE_11.5.0_7232\Arigato_Crypto_Roboto\eink_firmware\experiments\frdmk64f_dspi_polling_b2b_transfer_master\CMSIS/core_cm4.h:2017:26:SysTick_Config	16	static
C:\Users\santi09\Documents\MCUXpressoIDE_11.5.0_7232\Arigato_Crypto_Roboto\eink_firmware\experiments\frdmk64f_dspi_polling_b2b_transfer_master\drivers/fsl_gpio.h:162:20:GPIO_PinWrite	24	static
C:\Users\santi09\Documents\MCUXpressoIDE_11.5.0_7232\Arigato_Crypto_Roboto\eink_firmware\experiments\frdmk64f_dspi_polling_b2b_transfer_master\drivers/fsl_gpio.h:244:24:GPIO_PinRead	16	static
../source/dspi_polling_b2b_transfer_master.c:590:6:SysTick_Handler	4	static
../source/dspi_polling_b2b_transfer_master.c:598:5:main	72	static
../source/dspi_polling_b2b_transfer_master.c:738:6:EINK_GPIO_PINS	8	static
../source/dspi_polling_b2b_transfer_master.c:760:13:EINK_SendCommand	32	static
../source/dspi_polling_b2b_transfer_master.c:777:13:EINK_SendData	32	static
../source/dspi_polling_b2b_transfer_master.c:799:13:EINK_SetWindows	24	static
../source/dspi_polling_b2b_transfer_master.c:815:13:EINK_SetCursor	16	static
../source/dspi_polling_b2b_transfer_master.c:829:6:EINK_ReadBusy	8	static
../source/dspi_polling_b2b_transfer_master.c:844:13:EINK_LUT	24	static
../source/dspi_polling_b2b_transfer_master.c:853:13:EINK_LUT_by_host	16	static
../source/dspi_polling_b2b_transfer_master.c:873:13:EINK_Reset	8	static
../source/dspi_polling_b2b_transfer_master.c:895:6:EINK_Init	8	static
../source/dspi_polling_b2b_transfer_master.c:937:6:EINK_Clear	16	static
../source/dspi_polling_b2b_transfer_master.c:952:6:EINK_Display	24	static
../source/dspi_polling_b2b_transfer_master.c:967:13:EINK_TurnOnDisplay	8	static
../source/dspi_polling_b2b_transfer_master.c:975:13:EINK_TurnOnDisplay_Partial	8	static
../source/dspi_polling_b2b_transfer_master.c:983:6:Delay_Config	8	static
../source/dspi_polling_b2b_transfer_master.c:993:6:delay_ms	16	static
../source/dspi_polling_b2b_transfer_master.c:1001:6:EINK_test	8	static
